SOLEXA7_00060:6:1:44:751#0/1	-	chr7	99771196	GCCCCCCGAAGGAGCTTGCCTCGGCTTCAAGGCGCCCCTAATGGGCACCG	BBBB\Z`Z^[JTUP_a\^UX`_X\WZ`_`\_``a^E[][aaaaaaaa__^	3	14:A>C,47:A>C
SOLEXA7_00060:6:1:44:932#0/1	+	chr1	142121822	CGCTGAAGTGTGGGCGTGTTTGGAGAGTAGCTGGGACAGACAGGCGAGTC	a``a^ZZ``aSa`Waa][][a`ZX`\RV[X`X`BBBBBBBBBBBBBBBBB	2	47:C>G
SOLEXA7_00060:6:1:45:294#0/1	+	chr2	112966548	CGGGTGGATCACGAGGTCAGGAGATCGAGACTATCCTGGCTAACACGGTG	a`X_OIO_TT``Z\W\^^OW^WZY[aZX^U\TPZEYWU[ZWRWIWNRQRO	9	
SOLEXA7_00060:6:1:45:1501#0/1	+	chr5	79981603	CGAGCAGGTCAATTTCACTGGTTAAAAGTAAGAGACAGCTGAACCCTCGT	a^NX_aY^Xa`[[^]`Z`^]_X^`Y^^]X]]]^WX^^]]VWZ^]_[QWRB	2	2:G>A,23:G>A
SOLEXA7_00060:6:1:45:1624#0/1	-	chr4	9405978	GCTTCAGCCTTCCAAAGTGCTGGGATTACAGGCATGAGCCACTGTGCCCG	OQQPPPSSQQQNTUVUPPLPQYVSKaYSS][[NJ^^Va_HP\[YZYHO`a	9	
SOLEXA7_00060:6:1:45:922#0/1	+	chr11	77275217	CGGGAGTAACTATGACTCTCTTAAGGTAGCCAAATGCCTCGTCATCTAAT	aa][\ZY\aa_^_\``^a^a`_aZ]]T\]^_ZGWRZ\^U[NV]ZX]UWSX	2	39:T>C
SOLEXA7_00060:6:1:46:948#0/1	+	chrX	130117228	CGGTTTTGAGTGAGATTCTTAATCCTGAGTTCTAGTTTGATTGCACTGTG	aababbbbababbbbbbbbbbabbbbb```abbaYabba`aaa`a_aaaa	9	
SOLEXA7_00060:6:1:46:396#0/1	+	chr7	138835627	CGGGCGCAGTGGCTCACGCCTGTAATCCCAGCACTTTGGGAGGCCGAGGT	aa`[``a]]X\]`Y_V\K[]TRMTXPXYYKMULZSQPPPRKRTUPXBBBB	9	
SOLEXA7_00060:6:1:47:1134#0/1	+	chr18	97920	CGCATTGTGACAGATCTCTGCACTGATCACTCAGGTGATGTAACTATTGC	aabbaaaaaabbaaaaaaa`aaaaaaaa```ba]Y]aa]\XW_Z_]\\X^	1	0:G>C,49:T>C
SOLEXA7_00060:6:1:47:422#0/1	+	chr9	114523930	CGGGCACGGTGACTCACACCTGTAATCCCAGAATTTTGGGAGGCTGAGGC	abaZ`^a`ZLNW\aba```aZ[_X`[a``\VT[VV`VQQLHLX^RQEOT_	4	31:C>A,33:C>T
SOLEXA7_00060:6:1:48:1460#0/1	-	chr6	12622336	TACAAGTACATCCAGGAGCTATGGAGAAAGAAGCAGTCTGATGTCATGCG	YWW[WUVTTWZ[YY`]]_]][^_^_a__^_```_____aa`aa_a`aaaa	2	
SOLEXA7_00060:6:1:48:1530#0/1	+	chr1	143332852	CGGCCCTTTGTCCAGCGAGAAGGCAGAGATGAACATTCTAGAAATGAATG	aaa`SQTXMOW^^U]U^\Y[GV\[^XLU[UUQZ^SXWVWVZNTVTTUTTT	9	45:C>G
SOLEXA7_00060:6:1:49:1069#0/1	+	chr19	48555107	CAGAGGTGGTGACATGGGGTTGGGTTTTGAAGGTTTTCTGCAGCTCAAGC	aaaa_aXaaUT\W_]VY]`S^Q]XU__aXY]\XWRa^YRR\\[]S\Y\S[	1	13:G>A,32:A>G
SOLEXA7_00060:6:1:50:1086#0/1	-	chr1	16733852	GACCTCACCCGCCGCTTACCCCCCTAACAAATTCGCGGGCATCGCCTCCG	BBBBBBBBBBBBY\aX[Q^\X^UQ\\X```\]]``_`aa\`a_`[YX_^a	1	
SOLEXA7_00060:6:1:49:981#0/1	-	chr9	46962248	GAAGTGGATGTGGGTGTCCAGGCGAGTCTCAAATCCCAATGGCTGACCCG	^YZ^Z\a\Y]`aa][Va[UYab^b`aaa`Z``aa`a``abababb^abba	2	
SOLEXA7_00060:6:1:50:975#0/1	+	chr8	12317352	CGGAGGTTGGAGATTCTCCAGGGCCCCCAGCTCACCCCCCTGGATGGCGC	aaa`]\S\T]\X\Y^`\`_VKOP]^a`YOKVJBBBBBBBBBBBBBBBBBB	1	36:T>C
SOLEXA7_00060:6:1:50:953#0/1	+	chr10	27944701	CGGGCGCAGTGGCTCACGCCTGTAATCCCAGCACTTTGGGAGGCTGAGGC	aaa``aa``\^]a`a```aa`]X`a`_aa\Q_`YP_^XXVYRW^\XUUX\	9	
SOLEXA7_00060:6:1:50:895#0/1	-	chr14	53526627	ACCTGCCTCGGCCTCCCAAAGTGCGGGGATTACAGGCGTGAGCCACCGCG	BBBBBBBBBBXPV\_KP]YVQ`]X_`[`\^a\^^aa^aaa^aa^\]`aaa	9	
SOLEXA7_00060:6:1:50:994#0/1	+	chr3	197699523	CGGATCACAAGGTCAGGAGATCGAAACCAACCTGGTGAACACTGTGAAAC	aa^aabaaa`^`^aaa`]]aaaaabaabaa``_[N[]Uaa_``\]XY`aa	1	24:G>A,29:T>A
SOLEXA7_00060:6:1:51:1266#0/1	+	chrX	118522931	AGCACTTTGGGAGGCTGAGGCTGGCAGATCACTTGAGGCCAGGAGTTAAA	a^`a^\^_^^]`^\`\__UU[\YU^^U[UUU[UTNTUS_U[QTQTLSNUR	9	47:C>A
SOLEXA7_00060:6:1:51:1410#0/1	+	chrX	63518525	CGGCATTAGTTCTGAGGGCTCTGTTCTGTTCCATTGGTCTATATCTCCGT	aa`a`a`aa^aa`^^^^`a_a__W`a``^^_`^^^aWW]^___^^[\Z\[	1	47:T>C
SOLEXA7_00060:6:1:51:1446#0/1	+	chrX	58592201	CGGTCCAAATCTCCACTTGCAGATTCTACAAAAAGAGTGTTTGCAAACTG	a`\^aaaabaaab`baaa``aa`_`a`aa``a``^X_Ya^__V\^^\`^]	9	
SOLEXA7_00060:6:1:51:1200#0/1	-	chr4	49029134	TCTCCCCTTTCCCTCATGGGCCTTCTGTCTGTCTTGGGGTACCCCTAGCG	BBBBBBBBBBBBBBBBBBBBBBUURXZVPT]YVU\X[aZ\FXQGV]F_`a	2	45:A>C
SOLEXA7_00060:6:1:52:966#0/1	-	chr17	31815081	GTGTCCCAAGGCTTTGTTGCGTGTTCTCTTTAATTTCTCCCACTCTTGCG	[U^YMHTGV\R]]XTQPPYLV`ZPSV^``[aXaZ]Z\^[\ZG[^]_Z]`a	3	
SOLEXA7_00060:6:1:52:657#0/1	-	chr5	21518871	GAGGGGCTGCTGCGGCAGCTGCAGGGGCCGACCTTGTTCTTCTCATGCCG	WDY[QY\_WFW_W\OY`[GHSDQ___]HYQE]__^`^_`_`_a`__Raaa	1	
SOLEXA7_00060:6:1:53:1381#0/1	+	chr9	15385049	CGCCTGTAGTCCCAGCTACTCGGGAGGCTGAGGCAGGAGAATGGCGTGAA	a````^\`]\```^`]Z`a\]\\\XX]\ZZTZZ\R]WOWSOPRRURRPPP	9	
SOLEXA7_00060:6:1:53:379#0/1	+	chr17	22291087	TGGAATGGAGTGGACTGGAGTGGAATGGAATGGAATGGAATGGAATGGAG	aba[`aaa[`Wa]X^__`]`Y`^YSZ]YRV[_[NQ^ZWMNQWWQPNSBBB	1	19:A>G,34:G>A
SOLEXA7_00060:6:1:54:1800#0/1	+	chr20	30730214	CGGATCCCCTGAGGTCAGGGGTTCGAGACCAGCCTGGCCAACGTGCTGAA	a_QXBBBBBBBBBBBBBBBBBBBBBBBBBBBBBBBBBBBBBBBBBBBBBB	1	42:A>G,45:G>C
SOLEXA7_00060:6:1:54:143#0/1	+	chr4	48976693	CGCTGAAATCTGGGCGTGGTGGGAGAGTCGCTGGGACAGACAGGGGAGTC	aaaaaa_[_a``_I\_K_aK\X]][KSWBBBBBBBBBBBBBBBBBBBBBB	1	28:A>C,44:A>G
SOLEXA7_00060:6:1:54:419#0/1	-	chr14	21138183	GCCTCAGCCCCCCGAGTAGCTGGGATTACAGGGATGCGCCACGACGCCCG	BBBBBBBBBBBBBBBBBBBBBBBBBBBBBBBBBBBBBBBBBBBBBBBBBa	1	17:C>G,40:T>C
SOLEXA7_00060:6:1:54:1524#0/1	-	chr1	159705943	GGGCGCTACCTTGGCGCCTGTCCCCTGCTTCGCTTTAAAACAAACACCCG	]^[YSP[MQP[T[`^[LRVY`V]S`_`aaY_a_H_]a``Y_a__aU^]aa	1	
SOLEXA7_00060:6:1:54:1593#0/1	-	chr1	2623975	CCGCCGACAGCCTGGAGCAGCACCCACACCCCCAGGTGAGCATCTGACCG	BBBBBBBBBBBBBBBBBBBBBBBBBBBBBBBBB]\ZZ`XXPXaVX\Xaaa	2	47:T>G,48:A>C
SOLEXA7_00060:6:1:54:1291#0/1	-	chr1	16228805	CCCACAGTTCTGGATGCTGATTCTGGCCACCACCATCCCCATGCCTGCCG	BBBBBBBBBBBBBBBBBBBBBBBBBBBBBBBBBBTVX\]RYG]\V_a`aa	1	46:G>A,47:T>C
SOLEXA7_00060:6:1:56:848#0/1	+	chr5	119139877	CGGGCACGGTGGCTCACGCTTGTAATCCCAGCACTTTGGGAGGCTGAGGC	a``````aa[`a`^\U_^]__aVX___`_YS]V_]_YM]TOXVUMTMYYB	9	
SOLEXA7_00060:6:1:56:1393#0/1	+	chr16	29524084	CGCGGGCACACAGTACCAATCTGCGTGCATACACATGCCCTGTCCCTGCA	a`a\X\a`]\`[XW^^^``]`V\\\R\\YWVV`]VUPX\VVZR]\XBBBB	1	
SOLEXA7_00060:6:1:56:637#0/1	-	chr19	23254517	ACCTCGGCCTCCCAAAGTGCTGGGATTACAGGTGTGAGCCATGGCACCCG	O\]R]]aR\RUXOY`X^\\V\_````[^[a`aaa\a]aX\``aaaX[``a	9	
SOLEXA7_00060:6:1:56:1040#0/1	+	chr7	101995718	CGGGTCTTTTAGGAGTTGTCTGAGGTCCAGGGACAGACAGTGTTAGGGTC	a`]`^abaa__`aTSR_Xb`a]aZ_`bbZ[Saaaa_ab_ZJZKO^Z^[D[	1	43:G>T
SOLEXA7_00060:6:1:57:1841#0/1	-	chr10	41676801	GTTAATTCCATTCCATTCCATTCCATTGCATTCCATTCCATTCCATTCCG	BBBBBBBBBBBBBBBBBBBBBBBBBBBBBBBBBBBBO][WRWaY\\Taba	1	0:T>G,46:G>A
SOLEXA7_00060:6:1:57:626#0/1	+	chr9	26705881	CGCAGTGTTTGTGTCCCTGGGTACTTGAGATTAGGGAGTGGTGATGACTC	abbbbababbaa\`bbaa__`\bbaba_a`aa`a]\XZJU\QXYQWHXYT	9	
SOLEXA7_00060:6:1:57:1420#0/1	+	chr5	17578605	CGGAGGAGGCTCAGAGGATGACAACCCTGCTGTCTGCCATGTCTGAGGAG	a`a`^^[^^a^`^^]]\]X\\]^``a^RXXRRR]R\XXBBBBBBBBBBBB	9	
SOLEXA7_00060:6:1:58:902#0/1	-	chr3	97819906	GGGTTTTAGTTAAATGTCCTTTGAAGTATACTTNAGGAGGGTGACGGGCG	Ya`a[^`aaaaa`a_a_^\aaaaaabaab_a`ZD[baabbbbbaaabaaa	2	16:G>N,34:A>G
SOLEXA7_00060:6:1:59:972#0/1	-	chr5	745936	AGTGGCTTCATTCCAGCCCTCCACGCCCTAATTTCCCACGCCTCACACCG	Q]V]`T]]ZZ`_V_`\\XU]V]\\a\\\`^``aa[`^\``\`^\]`\``a	1	45:A>G
SOLEXA7_00060:6:1:59:1588#0/1	-	chr12	46535452	CCAGCTACTTGAGAGGTTGAGGCAGGAGAATCGCTTGAACCTAGGAGGCG	QTQSUUVTSSUV^V[UZSTTS[KT[[V[TTU[^[^_ZVV```^``^]`aa	9	38:G>A
SOLEXA7_00060:6:1:59:459#0/1	-	chr17	65944138	TGATGGGCATTTTGGTTGGTTCCAAGTCTTTGCTGTTGTGAACAGTGCCG	Q\Z^_``^_^YL[_`[__]SX`___`V_```aa^aaaaaaa_aaaaa`aa	7	37:G>T
SOLEXA7_00060:6:1:59:1134#0/1	-	chr1	142124757	GCGGACTCTGGGTGGACTTGGAGCTCACAGCGTCTTGCGACTTGGAAGCG	BBBBBBBBBBBBBBBBBBB\[T\UTZJPQ]E]_``X_V_U\``_`X^^V^	1	39:C>G
SOLEXA7_00060:6:1:60:528#0/1	-	chr9	114885405	GACGAGACACTCGACCCTCACTCACCTCGTCCTCTCTCAGAGCCCTCCCG	QNVY\]Q][a]a\QZP_\_\```\a]V__a```aaa^`aaaa`a`aa``a	4	
SOLEXA7_00060:6:1:61:1221#0/1	-	chr2	91537482	TCCTGCATTGCCCTGCCCTCCTCTGGCCTGGTGCTGCCATGGCCCTGCTT	BBBBBBBBBBBBBXXF]XZPPMFXXEUZ_Z```PVFXZ]^`a^UX_a`V^	1	24:C>G
SOLEXA7_00060:6:1:61:873#0/1	+	chr1	142116634	CGCAGAGAGGCAGAAGGCCCATGAGGGGAAGGTGAGACACCTGGGGCAAA	aaa`]a`a`^aa_aa^`aaa``_\^YX\X_XYXXV```]]SVNVXSVO[B	3	
SOLEXA7_00060:6:1:61:1031#0/1	+	chr9	41191810	CGGATCACGAGGACAGGAGATAGAAACCATCCTGGCTAAAACGGTGAAAC	aaXaYa_^XSPS]]V]U]\^Q\R__\X]]R[`_XL]ZYRHR\ZMHNSNVV	8	12:T>A,39:C>A
SOLEXA7_00060:6:1:61:782#0/1	+	chr1	52836653	CGGTTGCGGTGGCTCACGTCTGTAATCCCAGCACTTTGGGAGGCCGAGGC	a``aaa``a[X__aa_]V]___Q[_\\_`\UJKVR\_O\VJS\[VBBBBB	2	33:G>C
SOLEXA7_00060:6:1:61:1165#0/1	-	chr4	48841509	TTCCATTGCAGTCGAGTTGATTCCATTCCATTCCATTCCATTCCGTTCCG	TTYZZT[^^[ZU\\_^a``_^]_aaa``aa`_aaa^_aaaa`aaaa``aa	1	39:C>G,42:C>G
SOLEXA7_00060:6:1:62:1134#0/1	-	chr3	31828560	TAGCCCAGGGTGGAGTGCAGTGTCGCGATCTCGGCTCACTGCAACCTCCG	BBBBBBBBBBBBBBBB\UNYTaYJ]V]U`\[\_XXZR\\``Q`T^^][\`	3	40:C>G,48:T>A
SOLEXA7_00060:6:1:62:442#0/1	+	chr7	157913350	CGGGAAAGACGCGGGGTCCGAGACCAGCCTAGCTGAGGCCTGCGCACCGC	_aa__``OM[Za\UZ\Xa``_KZ\^JT[]\UEXXFDGS\\ORY^[\^\\M	7	
SOLEXA7_00060:6:1:62:1827#0/1	-	chrX	58592326	TCGTTTTTAGGAGAAGATATTTCCTTTTCCAACACAGTCCTCCAAGCCCG	QUWWTLENYYYYYYYVYYWWWUWYTLSWV]YY]Y^]WU\_Y`a``_aaaa	9	
SOLEXA7_00060:6:1:62:899#0/1	+	chr1	142122558	CGCAGGAACCTGGGGATGGCTGGAGAGTAACTGGGAGCCACAGGAGAGTC	a\TURRZ`a]\XYTVS\]XBBBBBBBBBBBBBBBBBBBBBBBBBBBBBBB	5	
SOLEXA7_00060:6:1:63:1171#0/1	+	chr18	15208303	CGGCATTATTTCTGCGGCCTCTGTTCTGTTCCATTGATCTATATCTCTGT	a`\aRRMH]UO`a]\UGIX_YTSYQ^]YFVU`][[BBBBBBBBBBBBBBB	9	14:A>C
SOLEXA7_00060:6:1:63:1370#0/1	+	chr7	99071380	CGGATCACGAGGTCAGGAGATCGAGACCATCCTGGATAACATGGTGAAAC	a`^a__aaa___V``[W[]`\]T\Z_^[ZWZZUUUUVVZUUWVSTTWZRS	9	
SOLEXA7_00060:6:1:63:749#0/1	+	chr8	97619522	CGCCCGGCTAATTTTTTATTTTTAGTAGAGACGGGGTTTCACCATGTTGA	aaaaaa`a_ZV_aaaaa^aaaaa``\a`_Q\a]ZT\U^_]X[]]^]VZU[	9	49:G>A
SOLEXA7_00060:6:1:63:60#0/1	+	chr9	66253123	CGGACCAAACCAATGATGATCTCAAGGTGCACTCCCTGATGACCTCCACC	aaaaab_aZaa\aaa__\_^`_a[^YTQ^aa_\`\a^\\\Z[[^^_\__^	2	13:C>T
SOLEXA7_00060:6:1:64:461#0/1	-	chrY	57378063	GTGGACTTCATTCGTTGCCCTCCACTTTCATTTCTTCATTATTCTCACCA	ZWX^XWV\^\XP[SSO[]^YU\^Xa^_____a]`^_aa``aa`a^aW^`a	2	1:T>C,36:T>G
SOLEXA7_00060:6:1:64:988#0/1	+	chr1	105938788	CGGGCATGGTGGCTTATGCCTGTAATCCCAGCNCTTTGGGAGGCCGGGGC	aa_Z_`a^aX``aaa```aa``[aaaaaa]UYDY\`_[YU\X\a_YXZ]]	9	32:A>N,46:A>G
SOLEXA7_00060:6:1:65:1489#0/1	+	chr16	10986432	CGCCTGCAGTCTCAGCTACTCGGGAGGATGAGGCAGGAGAATGGCGTGAA	aa``[]RYSLSYT^\BBBBBBBBBBBBBBBBBBBBBBBBBBBBBBBBBBB	9	27:C>A
SOLEXA7_00060:6:1:65:1647#0/1	+	chr8	11915274	CGGGCACCTGTAATTCCAGATACTCAGAAGGCTGAGGGGGGAGAATTGCT	a`RDXS`\LSDQZV]XWTG[NOUBBBBBBBBBBBBBBBBBBBBBBBBBBB	5	37:T>G
SOLEXA7_00060:6:1:65:1130#0/1	-	chr1	148091176	ATCCACGCCAAGCGCGTGACCATTATGCCCAAGGACATCCAGCTGGCCCG	VXWUPP\WVV\]X][UYaQMJ\`^``]XV\``aa^a]``\`````aUX`a	1	
SOLEXA7_00060:6:1:65:1311#0/1	-	chr7	61606150	GCATTCAACTCACAGAGTGGAACGTCCCTTTAGACAGAGCAGATTTGAAA	^]Z[]XWSY\^^`^a^^`_`^_`a_XV\_X``a]`aa``]`baaa`baba	6	
SOLEXA7_00060:6:1:65:1478#0/1	-	chr9	38918816	GAGAAACTCCGTCTCTACTAAAAATACAAAATTAGCCGGGAGTGGTGGCG	BBBBBBBBBBBBBBBBBBBBBBBBBB[VPLRLLRVYW\VWN]UV`_`aaa	9	39:T>G
SOLEXA7_00060:6:1:65:981#0/1	+	chrY	681375	CGGGGATGNAATGTTAGTGTAAACACTGAGGGATGATGGGAGTATGGGCA	a`UMO]SLD\Z^OWaa^OLT`O^[[a^BBBBBBBBBBBBBBBBBBBBBBB	1	8:G>N
SOLEXA7_00060:6:1:65:1348#0/1	+	chr11	26865298	CGCATCGCCAAGTCAATCCTAAGCCAAAAGAACAAAGCTGGAGGCATCAC	aaa`^b\abbaa_aa`]aaa`aaaaaaaaY^aa_VV^`\\ZW\\_]V^^\	9	
SOLEXA7_00060:6:1:66:1517#0/1	+	chr3	182108099	CGCATGCCTGTAATCCCAGCTACTCGGGAGGCTGAGGCAGGAGAATCGCT	aaaa_a`a`a^a\[a`_^^_[^`W^[^U^UU[[[T_SZ^UUUQNWQQPQQ	9	
SOLEXA7_00060:6:1:66:997#0/1	-	chr22	18758828	TGCCACCCGTTCCTCCAGAAGCCCGGTAAACCCCGCCCTTACAAGCCCCG	BBBBBBBVPUPZZU[MUZ\\]XUS__[]^WXY^]`^Z\_\X_``a]T\aa	1	43:T>C,47:A>C
SOLEXA7_00060:6:1:66:986#0/1	+	chr15	74517399	CGGGCACAGTGGCTCACGCCTGTAATCCCAGCACTTTGGGAGGCCGAGGT	a`_V_a```X[^a``\]\_`_XY`a\\aaVPX\VQ\[KQQPPVUYBBBBB	9	
SOLEXA7_00060:6:1:67:744#0/1	-	chr10	41685946	ATCGAGTTGATTCCATTCCATTCCATTCCATTCCATTCCATTCCATTCCG	_\`\_a`aa^`a_ab_aaaa`aaaba`abbaaabaa`abbaab`baabba	1	0:C>G,49:C>A
SOLEXA7_00060:6:1:67:735#0/1	-	chr9	127345403	TCACCGAGGCTGGAGTGCAGTGGTGCAATCTCGGCTCACTGCAAGATCCG	TQMXX_]`_R\`a`a`_\]``aaaa`a`^a_X_a`a`a_`a`aaaaa_`a	3	44:C>G
SOLEXA7_00060:6:1:68:1091#0/1	+	chr10	103808419	CGGATCACGAGGCCAGGAGATCGAGACCATCCCGGCTAAAACGGTGAAAC	a^[^E^R[_UYOFVHJROEW`aZYBBBBBBBBBBBBBBBBBBBBBBBBBB	9	32:T>C
SOLEXA7_00060:6:1:68:1334#0/1	+	chr1	146608016	CGCGGGGCAAGTGACCGTGCGTGTAAAGGGTGAAGCGTGTGAGGCTGTGG	a`a^\^`aa`a^`````\^``\^Y``]\^YT\]UPY^S\RRRZQBBBBBB	5	
SOLEXA7_00060:6:1:68:1085#0/1	-	chr5	175327391	CTACTCCCTCCTCAGCTCCACACTCCCCCTTTCCCCTTCCCTCAAACCCA	BVSQSSSPTTSTSPTKVPSRRSYSV[VRV]]R^XP^^^`XW\^`^SX``a	1	35:T>G
SOLEXA7_00060:6:1:68:1372#0/1	+	chrX	108184157	CGCATGAATGGATGAACGAGATTCCCACTGTCCCTTCCTACTAACCAGCG	a`U\aa`a_MM\\DS[T_\[ZHONWXX[BBBBBBBBBBBBBBBBBBBBBB	1	35:A>T,43:T>A
SOLEXA7_00060:6:1:68:613#0/1	+	chr17	33706646	CGGCGGCCTTTGCGGGAACAAGATGGCAGCCCTCCTACCTCAAGGGTTCT	a``_VO_`_VTV_TX[X`a__\XZ^__ZXV_[X\MNMYVT[LREVQIRY\	1	32:C>T,34:A>C
SOLEXA7_00060:6:1:68:80#0/1	+	chr17	22184232	CGCTTTGAGGCCTATGGTAGTAAAGGCAACAGCTTCATATAAAAACTAGA	abaa^Xa_aT`V`^J]_G`_HZJM__JXR^NMTNX[PQLTVSLVMWTRRM	6	26:A>C
SOLEXA7_00060:6:1:69:1415#0/1	+	chr1	16712814	CGCTAGCACAGAAATCCTACAAACTCCTGTGGGGGCTGCGCTTGGAAGCA	a]UMOHTIT^^WPWV^WZaa]G]X\^\\]PRZBBBBBBBBBBBBBBBBBB	4	
SOLEXA7_00060:6:1:69:898#0/1	+	chr18	45602207	CGGGCGCGGTGGCTCACGCCTATAATCCCAGCACTTTGGGAGGCCGAGGC	a_[````a^]]``aa`\X_a`a_Z]`aa`\J]X_\`YOXJQOO[YLXUXY	9	
SOLEXA7_00060:6:1:69:1796#0/1	-	chrX	58592326	TCGTTTTTAGGAGAAGATATTTCCTTTTCCAACACAGTCCTCCAAGCCCG	UUYYYSJSYYXYYV[LYVWWV]Y]]]]^]^]Y_Y_`^__`_`aab`aaba	9	
SOLEXA7_00060:6:1:69:1768#0/1	-	chr16	32325502	CAACCAACATGGTGAAACCCCGTCTCCACTAAAAATACAAAACTTAGCCG	VWPRSRVSRRUUTTMTUUVXY\SVYYVY[[^``_^_Yaaa`_a]aa`^aa	4	
SOLEXA7_00060:6:1:69:1319#0/1	-	chr6	27769494	CCGCCCGTCTCGGCCTCCCAAAGTGTTGGGATTACAGGCGTGAGCCACCG	W[OX]ZXS\S\\]XWV]\]`^`]``a]a`^`\`X[a```aa`aa\YX^`a	9	
SOLEXA7_00060:6:1:71:574#0/1	+	chr3	197649712	CGGCTAATTTTTTGTATTTTTAGTAGAGACGGGGTTTCACCGTGTTGGCC	`X\W]]]^ba\Y_\]]V^_U`_^O\^O\[IVZ]`L`ZK[ZNXHSOXHVXB	9	
SOLEXA7_00060:6:1:71:1561#0/1	+	chr17	31565702	CGGGCACTGAGAGAAGGAGGTTAGGGGGCAGAGCTGATCCAAAACAGGTG	aaa`abaab``\a^aa``a^W``__`]_^^\^aa^`^^^^^_\^^\\^U^	1	
SOLEXA7_00060:6:1:71:397#0/1	+	chr2	28665466	CGGAGGTTGCAGTGAGCCAAGATCGCGCCATTGCACTCCAGCCTGGGTGA	a_``a`]a\a```[a`aaR^aZZ[W_\^aY]\T\H]P_`TO[]WX[\PVQ	9	
SOLEXA7_00060:6:1:72:1657#0/1	-	chr19	10579665	CCCCGCCTCTGCCTCCCAAAGTGCTGGGATTACAGGTGTGAGCCACTGCG	PU[YUZQ\]QMZ[VTJ]^T[Z\]_Z_`a[Z_M_`_ZUW_\\X_`WM[Q_a	9	40:G>T
SOLEXA7_00060:6:1:72:968#0/1	+	chr11	72899400	CGGAAAAAAAGAACCATTTGGATACATAGGTATGGTCTGAGCTATGATAT	abaaaba[ab^^bbaba_```a`aaa_a^XWa^YW\a_^_^`\Z]Y][`[	1	24:T>C
SOLEXA7_00060:6:1:72:608#0/1	+	chr1	143305508	CGCTGGGGAAGAAACTCGCTGGCGGGTGTTCTGTGGCATCCCCGGGGGGG	aa``[a]_[DKP[T_]]T\MBBBBBBBBBBBBBBBBBBBBBBBBBBBBBB	3	42:A>C,48:T>G
SOLEXA7_00060:6:1:73:1793#0/1	+	chr16	32858122	CGGACACTGGTGAGGACGTCTGAGGACAACATGACAGACATGGTGACCCA	abaa_a^_^\UYRUUVVVUUUUUSBBBBBBBBBBBBBBBBBBBBBBBBBB	1	
