SOLEXA7_00060:6:1:5:1646#0/1	+	chr8	2016565	CGGGAGGAACAGGCAGCCCAGCCCGTGCAGAATGAGGTTTGGTTCTGCTC	a`aa]`]\`\\\Z^^X\^\FT\^BBBBBBBBBBBBBBBBBBBBBBBBBBB	3	47:A>C
SOLEXA7_00060:6:1:5:743#0/1	+	chr4	48970467	AAAAAAAAAAAAAAAAAAAAAAAAAAAAAAAAAAACAAAAAAAAAAAAAA	BBBBBBBBBBBBBBBBBBBBBBBBBBBBBBBBBBBBBBBBBBBBBBBBBB	9	
SOLEXA7_00060:6:1:5:1285#0/1	+	chr7	57202961	AGCCCATTGGGAGGCTGAGGCAGGCAGATCACCTGCGGCCAAAAGTTGGA	_aaa``a_Z[^[Z\a[[Y[`a`ZZ]OGWQXVXa^LKWP_YRUJQMEQNZU	2	35:A>C
SOLEXA7_00060:6:1:7:1590#0/1	+	chr12	68625964	CGGAGCTTGCAGTGAGCCGAGATCCCGCCACTGCCCTCCAGCCTGGGCGA	aa]\]VWY`^V]POPWZ_XWBBBBBBBBBBBBBBBBBBBBBBBBBBBBBB	9	
SOLEXA7_00060:6:1:9:888#0/1	+	chr4	48970467	AAAAAAAAAAAAAAAAAAAAAAAAAAAAAAAAAAACAAAAAAAAAAAAAA	aMXR[YZ^\aZXFVVY\aPTUaXXINHM\_M_\MOEWXMV_L^^VHNWWW	9	
SOLEXA7_00060:6:1:9:884#0/1	+	chr6	26381281	CGCAAGGAGAGCTATTCCGTGTACGTGTACAAGGTGCTGAAGCAGGTCCA	aaaa`aXaa_Z]`b`X`\]Q]\_]UXOY`T__ZGEX[QX\_QZ[BBBBBB	1	
SOLEXA7_00060:6:1:9:746#0/1	+	chr4	48970467	AAAAAAAAAAAAAAAAAAAAAAAAAAAAAAAAAAACAAAAAAAAAAAAAA	YJVWGNT`]``_^\aVR^X\ZUNYWLNRVS[``aaSX]]a]WNW\X][]Y	9	
SOLEXA7_00060:6:1:9:1364#0/1	+	chr19	7075549	AGGAAAACAAAAAAAAAAAAAAAAAAAAAAAAAAACAAAAAAAAAAAAAA	HROYYXHRP_a]MMXaM\\VK^YY]_LNXH\_[YL_WIWXL\Y\^WL^L]	2	0:T>A,35:A>C
SOLEXA7_00060:6:1:10:1282#0/1	-	chr15	80798932	GGGGGCCAGACGCGGGAGAAAGGGGCGCGCTCGCCCCGCCTGGGGAACCG	TSTZ_[US]OYVSZ_MHYaX__a`a`\`a`aaa[aa_a[a_aaaaaZ[^_	6	48:C>G
SOLEXA7_00060:6:1:10:843#0/1	+	chr4	48970467	AAAAAAAAAAAAAAAAAAAAAAAAAAAAAAAAAAACAAAAAAAAAAAAAA	`NX\XaZ_X^\^Z\_ZWXMMXNNWMMXM\IV]BBBBBBBBBBBBBBBBBB	9	
SOLEXA7_00060:6:1:10:903#0/1	+	chr4	48970467	AAAAAAAAAAAAAAAAAAAAAAAAAAAAAAAAAAACAAAAAAAAAAAAAA	aIRQY_MXVX\LXPMUXXa`MXTT^NGYUV[X`\HYZXXX\X`XUVUXI\	9	
SOLEXA7_00060:6:1:10:1447#0/1	-	chr9	42722632	CCGCCCACCCCAGCCTCCCAAACTGCTGGGATTAGGCGTGAGCCACCGCG	BXPSYWKZXV\S^Q]JS]\\\RXQ_VR_``^\VX``\^\a]a`\\]^aaa	3	27:G>C,47:A>G
SOLEXA7_00060:6:1:12:1736#0/1	+	chr8	56062975	CGCACAACTACATGGAAACTGAACAACCTGCTCCTGAATGACTACTGGGT	aaaa^_`_^Z^ZZ_WDKQXV^SVZQSYWWZWWW[XBBBBBBBBBBBBBBB	9	
SOLEXA7_00060:6:1:12:1197#0/1	+	chr4	48970467	AAAAAAAAAAAANAAAAAAAAAAAAAAAAAAAAAACAAAAAAAAAAAAAA	]MXZ^^_V^VVRDM\Xa][RN]M[aYZXW^Y\XLLT\XY^YXI^X\UUNU	9	12:A>N
SOLEXA7_00060:6:1:12:766#0/1	-	chr10	111562111	TTTTTTTTTTTTTTGTTTTTTTTTTTTTTTTCTTTTTTTTTTTTTTTTTT	BBBBBBBBBBBBBBBBBBBBBBBBBBBBBBBBBBBBBBB^ZZ[HQ\\aMa	1	35:T>G,48:C>T
SOLEXA7_00060:6:1:13:1170#0/1	+	chr7	31593809	CGCGTCACCAAGACAATCCTAAGCCAAAAGAACAAAGCTCGAGGCATCAC	a^]YJ[]]`\]WY^`^^__[YMV_^RV^Z^[Y[VYMZYPZ^WWHVJVQZU	4	3:A>G,39:G>C
SOLEXA7_00060:6:1:14:427#0/1	-	chr18	15248751	TTCACCATATTGGCCGGGCTGATCTCTGCCTCCTGACCTCAGGTGATCCG	BBBBBBBBBBBBBBBBBBBBBBBBBBBBBBBBBBBBBBBBBBBBB]TM[a	3	22:A>G,34:A>G
SOLEXA7_00060:6:1:14:885#0/1	+	chr4	48970467	AAAAAAAAAAAAAAAAAAAAAAAAAAAAAAAAAAACAAAAAAAAAAAAAA	\MMRNUa^ULP^aSSNMW[\_a_UR\`YRYX\]YGYN]YNFRRTVSGTUR	9	
SOLEXA7_00060:6:1:16:1521#0/1	+	chr9	78376640	CGCACGTTCGTGGGGAACCTGGCGCTAAACCATTCGTAGACGACCTGCTT	aab^``\Z]UZX^Y_UWZ_Y]V^_`]YZUZ[^\VYaBBBBBBBBBBBBBB	1	
SOLEXA7_00060:6:1:16:1581#0/1	+	chr14	74282278	AGCCTGGGTGACAGAGCGAGACTCCATCTCAAAAAAAAAAAAAACCAAAA	L_ba`a]_S][`Y][^a\VWEXW]`^UBBBBBBBBBBBBBBBBBBBBBBB	9	
SOLEXA7_00060:6:1:17:614#0/1	+	chrY	2379711	CGGTGACAGAGAAATGGGATTCCACATGAGAGTCAGAGGCACCCAGTGAA	a`^`b^bbaa^_T````a\`abbbaba`_[``Ya^b]]]a``^a]]Y]][	1	38:A>G
SOLEXA7_00060:6:1:17:1692#0/1	+	chr13	56614890	CGCCTGGAACTGTGCAGGAAGGCCCTGGCCCCGACGTGGCGCCCCCTGAG	a`^^\\ZSXXSSTRQMPPOROSBBBBBBBBBBBBBBBBBBBBBBBBBBBB	4	42:A>C,43:A>C
SOLEXA7_00060:6:1:17:137#0/1	+	chr12	126961471	CGGATCATCTGAGGTCATGAGTTCAAGACCAGCCTGGCCAACATGGTGAA	^HLTQ`\V]ZPXRRNRXSSYZRNRTOOQSUQNQUBBBBBBBBBBBBBBBB	1	
SOLEXA7_00060:6:1:17:915#0/1	+	chr4	48970467	AAAAAAAAAAAAAAAAAAAAAAAAAAAAAAAAAAACAAAAAAAAAAAAAA	BBBBBBBBBBBBBBBBBBBBBBBBBBBBBBBBBBBBBBBBBBBBBBBBBB	9	
SOLEXA7_00060:6:1:17:1307#0/1	+	chr17	33195899	CGGGCAGATCACAAGGTCAGGAGATTGAGACCATCCTGGCTAACATGGTG	aaaaabababbabbaa^``aaaaaaaa_aaa^aa\b\a]^^__^`\`BBB	9	
SOLEXA7_00060:6:1:17:1613#0/1	+	chrX	58596488	CGCTAAATAGCCACTTGCACATTGTAGAAAAAGTGTGTCGAAGCTGCGCT	aa___[T[ZZZ_[WYY][WYQUY[TRTSJSQTTRTTQVWBBBBBBBBBBB	9	9:T>G
SOLEXA7_00060:6:1:18:754#0/1	+	chr9	65708756	CGGGCGACTGGAGTTTTATTATTGCTCAAATCAGTCTCCCCGAGCGTTTG	aBBBBBBBBBBBBBBBBBBBBBBBBBBBBBBBBBBBBBBBBBBBBBBBBB	3	4:A>C
SOLEXA7_00060:6:1:19:677#0/1	+	chr9	46731468	CGCTGGTTGGATGGTATTGTTGTTTAGAATCTATAGTTGAGCAGGCCTTT	a`aa^`^`_aW`a^\aa```aa_a`___]_a`^a_`^``]\`]ZS^`\]Z	1	
SOLEXA7_00060:6:1:19:889#0/1	-	chr2	138933506	ATTTTTTTTTTTTTGTTTTTTTTTTTTTTTTTTTTTTTCTTTTTTTTTTT	BBBBBBBBBBBBBBBBBBBBBBBBBBBBBBBBBBBBBBBBBBBBBBBBBB	1	35:T>G
SOLEXA7_00060:6:1:20:499#0/1	+	chr19	38702575	CGGAGGCGGGTGGATCACCTGAGGTCAGGAGTTCGAGACCCGTCTGGCCA	a]\VPQTPSDVWVP[UE]V_MOBBBBBBBBBBBBBBBBBBBBBBBBBBBB	9	40:A>C
SOLEXA7_00060:6:1:20:1375#0/1	+	chr15	73787492	CGGGAAGGGAGGCAGCGTCACTGACACACCTCAACCTTAGGCCGCAGGAG	aaaaXZ``YQV``[\WXR_Z]XUQWIWV[BBBBBBBBBBBBBBBBBBBBB	1	
SOLEXA7_00060:6:1:20:1688#0/1	+	chr17	18828101	CGGGCGCGGTGGCTCACGCCTGTAATCCCCGCACTTTGGGAGGCCGAGGC	aa`\ZZZ[SPBBBBBBBBBBBBBBBBBBBBBBBBBBBBBBBBBBBBBBBB	9	
SOLEXA7_00060:6:1:21:998#0/1	+	chr22	16967164	CCATGTTGGTCTGGCTGGTCTCGAACTCCCAACCTCAGGTGGTCCACCTG	aaa]\]``]\a^\^a^^\Va]\XX[\X_a\VX]`RBBBBBBBBBBBBBBB	5	
SOLEXA7_00060:6:1:21:1682#0/1	+	chr18	12691997	CGCCTGTAATCCCAGCTACTCGGGAGGCTGAGGCGGAGACTCGCTTAAAC	`a`^Z]RUJPV\BBBBBBBBBBBBBBBBBBBBBBBBBBBBBBBBBBBBBB	1	39:A>C
SOLEXA7_00060:6:1:22:1435#0/1	+	chr15	18681879	CGGGTCAAAGGTCTACATATTCCACCTCTGCTCCAGAGCTGCTTATCCAA	aaaVNVZUOGRF\_^\QGYFFYX]XSLWGXMM]PL^BBBBBBBBBBBBBB	1	11:G>T
SOLEXA7_00060:6:1:22:1636#0/1	+	chr5	144074315	CGGACCTAATAGACATCTACAGAACTCTCCACCCCAAATCAACAAAATAT	aaaaaaaa_``_T^_`a__`X[WY]_^]`]XX\^WPZU^XU[^VVWXWWZ	9	
SOLEXA7_00060:6:1:22:1737#0/1	+	chr12	131775443	CGCGGGTGAAGACAGGGCCAGGGGAGCGGGTCTGCGGGGCACGGGTGAAG	a`TKPX\]`a]]\XPPFU\PZ\ZBBBBBBBBBBBBBBBBBBBBBBBBBBB	3	
SOLEXA7_00060:6:1:23:1210#0/1	-	chr10	41676481	TTCCATTCCATTCCATTCCGTTCCATTCCATTCCATTCCATTCTATTCCG	BBBBBBBBBBBBBWYMZLY[XIW\YRVU^][TUUSXMY`XMW^RWTW_aa	9	6:C>T
SOLEXA7_00060:6:1:23:1489#0/1	+	chr1	557102	CGGAAAAAAAGAACCATTTGGATACATAGGTATGGTCTGAGCTATGATAT	aa`OV``X^\]ZR[^a`a__YPX^\\VTQVRY[_XRRYVLV[TTZZ\TMX	1	0:G>C
SOLEXA7_00060:6:1:23:1371#0/1	+	chr3	186638499	CGCAGTGGCTCATGTCTGTAATCCCAGCACTTTGGGAGGCCAAGGCAGGC	aaaaa^^`a`aa`^^a_^Y]WO\^_SU_[Y[]ZRV^PTX[VJVVXMOVZU	9	
SOLEXA7_00060:6:1:23:352#0/1	+	chr2	87923375	CGCATCGCCAAGTTAATCCTAAGCCAAAAGAACAACGCTGGAGGCATCCC	a_\P\^Y`Z\PJUSZRYZZXTU]BBBBBBBBBBBBBBBBBBBBBBBBBBB	5	35:A>C,48:A>C
SOLEXA7_00060:6:1:24:1643#0/1	+	chr5	177235559	CGGGGGTGAAAGGAGAGTGGGTTTGAGGGAAGGGGAAAGGGGGAGTGTGG	a``^a\Sa`^^]`T\O]T^\]SXX^TZ^ZPTBBBBBBBBBBBBBBBBBBB	1	
SOLEXA7_00060:6:1:26:196#0/1	-	chr1	558505	CTTAAAAACAGATGCAATTCCCGGACGTCTAAACCAAACCACTTTCACCG	ONMLY[XT^U\YFZ\[`XQMU_a[V`^\]`a__`aa]]``Za`aaa```a	1	1:T>C
SOLEXA7_00060:6:1:26:642#0/1	+	chr15	20992994	CGGAGCCCCCAGCAGTGCCCTCTGAGGTGGAGCTGCAGCACCTGAGGAAG	a````aaaaa``aa^`aaaaa`a^``^]]OTXa\V_`[_WZ`]\XWYWVU	9	
SOLEXA7_00060:6:1:27:1109#0/1	+	chr4	90064408	CGCATCGCCAAGTCAATCCTAAGCCAAAAGAACAAAGCTGGAGGCATCAT	a`aa``_baa``^aaa``W_a`_aa`aaa^^aa`^Z^^^ZT^XU\\[^\R	9	
SOLEXA7_00060:6:1:27:1852#0/1	+	chr10	135343868	CGCGATGGCCCTCCCGACACCTTCGGACAGCACCCTCCCCGCGGCAGCCC	a`a^^\ZZ\]ZUZTBBBBBBBBBBBBBBBBBBBBBBBBBBBBBBBBBBBB	8	44:A>C
SOLEXA7_00060:6:1:27:770#0/1	-	chr10	111562110	TTTTTTTTTTTTTTCTTTTTTTTTTTTTTTTTCTTTTTTTTTTTTTTTTT	BBBBBBBBBBBBBBBBBBBBBBBBBBBBBBU[FIY]QWT]TUTGNPGUWN	1	35:T>C,47:C>T
SOLEXA7_00060:6:1:28:1732#0/1	+	chr2	148653114	CGGGCGCGGTGGCTCACGCCTGTAATCCCAGCACTTTGGGAGGCCGAGGC	a`\Z]^\\\SXZTTTTZRTZRSTRPPQSXPSBBBBBBBBBBBBBBBBBBB	9	
SOLEXA7_00060:6:1:29:1012#0/1	+	chr19	22190261	CGGCACACTCACCATTTCTAGGCTTCCAGGGGGTCCTGGCGACTTAGTTG	abaaabbbabbabaaaaaaa]aaaaaaa`Y^[`V^b````XZX\`[]V_Y	1	
SOLEXA7_00060:6:1:29:1282#0/1	+	chr16	2144469	CGGAGAAACCCCGTCTCTACTAAAAATACAAAATTAGCCGGGCGTGGTGG	aaa[U\`babba^]aabbbbbbbb[_abaaaaaa_aaa``_`aaX`YY^B	9	
SOLEXA7_00060:6:1:29:968#0/1	+	chr14	95790329	CGGGCACGGTGTCTCACGCCTGTAATCCCAGCACTTTGGGAGGCCAAGGT	a``\`aaa`\``aaaaa^_```]aaa`_a_X_a```a]^V]X]Z][V]XQ	9	
SOLEXA7_00060:6:1:30:1193#0/1	-	chr19	5565076	GCCTCAGCCTCCCGAGGAGCTAGGATTACAGGCATGCACCACCACGCCCG	BBBBBBBBBBBBBBBP_MOORU\OM[XV]XY`UMVOMKV`P\_^^\Z\aa	9	
SOLEXA7_00060:6:1:30:749#0/1	+	chr15	94361574	CGGGAGGCAGCGGTTGCAGTTAGCCGAGATCCCGCCACTGCACTCCAGCC	a_SX\[\[[RGVQJ[TUY\XX_YZBBBBBBBBBBBBBBBBBBBBBBBBBB	6	10:A>C,31:A>C
SOLEXA7_00060:6:1:30:670#0/1	+	chr19	55155901	CGGGGGTAGGAGAGGTTGCAAGACACGATGACACACAGGCCCTCCGGCAC	a_^ZJVZXQ[YMGYI]a[]KWTOO]YT\WTZWYYYXVBBBBBBBBBBBBB	1	
SOLEXA7_00060:6:1:30:1258#0/1	-	chr7	98851244	AGATGCTGGCGTTACGGCTAGACCAAGGAGCCCTCTGGTGGCCCTGTCCG	BBBBBBBBBBBBBBBBBBBBBBBBBBB]Q\JOYGOWY_\_]G\[^X]_`a	9	34:C>G
SOLEXA7_00060:6:1:31:1573#0/1	+	chr19	2554308	CGCCTCGGCCTCCCAAAGTGCTAGGATTACAGGCGTGAGCCGCCGTGCCC	a`a`\`SX^]Z]^SVNPSSPSSSSQKPRQRPSRSOMONQSRQBBBBBBBB	9	
SOLEXA7_00060:6:1:31:1535#0/1	+	chr12	51417862	AGCCATCCCATTACTGGGTATATACTCAAAGGATTATAAATCATGCTGCT	aY]][YZZ_WZ][[XMTYOPSSTN[[W[XYVSFQWMSVVBBBBBBBBBBB	9	
SOLEXA7_00060:6:1:31:741#0/1	+	chrY	17491945	AAAAAAAAAAAAAAAAAAAAAAAAAAAAAAAAAAAGAAAAAAAAAAAAAA	BBBBBBBBBBBBBBBBBBBBBBBBBBBBBBBBBBBBBBBBBBBBBBBBBB	9	43:G>A
SOLEXA7_00060:6:1:32:1222#0/1	-	chr2	132728426	TTACGACTTTTACTTCCTCTAGATAGTCAAGTTCGACCGTCTTCTCAGCG	YVOVXLOT]ZYU]TRT]]\[^`__aa`^_^a`^^`]^_a`_a__`_aaaa	1	12:T>C
SOLEXA7_00060:6:1:32:1155#0/1	-	chrX	125434134	AAAACACTCTTTACGCCGGCTTCTATTGACTTGGGTTAATCGTGTGACCG	YVVHRFW___`TS``U^X`P_a^][aaa^a]^\bYW_[ababa``ZSaaa	3	30:T>C
SOLEXA7_00060:6:1:33:291#0/1	+	chr1	557102	CGGAAAAAAAGAACCATTTGGATACATAGGTATGGTCTGAGCTATGATAT	a_\OOP\P]Z^SH\^HY[ZaYPQT_[US`BBBBBBBBBBBBBBBBBBBBB	1	0:G>C
SOLEXA7_00060:6:1:33:1553#0/1	+	chrX	58583973	CGGTCCAAATCTCCACTTGCAGATCCTACAAAAAGAGTGTCTGCAAACTG	aaa^aaaaa```a___`^[YV_UY^`YX_`^ZX[RS]N]VYVTSNSQJRY	9	24:T>C,40:T>C
SOLEXA7_00060:6:1:33:952#0/1	-	chr10	69315947	GTCCGCCTCGGCCGCCCAAAGTGCTGGGATTACAGGCGTGAGCCACCGCG	BBBBWRUPUX]UQYWPUZZV]`\W]``a[U_\Z]aaXa``]aa[][\a`a	9	
SOLEXA7_00060:6:1:33:1384#0/1	+	chr10	73262703	CGGGAGGCGGAGGTTGCAGTGAGCCAAGATCGTGCCACTGCACTCCAGCC	aaa``\YaZ]`a`X\U\X]QYVY`_[_Y\X^XRZ`a\\WU]\]\^\NIT\	9	
SOLEXA7_00060:6:1:33:1816#0/1	+	chr11	10486489	CGGGGTAAGATTTGCCGAGTTCCTTTTACTTTTTTTAACCTTTCCTTATG	abaa[QRFQYNV]T^]PKRXTUBBBBBBBBBBBBBBBBBBBBBBBBBBBB	3	47:G>A
SOLEXA7_00060:6:1:33:819#0/1	+	chr14	23508680	CGGTGGGGAATAGAGAAAGGCCCTGCAAGGTACCCAGGCCCACAAACAAA	abbUL^`_\_U^U_W_\UZZ_^VVYZR^VYE\X`RMVZBBBBBBBBBBBB	2	
SOLEXA7_00060:6:1:34:1492#0/1	+	chr4	187642445	CGGNTTCAAGCAATTCTCCTGCCTCAGCCTCCCAAGTAGCTGGGATTACA	aa\DT^]`aa`a]]```aaZ`a`[_]_^`^\\^]S_SYXXLRW\[ZNVWV	9	3:G>N
SOLEXA7_00060:6:1:34:872#0/1	+	chr4	48970467	AAAAAAAAAAAAAAAAAAAAATAAAAAAAAAAAATCAAAAAAAAAAAAAA	BBBBBBBBBBBBBBBBBBBBBBBBBBBBBBBBBBBBBBBBBBBBBBBBBB	1	21:A>T,34:A>T
SOLEXA7_00060:6:1:36:1304#0/1	+	chr19	45756056	CGCGCCACTGCACTCCAGCCTGGGCGACAGAGTGAGACTCCATCTCAAAA	aaa`abbabaabbabaa`aaa```aaaa`^`^T`]`^a^^\]\_^^]\_`	9	
SOLEXA7_00060:6:1:36:852#0/1	+	chr1	557102	CGGAAAAAAAGAACCATTTGGATACATAGGTATGGTCTGAGCTATGATAT	ababbbbbbbabbbbbbaaaaaaabba``^U^aa[`aaa^]a```__^Z_	1	0:G>C
SOLEXA7_00060:6:1:36:1405#0/1	+	chr19	46008961	CGGGGCCTCACTGTTTCCGCGTGTGAAGCGTTCGAAGACTGCCATGGACC	a_PXVZ]]`]`]^\XX`a\a]XXRZ]XRZBBBBBBBBBBBBBBBBBBBBB	1	
SOLEXA7_00060:6:1:36:1177#0/1	+	chrX	22587204	CGGACCTAATAGACATCTACAGAACTCTCCACCCCACATCAACAGAATAT	a`][X[TWT[XTT^_V[UIY`[GP^VXQ^QN]]YBBBBBBBBBBBBBBBB	9	
SOLEXA7_00060:6:1:37:391#0/1	-	chr7	4372207	CCATGTTGACCAGGGTGGTCTCAAACTCCTGACCTCAGGTGATCTGCCCG	BBBBBBBBBQQWPXXNRUWPQPXYSYZSS^YTXNUXRYYV_]WW^VTDRa	9	
SOLEXA7_00060:6:1:37:889#0/1	-	chr18	74643102	GAGGTGACCGGGGAGTGAGGGGAGCCCTCTGCTCATCACAGAGGTGTCCG	BBBBBBBBBBBBBBBBBBBBTXTRRQV]T]UG][`_Z_\_`_Z__Q_PZ`	1	34:G>T,35:T>G
SOLEXA7_00060:6:1:37:1541#0/1	+	chrX	126762849	CAAGCAAAAAGAGTCCAGGACCAGATGGATTCACAGCCGAATTCTACCAG	aaa`___a``X^]X`^_^^^]^Y]\X^]SXXX]_X]X]TKRWU]WRWRVW	9	
SOLEXA7_00060:6:1:38:1557#0/1	+	chr1	235833025	CGGGAGTAACTATGACTCTCTTAAGGTAGCCAAATGCCTCGTCATCTAAT	aa`[]^]aabaa`^`a_`aa```_``Qa`Y`^[[YVY`TXPR\^WZSY[Y	2	39:A>C
SOLEXA7_00060:6:1:39:1220#0/1	+	chr7	82495690	TGCTCAAGGAAATAAAAGAGGATACAAACAAATGGAAGAACATTCCATGC	abbaab_aaaaaaab`a`a``^aaaa]Z_aa][ZSSZ[_][]YSY\YXRY	9	
SOLEXA7_00060:6:1:39:1438#0/1	+	chr2	20573775	GCCTGGGTGACAGAGCGAGACCCTGTCTCAAAAAACAAACAAACAAACAA	_abaa`UH[ab]]Yabb][a[`aTSZa[^\]VRT[bUFX_RGHTY[T^^Q	9	
SOLEXA7_00060:6:1:39:1290#0/1	+	chr11	71130959	CGGTATACTGGGATAGATGAGGATGGTCACGTGGTGGGGAGGCGTGTTTT	a`^[aa`bbaabaab`aaaa`a``aaW`a`_Za_Wa__YY^ZMULV[`[[	9	
SOLEXA7_00060:6:1:39:896#0/1	-	chr4	48846525	TTCCATTGCAATCGAGTTGATTCCATTCCATTCCATTCCATTCCGTTCCG	BBBBBBBBBBBBBBBBMVZTTSSTXQQTURVQSZ[[XT_`_`aa`a]`aa	1	39:C>A
SOLEXA7_00060:6:1:41:1752#0/1	-	chr7	56333408	TCCCGCCCCAGCCTCCCAAAGTGCTGGGATTACAGGCGTGAGCCATGGCG	BBBBBBBBBBBBBBBBBBBRPPRRPPQZS\SSXNX]\`\\^`_]``aaaa	9	
SOLEXA7_00060:6:1:41:1164#0/1	+	chr1	226740757	CGGGACGCGGAGGTTGCAGCGAGCCGAGATCGCGCCACTGCACTCAAGCC	Z_``_a_aa```aZ__a]TR\V[]]X[T[W]Y_]`aa_\U[GZGXNTFY]	2	19:T>C
SOLEXA7_00060:6:1:41:1371#0/1	+	chr4	49001912	CGTGGTTGGAGAGTAGCTGGGACAGACTGGAGGGTCCGTAAGGGCTGGGG	a`]a`\a`a]a`\\a`````\\``^^]^^]U]]]FYWLPQPPWUPMJO^\	9	
SOLEXA7_00060:6:1:42:1570#0/1	-	chr9	44010687	GCAGCGACCTCTGTTCTTCAGGCCTATCCCTTTCTATTCCTCTGACCCCG	_a`^`a^`^a^aaa^[baaaa`\`baaa]aaaaaaaa`ababbb^a`]^a	1	28:C>G,45:T>C
SOLEXA7_00060:6:1:43:1463#0/1	+	chr16	33617393	CGGGTCACCAGGGGGCACTGTCCTGCCAATGTTGGGCAGGAGGTACTCCA	aa`^Pa\]\QZY\S]ZPXX^S\\TZWOVNOVBBBBBBBBBBBBBBBBBBB	1	48:A>C
SOLEXA7_00060:6:1:43:769#0/1	-	chr4	49010947	GAGCTCACAGCACGCAGGGAAACACTTACATTTGCCGTTGTATTTTAGCG	``aZ]]\]`]`]^`bZaaaa`^b\aba`bb_\aaaabbabbbbbbabbba	4	
SOLEXA7_00060:6:1:44:1067#0/1	-	chr3	97818818	CCTATTTAAGGAACAAGTGATTATGCTACCTTTGCACGGTTAGGGTACCG	BBBBBV[RXa]V]Z`V``]]_a]aa^_NN[a_a^`[Q^a]aaaba^G[]a	1	
SOLEXA7_00060:6:1:44:944#0/1	-	chrY	1546243	AAATGGCCCGGAGTTTTCGTTTCAGTTTCAGGGAGAAGTTTTCTAACCCG	VWUV]_QLVX^[^HSQV[ZN[]XYa`YJQ^a`_W_a_aaa\\D[RLXaba	1	5:G>A
