SOLEXA7_00060:6:1:5:1646#0/1	+	chr8	2016565	CGGGAGGAACAGGCAGCCCAGCCCGTGCAGAATGAGGTTTGGTTCTGCTC	a`aa]`]\`\\\Z^^X\^\FT\^BBBBBBBBBBBBBBBBBBBBBBBBBBB	3	47:A>C
SOLEXA7_00060:6:1:5:1646#0/1	+	chr8	2016927	CGGGAGGAACAGGCAGCCCAGCCCGTGCAGAATGAGGTTTGGTTCTGCTC	a`aa]`]\`\\\Z^^X\^\FT\^BBBBBBBBBBBBBBBBBBBBBBBBBBB	3	48:C>T,49:A>C
SOLEXA7_00060:6:1:5:1646#0/1	+	chr8	2016409	CGGGAGGAACAGGCAGCCCAGCCCGTGCAGAATGAGGTTTGGTTCTGCTC	a`aa]`]\`\\\Z^^X\^\FT\^BBBBBBBBBBBBBBBBBBBBBBBBBBB	3	47:G>C,48:C>T
SOLEXA7_00060:6:1:5:1646#0/1	+	chr8	2016513	CGGGAGGAACAGGCAGCCCAGCCCGTGCAGAATGAGGTTTGGTTCTGCTC	a`aa]`]\`\\\Z^^X\^\FT\^BBBBBBBBBBBBBBBBBBBBBBBBBBB	3	47:G>C,48:C>T
SOLEXA7_00060:6:1:5:743#0/1	+	chr4	48970467	AAAAAAAAAAAAAAAAAAAAAAAAAAAAAAAAAAACAAAAAAAAAAAAAA	BBBBBBBBBBBBBBBBBBBBBBBBBBBBBBBBBBBBBBBBBBBBBBBBBB	9	
SOLEXA7_00060:6:1:5:743#0/1	-	chr15	78928349	TTTTTTTTTTTTTTGTTTTTTTTTTTTTTTTTTTTTTTTTTTTTTTTTTT	BBBBBBBBBBBBBBBBBBBBBBBBBBBBBBBBBBBBBBBBBBBBBBBBBB	9	35:T>G
SOLEXA7_00060:6:1:5:743#0/1	-	chr6	25766212	TTTTTTTTTTTTTTGTTTTTTTTTTTTTTTTTTTTTTTTTTTTTTTTTTT	BBBBBBBBBBBBBBBBBBBBBBBBBBBBBBBBBBBBBBBBBBBBBBBBBB	9	35:T>G
SOLEXA7_00060:6:1:5:743#0/1	-	chr6	97209894	TTTTTTTTTTTTTTGTTTTTTTTTTTTTTTTTTTTTTTTTTTTTTTTTTT	BBBBBBBBBBBBBBBBBBBBBBBBBBBBBBBBBBBBBBBBBBBBBBBBBB	9	35:T>G
SOLEXA7_00060:6:1:5:743#0/1	-	chr17	55341376	TTTTTTTTTTTTTTGTTTTTTTTTTTTTTTTTTTTTTTTTTTTTTTTTTT	BBBBBBBBBBBBBBBBBBBBBBBBBBBBBBBBBBBBBBBBBBBBBBBBBB	9	35:T>G
SOLEXA7_00060:6:1:5:743#0/1	-	chr12	100258849	TTTTTTTTTTTTTTGTTTTTTTTTTTTTTTTTTTTTTTTTTTTTTTTTTT	BBBBBBBBBBBBBBBBBBBBBBBBBBBBBBBBBBBBBBBBBBBBBBBBBB	9	35:T>G
SOLEXA7_00060:6:1:5:743#0/1	-	chr12	119475235	TTTTTTTTTTTTTTGTTTTTTTTTTTTTTTTTTTTTTTTTTTTTTTTTTT	BBBBBBBBBBBBBBBBBBBBBBBBBBBBBBBBBBBBBBBBBBBBBBBBBB	9	35:T>G
SOLEXA7_00060:6:1:5:743#0/1	-	chr12	3963537	TTTTTTTTTTTTTTGTTTTTTTTTTTTTTTTTTTTTTTTTTTTTTTTTTT	BBBBBBBBBBBBBBBBBBBBBBBBBBBBBBBBBBBBBBBBBBBBBBBBBB	9	35:T>G
SOLEXA7_00060:6:1:5:743#0/1	-	chr12	125908335	TTTTTTTTTTTTTTGTTTTTTTTTTTTTTTTTTTTTTTTTTTTTTTTTTT	BBBBBBBBBBBBBBBBBBBBBBBBBBBBBBBBBBBBBBBBBBBBBBBBBB	9	35:T>G
SOLEXA7_00060:6:1:5:743#0/1	-	chrX	132305886	TTTTTTTTTTTTTTGTTTTTTTTTTTTTTTTTTTTTTTTTTTTTTTTTTT	BBBBBBBBBBBBBBBBBBBBBBBBBBBBBBBBBBBBBBBBBBBBBBBBBB	9	35:T>G
SOLEXA7_00060:6:1:5:1285#0/1	+	chr7	57202961	AGCCCATTGGGAGGCTGAGGCAGGCAGATCACCTGCGGCCAAAAGTTGGA	_aaa``a_Z[^[Z\a[[Y[`a`ZZ]OGWQXVXa^LKWP_YRUJQMEQNZU	2	35:A>C
SOLEXA7_00060:6:1:5:1285#0/1	+	chr7	62400798	AGCCCATTGGGAGGCTGAGGCAGGCAGATCACCTGCGGCCAAAAGTTGGA	_aaa``a_Z[^[Z\a[[Y[`a`ZZ]OGWQXVXa^LKWP_YRUJQMEQNZU	2	35:A>C
SOLEXA7_00060:6:1:5:1285#0/1	-	chr7	62542959	TCCAACTTTTGGCCGCAGGTGATCTGCCTGCCTCAGCCTCCCAATGGGCT	UZNQEMQJURY_PWKL^aXVXQWGO]ZZ`a`[Y[[a\Z[^[Z_a``aaa_	2	35:T>G
SOLEXA7_00060:6:1:7:1590#0/1	+	chr12	68625964	CGGAGCTTGCAGTGAGCCGAGATCCCGCCACTGCCCTCCAGCCTGGGCGA	aa]\]VWY`^V]POPWZ_XWBBBBBBBBBBBBBBBBBBBBBBBBBBBBBB	9	
SOLEXA7_00060:6:1:7:1590#0/1	-	chr20	12000135	TCGCCCAGGCTGGAGGGCAGTGGCGGGATCTCGGCTCACTGCAAGCTCCG	BBBBBBBBBBBBBBBBBBBBBBBBBBBBBBWX_ZWPOP]V^`YWV]\]aa	9	
SOLEXA7_00060:6:1:7:1590#0/1	-	chr14	39653380	TCGCCCAGGCTGGAGGGCAGTGGCGGGATCTCGGCTCACTGCAAGCTCCG	BBBBBBBBBBBBBBBBBBBBBBBBBBBBBBWX_ZWPOP]V^`YWV]\]aa	9	
SOLEXA7_00060:6:1:7:1590#0/1	-	chr4	137023723	TCGCCCAGGCTGGAGGGCAGTGGCGGGATCTCGGCTCACTGCAAGCTCCG	BBBBBBBBBBBBBBBBBBBBBBBBBBBBBBWX_ZWPOP]V^`YWV]\]aa	9	
SOLEXA7_00060:6:1:7:1590#0/1	-	chr17	11506834	TCGCCCAGGCTGGAGGGCAGTGGCGGGATCTCGGCTCACTGCAAGCTCCG	BBBBBBBBBBBBBBBBBBBBBBBBBBBBBBWX_ZWPOP]V^`YWV]\]aa	9	34:T>G
SOLEXA7_00060:6:1:7:1590#0/1	-	chr5	78128493	TCGCCCAGGCTGGAGGGCAGTGGCGGGATCTCGGCTCACTGCAAGCTCCG	BBBBBBBBBBBBBBBBBBBBBBBBBBBBBBWX_ZWPOP]V^`YWV]\]aa	9	34:T>G
SOLEXA7_00060:6:1:7:1590#0/1	-	chr14	106143699	TCGCCCAGGCTGGAGGGCAGTGGCGGGATCTCGGCTCACTGCAAGCTCCG	BBBBBBBBBBBBBBBBBBBBBBBBBBBBBBWX_ZWPOP]V^`YWV]\]aa	9	34:T>G
SOLEXA7_00060:6:1:7:1590#0/1	-	chr7	111537072	TCGCCCAGGCTGGAGGGCAGTGGCGGGATCTCGGCTCACTGCAAGCTCCG	BBBBBBBBBBBBBBBBBBBBBBBBBBBBBBWX_ZWPOP]V^`YWV]\]aa	9	34:T>G
SOLEXA7_00060:6:1:7:1590#0/1	-	chr13	60933537	TCGCCCAGGCTGGAGGGCAGTGGCGGGATCTCGGCTCACTGCAAGCTCCG	BBBBBBBBBBBBBBBBBBBBBBBBBBBBBBWX_ZWPOP]V^`YWV]\]aa	9	34:T>G
SOLEXA7_00060:6:1:7:1590#0/1	-	chr7	27648832	TCGCCCAGGCTGGAGGGCAGTGGCGGGATCTCGGCTCACTGCAAGCTCCG	BBBBBBBBBBBBBBBBBBBBBBBBBBBBBBWX_ZWPOP]V^`YWV]\]aa	9	34:T>G
SOLEXA7_00060:6:1:9:888#0/1	+	chr4	48970467	AAAAAAAAAAAAAAAAAAAAAAAAAAAAAAAAAAACAAAAAAAAAAAAAA	aMXR[YZ^\aZXFVVY\aPTUaXXINHM\_M_\MOEWXMV_L^^VHNWWW	9	
SOLEXA7_00060:6:1:9:888#0/1	-	chr15	78928349	TTTTTTTTTTTTTTGTTTTTTTTTTTTTTTTTTTTTTTTTTTTTTTTTTT	WWWNHV^^L_VMXWEOM\_M_\MHNIXXaUTPa\YVVFXZa\^ZY[RXMa	9	35:T>G
SOLEXA7_00060:6:1:9:888#0/1	-	chr6	25766212	TTTTTTTTTTTTTTGTTTTTTTTTTTTTTTTTTTTTTTTTTTTTTTTTTT	WWWNHV^^L_VMXWEOM\_M_\MHNIXXaUTPa\YVVFXZa\^ZY[RXMa	9	35:T>G
SOLEXA7_00060:6:1:9:888#0/1	-	chr6	97209894	TTTTTTTTTTTTTTGTTTTTTTTTTTTTTTTTTTTTTTTTTTTTTTTTTT	WWWNHV^^L_VMXWEOM\_M_\MHNIXXaUTPa\YVVFXZa\^ZY[RXMa	9	35:T>G
SOLEXA7_00060:6:1:9:888#0/1	-	chr17	55341376	TTTTTTTTTTTTTTGTTTTTTTTTTTTTTTTTTTTTTTTTTTTTTTTTTT	WWWNHV^^L_VMXWEOM\_M_\MHNIXXaUTPa\YVVFXZa\^ZY[RXMa	9	35:T>G
SOLEXA7_00060:6:1:9:888#0/1	-	chr12	100258849	TTTTTTTTTTTTTTGTTTTTTTTTTTTTTTTTTTTTTTTTTTTTTTTTTT	WWWNHV^^L_VMXWEOM\_M_\MHNIXXaUTPa\YVVFXZa\^ZY[RXMa	9	35:T>G
SOLEXA7_00060:6:1:9:888#0/1	-	chr12	119475235	TTTTTTTTTTTTTTGTTTTTTTTTTTTTTTTTTTTTTTTTTTTTTTTTTT	WWWNHV^^L_VMXWEOM\_M_\MHNIXXaUTPa\YVVFXZa\^ZY[RXMa	9	35:T>G
SOLEXA7_00060:6:1:9:888#0/1	-	chr12	3963537	TTTTTTTTTTTTTTGTTTTTTTTTTTTTTTTTTTTTTTTTTTTTTTTTTT	WWWNHV^^L_VMXWEOM\_M_\MHNIXXaUTPa\YVVFXZa\^ZY[RXMa	9	35:T>G
SOLEXA7_00060:6:1:9:888#0/1	-	chr12	125908335	TTTTTTTTTTTTTTGTTTTTTTTTTTTTTTTTTTTTTTTTTTTTTTTTTT	WWWNHV^^L_VMXWEOM\_M_\MHNIXXaUTPa\YVVFXZa\^ZY[RXMa	9	35:T>G
SOLEXA7_00060:6:1:9:888#0/1	-	chrX	132305886	TTTTTTTTTTTTTTGTTTTTTTTTTTTTTTTTTTTTTTTTTTTTTTTTTT	WWWNHV^^L_VMXWEOM\_M_\MHNIXXaUTPa\YVVFXZa\^ZY[RXMa	9	35:T>G
SOLEXA7_00060:6:1:9:884#0/1	+	chr6	26381281	CGCAAGGAGAGCTATTCCGTGTACGTGTACAAGGTGCTGAAGCAGGTCCA	aaaa`aXaa_Z]`b`X`\]Q]\_]UXOY`T__ZGEX[QX\_QZ[BBBBBB	1	
SOLEXA7_00060:6:1:9:884#0/1	+	chr6	26307864	CGCAAGGAGAGCTATTCCGTGTACGTGTACAAGGTGCTGAAGCAGGTCCA	aaaa`aXaa_Z]`b`X`\]Q]\_]UXOY`T__ZGEX[QX\_QZ[BBBBBB	1	38:A>G
SOLEXA7_00060:6:1:9:746#0/1	+	chr4	48970467	AAAAAAAAAAAAAAAAAAAAAAAAAAAAAAAAAAACAAAAAAAAAAAAAA	YJVWGNT`]``_^\aVR^X\ZUNYWLNRVS[``aaSX]]a]WNW\X][]Y	9	
SOLEXA7_00060:6:1:9:746#0/1	-	chr15	78928349	TTTTTTTTTTTTTTGTTTTTTTTTTTTTTTTTTTTTTTTTTTTTTTTTTT	Y][]X\WNW]a]]XSaa``[SVRNLWYNUZ\X^RVa\^_``]`TNGWVJY	9	35:T>G
SOLEXA7_00060:6:1:9:746#0/1	-	chr6	25766212	TTTTTTTTTTTTTTGTTTTTTTTTTTTTTTTTTTTTTTTTTTTTTTTTTT	Y][]X\WNW]a]]XSaa``[SVRNLWYNUZ\X^RVa\^_``]`TNGWVJY	9	35:T>G
SOLEXA7_00060:6:1:9:746#0/1	-	chr6	97209894	TTTTTTTTTTTTTTGTTTTTTTTTTTTTTTTTTTTTTTTTTTTTTTTTTT	Y][]X\WNW]a]]XSaa``[SVRNLWYNUZ\X^RVa\^_``]`TNGWVJY	9	35:T>G
SOLEXA7_00060:6:1:9:746#0/1	-	chr17	55341376	TTTTTTTTTTTTTTGTTTTTTTTTTTTTTTTTTTTTTTTTTTTTTTTTTT	Y][]X\WNW]a]]XSaa``[SVRNLWYNUZ\X^RVa\^_``]`TNGWVJY	9	35:T>G
SOLEXA7_00060:6:1:9:746#0/1	-	chr12	100258849	TTTTTTTTTTTTTTGTTTTTTTTTTTTTTTTTTTTTTTTTTTTTTTTTTT	Y][]X\WNW]a]]XSaa``[SVRNLWYNUZ\X^RVa\^_``]`TNGWVJY	9	35:T>G
SOLEXA7_00060:6:1:9:746#0/1	-	chr12	119475235	TTTTTTTTTTTTTTGTTTTTTTTTTTTTTTTTTTTTTTTTTTTTTTTTTT	Y][]X\WNW]a]]XSaa``[SVRNLWYNUZ\X^RVa\^_``]`TNGWVJY	9	35:T>G
SOLEXA7_00060:6:1:9:746#0/1	-	chr12	3963537	TTTTTTTTTTTTTTGTTTTTTTTTTTTTTTTTTTTTTTTTTTTTTTTTTT	Y][]X\WNW]a]]XSaa``[SVRNLWYNUZ\X^RVa\^_``]`TNGWVJY	9	35:T>G
SOLEXA7_00060:6:1:9:746#0/1	-	chr12	125908335	TTTTTTTTTTTTTTGTTTTTTTTTTTTTTTTTTTTTTTTTTTTTTTTTTT	Y][]X\WNW]a]]XSaa``[SVRNLWYNUZ\X^RVa\^_``]`TNGWVJY	9	35:T>G
SOLEXA7_00060:6:1:9:746#0/1	-	chrX	132305886	TTTTTTTTTTTTTTGTTTTTTTTTTTTTTTTTTTTTTTTTTTTTTTTTTT	Y][]X\WNW]a]]XSaa``[SVRNLWYNUZ\X^RVa\^_``]`TNGWVJY	9	35:T>G
SOLEXA7_00060:6:1:9:1364#0/1	+	chr19	7075549	AGGAAAACAAAAAAAAAAAAAAAAAAAAAAAAAAACAAAAAAAAAAAAAA	HROYYXHRP_a]MMXaM\\VK^YY]_LNXH\_[YL_WIWXL\Y\^WL^L]	2	0:T>A,35:A>C
SOLEXA7_00060:6:1:9:1364#0/1	-	chr7	3138467	TTTTTTTTTTTTTTGTTTTTTTTTTTTTTTTTTTTTTTTTTTGTTTTCCT	]L^LW^\Y\LXWIW_LY[_\HXNL_]YY^KV\\MaXMM]a_PRHXYYORH	2	1:T>C,35:T>G
SOLEXA7_00060:6:1:9:1364#0/1	-	chr20	32279612	TTTTTTTTTTTTTTGTTTTTTTTTTTTTTTTTTTTTTTTTTTGTTTTCCT	]L^LW^\Y\LXWIW_LY[_\HXNL_]YY^KV\\MaXMM]a_PRHXYYORH	2	1:T>C,35:T>G
SOLEXA7_00060:6:1:10:1282#0/1	-	chr15	80798932	GGGGGCCAGACGCGGGAGAAAGGGGCGCGCTCGCCCCGCCTGGGGAACCG	TSTZ_[US]OYVSZ_MHYaX__a`a`\`a`aaa[aa_a[a_aaaaaZ[^_	6	48:C>G
SOLEXA7_00060:6:1:10:1282#0/1	-	chr15	82767291	GGGGGCCAGACGCGGGAGAAAGGGGCGCGCTCGCCCCGCCTGGGGAACCG	TSTZ_[US]OYVSZ_MHYaX__a`a`\`a`aaa[aa_a[a_aaaaaZ[^_	6	48:C>G
SOLEXA7_00060:6:1:10:1282#0/1	+	chr15	80525048	CGGTTCCCCAGGCGGGGCGAGCGCGCCCCTTTCTCCCGCGTCTGGCCCCC	_^[Zaaaaa_a[a_aa[aaa`a`\`a`a__XaYHM_ZSVYO]SU[_ZTST	6	48:G>C
SOLEXA7_00060:6:1:10:1282#0/1	+	chr15	80911579	CGGTTCCCCAGGCGGGGCGAGCGCGCCCCTTTCTCCCGCGTCTGGCCCCC	_^[Zaaaaa_a[a_aa[aaa`a`\`a`a__XaYHM_ZSVYO]SU[_ZTST	6	48:G>C
SOLEXA7_00060:6:1:10:1282#0/1	+	chr15	82632926	CGGTTCCCCAGGCGGGGCGAGCGCGCCCCTTTCTCCCGCGTCTGGCCCCC	_^[Zaaaaa_a[a_aa[aaa`a`\`a`a__XaYHM_ZSVYO]SU[_ZTST	6	48:G>C
SOLEXA7_00060:6:1:10:1282#0/1	+	chrY	26020209	CGGTTCCCCAGGCGGGGCGAGCGCGCCCCTTTCTCCCGCGTCTGGCCCCC	_^[Zaaaaa_a[a_aa[aaa`a`\`a`a__XaYHM_ZSVYO]SU[_ZTST	6	40:A>T,48:G>C
SOLEXA7_00060:6:1:10:1282#0/1	-	chrY	24760948	GGGGGCCAGACGCGGGAGAAAGGGGCGCGCTCGCCCCGCCTGGGGAACCG	TSTZ_[US]OYVSZ_MHYaX__a`a`\`a`aaa[aa_a[a_aaaaaZ[^_	6	40:T>A,48:C>G
SOLEXA7_00060:6:1:10:843#0/1	+	chr4	48970467	AAAAAAAAAAAAAAAAAAAAAAAAAAAAAAAAAAACAAAAAAAAAAAAAA	`NX\XaZ_X^\^Z\_ZWXMMXNNWMMXM\IV]BBBBBBBBBBBBBBBBBB	9	
SOLEXA7_00060:6:1:10:843#0/1	-	chr15	78928349	TTTTTTTTTTTTTTGTTTTTTTTTTTTTTTTTTTTTTTTTTTTTTTTTTT	BBBBBBBBBBBBBBBBBB]VI\MXMMWNNXMMXWZ_\Z^\^X_ZaX\XN`	9	35:T>G
SOLEXA7_00060:6:1:10:843#0/1	-	chr6	25766212	TTTTTTTTTTTTTTGTTTTTTTTTTTTTTTTTTTTTTTTTTTTTTTTTTT	BBBBBBBBBBBBBBBBBB]VI\MXMMWNNXMMXWZ_\Z^\^X_ZaX\XN`	9	35:T>G
SOLEXA7_00060:6:1:10:843#0/1	-	chr6	97209894	TTTTTTTTTTTTTTGTTTTTTTTTTTTTTTTTTTTTTTTTTTTTTTTTTT	BBBBBBBBBBBBBBBBBB]VI\MXMMWNNXMMXWZ_\Z^\^X_ZaX\XN`	9	35:T>G
SOLEXA7_00060:6:1:10:843#0/1	-	chr17	55341376	TTTTTTTTTTTTTTGTTTTTTTTTTTTTTTTTTTTTTTTTTTTTTTTTTT	BBBBBBBBBBBBBBBBBB]VI\MXMMWNNXMMXWZ_\Z^\^X_ZaX\XN`	9	35:T>G
SOLEXA7_00060:6:1:10:843#0/1	-	chr12	100258849	TTTTTTTTTTTTTTGTTTTTTTTTTTTTTTTTTTTTTTTTTTTTTTTTTT	BBBBBBBBBBBBBBBBBB]VI\MXMMWNNXMMXWZ_\Z^\^X_ZaX\XN`	9	35:T>G
SOLEXA7_00060:6:1:10:843#0/1	-	chr12	119475235	TTTTTTTTTTTTTTGTTTTTTTTTTTTTTTTTTTTTTTTTTTTTTTTTTT	BBBBBBBBBBBBBBBBBB]VI\MXMMWNNXMMXWZ_\Z^\^X_ZaX\XN`	9	35:T>G
SOLEXA7_00060:6:1:10:843#0/1	-	chr12	3963537	TTTTTTTTTTTTTTGTTTTTTTTTTTTTTTTTTTTTTTTTTTTTTTTTTT	BBBBBBBBBBBBBBBBBB]VI\MXMMWNNXMMXWZ_\Z^\^X_ZaX\XN`	9	35:T>G
SOLEXA7_00060:6:1:10:843#0/1	-	chr12	125908335	TTTTTTTTTTTTTTGTTTTTTTTTTTTTTTTTTTTTTTTTTTTTTTTTTT	BBBBBBBBBBBBBBBBBB]VI\MXMMWNNXMMXWZ_\Z^\^X_ZaX\XN`	9	35:T>G
SOLEXA7_00060:6:1:10:843#0/1	-	chrX	132305886	TTTTTTTTTTTTTTGTTTTTTTTTTTTTTTTTTTTTTTTTTTTTTTTTTT	BBBBBBBBBBBBBBBBBB]VI\MXMMWNNXMMXWZ_\Z^\^X_ZaX\XN`	9	35:T>G
SOLEXA7_00060:6:1:10:903#0/1	+	chr4	48970467	AAAAAAAAAAAAAAAAAAAAAAAAAAAAAAAAAAACAAAAAAAAAAAAAA	aIRQY_MXVX\LXPMUXXa`MXTT^NGYUV[X`\HYZXXX\X`XUVUXI\	9	
SOLEXA7_00060:6:1:10:903#0/1	-	chr15	78928349	TTTTTTTTTTTTTTGTTTTTTTTTTTTTTTTTTTTTTTTTTTTTTTTTTT	\IXUVUX`X\XXXZYH\`X[VUYGN^TTXM`aXXUMPXL\XVXM_YQRIa	9	35:T>G
SOLEXA7_00060:6:1:10:903#0/1	-	chr6	25766212	TTTTTTTTTTTTTTGTTTTTTTTTTTTTTTTTTTTTTTTTTTTTTTTTTT	\IXUVUX`X\XXXZYH\`X[VUYGN^TTXM`aXXUMPXL\XVXM_YQRIa	9	35:T>G
SOLEXA7_00060:6:1:10:903#0/1	-	chr6	97209894	TTTTTTTTTTTTTTGTTTTTTTTTTTTTTTTTTTTTTTTTTTTTTTTTTT	\IXUVUX`X\XXXZYH\`X[VUYGN^TTXM`aXXUMPXL\XVXM_YQRIa	9	35:T>G
SOLEXA7_00060:6:1:10:903#0/1	-	chr17	55341376	TTTTTTTTTTTTTTGTTTTTTTTTTTTTTTTTTTTTTTTTTTTTTTTTTT	\IXUVUX`X\XXXZYH\`X[VUYGN^TTXM`aXXUMPXL\XVXM_YQRIa	9	35:T>G
SOLEXA7_00060:6:1:10:903#0/1	-	chr12	100258849	TTTTTTTTTTTTTTGTTTTTTTTTTTTTTTTTTTTTTTTTTTTTTTTTTT	\IXUVUX`X\XXXZYH\`X[VUYGN^TTXM`aXXUMPXL\XVXM_YQRIa	9	35:T>G
SOLEXA7_00060:6:1:10:903#0/1	-	chr12	119475235	TTTTTTTTTTTTTTGTTTTTTTTTTTTTTTTTTTTTTTTTTTTTTTTTTT	\IXUVUX`X\XXXZYH\`X[VUYGN^TTXM`aXXUMPXL\XVXM_YQRIa	9	35:T>G
SOLEXA7_00060:6:1:10:903#0/1	-	chr12	3963537	TTTTTTTTTTTTTTGTTTTTTTTTTTTTTTTTTTTTTTTTTTTTTTTTTT	\IXUVUX`X\XXXZYH\`X[VUYGN^TTXM`aXXUMPXL\XVXM_YQRIa	9	35:T>G
SOLEXA7_00060:6:1:10:903#0/1	-	chr12	125908335	TTTTTTTTTTTTTTGTTTTTTTTTTTTTTTTTTTTTTTTTTTTTTTTTTT	\IXUVUX`X\XXXZYH\`X[VUYGN^TTXM`aXXUMPXL\XVXM_YQRIa	9	35:T>G
SOLEXA7_00060:6:1:10:903#0/1	-	chrX	132305886	TTTTTTTTTTTTTTGTTTTTTTTTTTTTTTTTTTTTTTTTTTTTTTTTTT	\IXUVUX`X\XXXZYH\`X[VUYGN^TTXM`aXXUMPXL\XVXM_YQRIa	9	35:T>G
SOLEXA7_00060:6:1:10:1447#0/1	-	chr9	42722632	CCGCCCACCCCAGCCTCCCAAACTGCTGGGATTAGGCGTGAGCCACCGCG	BXPSYWKZXV\S^Q]JS]\\\RXQ_VR_``^\VX``\^\a]a`\\]^aaa	3	27:G>C,47:A>G
SOLEXA7_00060:6:1:10:1447#0/1	+	chr9	69453179	CGCGGTGGCTCACGCCTAATCCCAGCAGTTTGGGAGGCTGGGGTGGGCGG	aaa^]\\`a]a\^\``XV\^``_RV_QXR\\\]SJ]Q^S\VXZKWYSPXB	3	27:C>G,47:T>C
SOLEXA7_00060:6:1:10:1447#0/1	+	chr9	69654098	CGCGGTGGCTCACGCCTAATCCCAGCAGTTTGGGAGGCTGGGGTGGGCGG	aaa^]\\`a]a\^\``XV\^``_RV_QXR\\\]SJ]Q^S\VXZKWYSPXB	3	27:C>G,47:T>C
SOLEXA7_00060:6:1:10:1447#0/1	+	chr9	69088176	CGCGGTGGCTCACGCCTAATCCCAGCAGTTTGGGAGGCTGGGGTGGGCGG	aaa^]\\`a]a\^\``XV\^``_RV_QXR\\\]SJ]Q^S\VXZKWYSPXB	3	27:C>G,47:T>C
SOLEXA7_00060:6:1:12:1736#0/1	+	chr8	56062975	CGCACAACTACATGGAAACTGAACAACCTGCTCCTGAATGACTACTGGGT	aaaa^_`_^Z^ZZ_WDKQXV^SVZQSYWWZWWW[XBBBBBBBBBBBBBBB	9	
SOLEXA7_00060:6:1:12:1736#0/1	+	chr15	97351571	CGCACAACTACATGGAAACTGAACAACCTGCTCCTGAATGACTACTGGGT	aaaa^_`_^Z^ZZ_WDKQXV^SVZQSYWWZWWW[XBBBBBBBBBBBBBBB	9	
SOLEXA7_00060:6:1:12:1736#0/1	+	chr1	45337013	CGCACAACTACATGGAAACTGAACAACCTGCTCCTGAATGACTACTGGGT	aaaa^_`_^Z^ZZ_WDKQXV^SVZQSYWWZWWW[XBBBBBBBBBBBBBBB	9	
SOLEXA7_00060:6:1:12:1736#0/1	+	chr13	97053361	CGCACAACTACATGGAAACTGAACAACCTGCTCCTGAATGACTACTGGGT	aaaa^_`_^Z^ZZ_WDKQXV^SVZQSYWWZWWW[XBBBBBBBBBBBBBBB	9	
SOLEXA7_00060:6:1:12:1736#0/1	+	chr5	15152605	CGCACAACTACATGGAAACTGAACAACCTGCTCCTGAATGACTACTGGGT	aaaa^_`_^Z^ZZ_WDKQXV^SVZQSYWWZWWW[XBBBBBBBBBBBBBBB	9	
SOLEXA7_00060:6:1:12:1736#0/1	+	chr19	44834524	CGCACAACTACATGGAAACTGAACAACCTGCTCCTGAATGACTACTGGGT	aaaa^_`_^Z^ZZ_WDKQXV^SVZQSYWWZWWW[XBBBBBBBBBBBBBBB	9	
SOLEXA7_00060:6:1:12:1736#0/1	+	chr18	18453030	CGCACAACTACATGGAAACTGAACAACCTGCTCCTGAATGACTACTGGGT	aaaa^_`_^Z^ZZ_WDKQXV^SVZQSYWWZWWW[XBBBBBBBBBBBBBBB	9	
SOLEXA7_00060:6:1:12:1736#0/1	+	chr3	63657813	CGCACAACTACATGGAAACTGAACAACCTGCTCCTGAATGACTACTGGGT	aaaa^_`_^Z^ZZ_WDKQXV^SVZQSYWWZWWW[XBBBBBBBBBBBBBBB	9	
SOLEXA7_00060:6:1:12:1736#0/1	+	chr5	125656925	CGCACAACTACATGGAAACTGAACAACCTGCTCCTGAATGACTACTGGGT	aaaa^_`_^Z^ZZ_WDKQXV^SVZQSYWWZWWW[XBBBBBBBBBBBBBBB	9	
SOLEXA7_00060:6:1:12:1736#0/1	+	chr11	16708574	CGCACAACTACATGGAAACTGAACAACCTGCTCCTGAATGACTACTGGGT	aaaa^_`_^Z^ZZ_WDKQXV^SVZQSYWWZWWW[XBBBBBBBBBBBBBBB	9	
SOLEXA7_00060:6:1:12:1197#0/1	+	chr4	48970467	AAAAAAAAAAAANAAAAAAAAAAAAAAAAAAAAAACAAAAAAAAAAAAAA	]MXZ^^_V^VVRDM\Xa][RN]M[aYZXW^Y\XLLT\XY^YXI^X\UUNU	9	12:A>N
SOLEXA7_00060:6:1:12:1197#0/1	+	chr5	94854099	AAAAAAAAAAAANAAAAAAAAAAAAAAAAAAAAAACAAAAAAAAAAAAAA	]MXZ^^_V^VVRDM\Xa][RN]M[aYZXW^Y\XLLT\XY^YXI^X\UUNU	9	12:G>N,35:A>C
SOLEXA7_00060:6:1:12:1197#0/1	+	chr16	62037852	AAAAAAAAAAAANAAAAAAAAAAAAAAAAAAAAAACAAAAAAAAAAAAAA	]MXZ^^_V^VVRDM\Xa][RN]M[aYZXW^Y\XLLT\XY^YXI^X\UUNU	9	12:G>N,37:T>A
SOLEXA7_00060:6:1:12:1197#0/1	+	chr4	165883014	AAAAAAAAAAAANAAAAAAAAAAAAAAAAAAAAAACAAAAAAAAAAAAAA	]MXZ^^_V^VVRDM\Xa][RN]M[aYZXW^Y\XLLT\XY^YXI^X\UUNU	9	12:G>N,35:A>C
SOLEXA7_00060:6:1:12:1197#0/1	+	chr2	161524904	AAAAAAAAAAAANAAAAAAAAAAAAAAAAAAAAAACAAAAAAAAAAAAAA	]MXZ^^_V^VVRDM\Xa][RN]M[aYZXW^Y\XLLT\XY^YXI^X\UUNU	9	12:G>N,35:A>C
SOLEXA7_00060:6:1:12:1197#0/1	+	chr7	131617909	AAAAAAAAAAAANAAAAAAAAAAAAAAAAAAAAAACAAAAAAAAAAAAAA	]MXZ^^_V^VVRDM\Xa][RN]M[aYZXW^Y\XLLT\XY^YXI^X\UUNU	9	12:G>N,35:A>C
SOLEXA7_00060:6:1:12:1197#0/1	+	chr19	8239504	AAAAAAAAAAAANAAAAAAAAAAAAAAAAAAAAAACAAAAAAAAAAAAAA	]MXZ^^_V^VVRDM\Xa][RN]M[aYZXW^Y\XLLT\XY^YXI^X\UUNU	9	12:G>N,35:A>C
SOLEXA7_00060:6:1:12:1197#0/1	+	chr4	67205472	AAAAAAAAAAAANAAAAAAAAAAAAAAAAAAAAAACAAAAAAAAAAAAAA	]MXZ^^_V^VVRDM\Xa][RN]M[aYZXW^Y\XLLT\XY^YXI^X\UUNU	9	12:G>N,35:A>C
SOLEXA7_00060:6:1:12:1197#0/1	+	chr12	94489185	AAAAAAAAAAAANAAAAAAAAAAAAAAAAAAAAAACAAAAAAAAAAAAAA	]MXZ^^_V^VVRDM\Xa][RN]M[aYZXW^Y\XLLT\XY^YXI^X\UUNU	9	12:G>N,35:A>C
SOLEXA7_00060:6:1:12:1197#0/1	+	chr5	87443887	AAAAAAAAAAAANAAAAAAAAAAAAAAAAAAAAAACAAAAAAAAAAAAAA	]MXZ^^_V^VVRDM\Xa][RN]M[aYZXW^Y\XLLT\XY^YXI^X\UUNU	9	12:G>N,35:A>C
SOLEXA7_00060:6:1:12:766#0/1	-	chr10	111562111	TTTTTTTTTTTTTTGTTTTTTTTTTTTTTTTCTTTTTTTTTTTTTTTTTT	BBBBBBBBBBBBBBBBBBBBBBBBBBBBBBBBBBBBBBB^ZZ[HQ\\aMa	1	35:T>G,48:C>T
SOLEXA7_00060:6:1:12:766#0/1	-	chr2	32945492	TTTTTTTTTTTTTTGTTTTTTTTTTTTTTTTCTTTTTTTTTTTTTTTTTT	BBBBBBBBBBBBBBBBBBBBBBBBBBBBBBBBBBBBBBB^ZZ[HQ\\aMa	1	31:C>T,35:T>G
SOLEXA7_00060:6:1:13:1170#0/1	+	chr7	31593809	CGCGTCACCAAGACAATCCTAAGCCAAAAGAACAAAGCTCGAGGCATCAC	a^]YJ[]]`\]WY^`^^__[YMV_^RV^Z^[Y[VYMZYPZ^WWHVJVQZU	4	3:A>G,39:G>C
SOLEXA7_00060:6:1:13:1170#0/1	+	chr9	21011909	CGCGTCACCAAGACAATCCTAAGCCAAAAGAACAAAGCTCGAGGCATCAC	a^]YJ[]]`\]WY^`^^__[YMV_^RV^Z^[Y[VYMZYPZ^WWHVJVQZU	4	3:A>G,39:A>C
SOLEXA7_00060:6:1:13:1170#0/1	+	chr5	117751233	CGCGTCACCAAGACAATCCTAAGCCAAAAGAACAAAGCTCGAGGCATCAC	a^]YJ[]]`\]WY^`^^__[YMV_^RV^Z^[Y[VYMZYPZ^WWHVJVQZU	4	3:A>G,39:G>C
SOLEXA7_00060:6:1:13:1170#0/1	+	chr4	11705370	CGCGTCACCAAGACAATCCTAAGCCAAAAGAACAAAGCTCGAGGCATCAC	a^]YJ[]]`\]WY^`^^__[YMV_^RV^Z^[Y[VYMZYPZ^WWHVJVQZU	4	3:A>G,39:G>C
SOLEXA7_00060:6:1:13:1170#0/1	-	chr20	43723902	GTGATGCCTCGAGCTTTGTTCTTTTGGCTTAGGATTGTCTTGGTGACGCG	UZQVJVHWW^ZPYZMYV[Y[^Z^VR^_VMY[__^^`^YW]\`]][JY]^a	4	3:T>C,39:C>G
SOLEXA7_00060:6:1:14:427#0/1	-	chr18	15248751	TTCACCATATTGGCCGGGCTGATCTCTGCCTCCTGACCTCAGGTGATCCG	BBBBBBBBBBBBBBBBBBBBBBBBBBBBBBBBBBBBBBBBBBBBB]TM[a	3	22:A>G,34:A>G
SOLEXA7_00060:6:1:14:427#0/1	-	chr9	69124458	TTCACCATATTGGCCGGGCTGATCTCTGCCTCCTGACCTCAGGTGATCCG	BBBBBBBBBBBBBBBBBBBBBBBBBBBBBBBBBBBBBBBBBBBBB]TM[a	3	22:A>G,34:A>G
SOLEXA7_00060:6:1:14:427#0/1	+	chr21	13403610	CGGATCACCTGAGGTCAGGAGGCAGAGATCAGCCCGGCCAATATGGTGAA	a[MT]BBBBBBBBBBBBBBBBBBBBBBBBBBBBBBBBBBBBBBBBBBBBB	3	22:T>C,34:T>C
SOLEXA7_00060:6:1:14:427#0/1	+	chr13	17953199	CGGATCACCTGAGGTCAGGAGGCAGAGATCAGCCCGGCCAATATGGTGAA	a[MT]BBBBBBBBBBBBBBBBBBBBBBBBBBBBBBBBBBBBBBBBBBBBB	3	22:T>C,34:T>C
SOLEXA7_00060:6:1:14:885#0/1	+	chr4	48970467	AAAAAAAAAAAAAAAAAAAAAAAAAAAAAAAAAAACAAAAAAAAAAAAAA	\MMRNUa^ULP^aSSNMW[\_a_UR\`YRYX\]YGYN]YNFRRTVSGTUR	9	
SOLEXA7_00060:6:1:14:885#0/1	-	chr15	78928349	TTTTTTTTTTTTTTGTTTTTTTTTTTTTTTTTTTTTTTTTTTTTTTTTTT	RUTGSVTRRFNY]NYGY]\XYRY`\RU_a_\[WMNSSa^PLU^aUNRMM\	9	35:T>G
SOLEXA7_00060:6:1:14:885#0/1	-	chr6	25766212	TTTTTTTTTTTTTTGTTTTTTTTTTTTTTTTTTTTTTTTTTTTTTTTTTT	RUTGSVTRRFNY]NYGY]\XYRY`\RU_a_\[WMNSSa^PLU^aUNRMM\	9	35:T>G
SOLEXA7_00060:6:1:14:885#0/1	-	chr6	97209894	TTTTTTTTTTTTTTGTTTTTTTTTTTTTTTTTTTTTTTTTTTTTTTTTTT	RUTGSVTRRFNY]NYGY]\XYRY`\RU_a_\[WMNSSa^PLU^aUNRMM\	9	35:T>G
SOLEXA7_00060:6:1:14:885#0/1	-	chr17	55341376	TTTTTTTTTTTTTTGTTTTTTTTTTTTTTTTTTTTTTTTTTTTTTTTTTT	RUTGSVTRRFNY]NYGY]\XYRY`\RU_a_\[WMNSSa^PLU^aUNRMM\	9	35:T>G
SOLEXA7_00060:6:1:14:885#0/1	-	chr12	100258849	TTTTTTTTTTTTTTGTTTTTTTTTTTTTTTTTTTTTTTTTTTTTTTTTTT	RUTGSVTRRFNY]NYGY]\XYRY`\RU_a_\[WMNSSa^PLU^aUNRMM\	9	35:T>G
SOLEXA7_00060:6:1:14:885#0/1	-	chr12	119475235	TTTTTTTTTTTTTTGTTTTTTTTTTTTTTTTTTTTTTTTTTTTTTTTTTT	RUTGSVTRRFNY]NYGY]\XYRY`\RU_a_\[WMNSSa^PLU^aUNRMM\	9	35:T>G
SOLEXA7_00060:6:1:14:885#0/1	-	chr12	3963537	TTTTTTTTTTTTTTGTTTTTTTTTTTTTTTTTTTTTTTTTTTTTTTTTTT	RUTGSVTRRFNY]NYGY]\XYRY`\RU_a_\[WMNSSa^PLU^aUNRMM\	9	35:T>G
SOLEXA7_00060:6:1:14:885#0/1	-	chr12	125908335	TTTTTTTTTTTTTTGTTTTTTTTTTTTTTTTTTTTTTTTTTTTTTTTTTT	RUTGSVTRRFNY]NYGY]\XYRY`\RU_a_\[WMNSSa^PLU^aUNRMM\	9	35:T>G
SOLEXA7_00060:6:1:14:885#0/1	-	chrX	132305886	TTTTTTTTTTTTTTGTTTTTTTTTTTTTTTTTTTTTTTTTTTTTTTTTTT	RUTGSVTRRFNY]NYGY]\XYRY`\RU_a_\[WMNSSa^PLU^aUNRMM\	9	35:T>G
SOLEXA7_00060:6:1:16:1521#0/1	+	chr9	78376640	CGCACGTTCGTGGGGAACCTGGCGCTAAACCATTCGTAGACGACCTGCTT	aab^``\Z]UZX^Y_UWZ_Y]V^_`]YZUZ[^\VYaBBBBBBBBBBBBBB	1	
SOLEXA7_00060:6:1:16:1521#0/1	-	chr12	126216485	AAGCAGGTCGTCTACGAATGGTTTAGCGCCAGGTTCCCCACGAACGTGCG	BBBBBBBBBBBBBBaYV\^[ZUZY]`_^V]Y_ZWU_Y^XZU]Z\``^baa	1	44:A>G
SOLEXA7_00060:6:1:16:1581#0/1	+	chr14	74282278	AGCCTGGGTGACAGAGCGAGACTCCATCTCAAAAAAAAAAAAAACCAAAA	L_ba`a]_S][`Y][^a\VWEXW]`^UBBBBBBBBBBBBBBBBBBBBBBB	9	
SOLEXA7_00060:6:1:16:1581#0/1	-	chr19	61802871	TTTTGGTTTTTTTTTTTTTTGAGATGGAGTCTCGCTCTGTCACCCAGGCT	BBBBBBBBBBBBBBBBBBBBBBBU^`]WXEWV\a^[]Y`[]S_]a`ab_L	9	44:T>G
SOLEXA7_00060:6:1:16:1581#0/1	-	chr7	24934333	TTTTGGTTTTTTTTTTTTTTGAGATGGAGTCTCGCTCTGTCACCCAGGCT	BBBBBBBBBBBBBBBBBBBBBBBU^`]WXEWV\a^[]Y`[]S_]a`ab_L	9	44:T>G
SOLEXA7_00060:6:1:16:1581#0/1	+	chr9	137599655	AGCCTGGGTGACAGAGCGAGACTCCATCTCAAAAAAAAAAAAAACCAAAA	L_ba`a]_S][`Y][^a\VWEXW]`^UBBBBBBBBBBBBBBBBBBBBBBB	9	43:C>A
SOLEXA7_00060:6:1:16:1581#0/1	+	chr19	47590359	AGCCTGGGTGACAGAGCGAGACTCCATCTCAAAAAAAAAAAAAACCAAAA	L_ba`a]_S][`Y][^a\VWEXW]`^UBBBBBBBBBBBBBBBBBBBBBBB	9	44:A>C
SOLEXA7_00060:6:1:16:1581#0/1	+	chr5	130233825	AGCCTGGGTGACAGAGCGAGACTCCATCTCAAAAAAAAAAAAAACCAAAA	L_ba`a]_S][`Y][^a\VWEXW]`^UBBBBBBBBBBBBBBBBBBBBBBB	9	44:A>C
SOLEXA7_00060:6:1:16:1581#0/1	+	chr3	49412618	AGCCTGGGTGACAGAGCGAGACTCCATCTCAAAAAAAAAAAAAACCAAAA	L_ba`a]_S][`Y][^a\VWEXW]`^UBBBBBBBBBBBBBBBBBBBBBBB	9	44:A>C
SOLEXA7_00060:6:1:16:1581#0/1	+	chr13	114060855	AGCCTGGGTGACAGAGCGAGACTCCATCTCAAAAAAAAAAAAAACCAAAA	L_ba`a]_S][`Y][^a\VWEXW]`^UBBBBBBBBBBBBBBBBBBBBBBB	9	44:A>C
SOLEXA7_00060:6:1:16:1581#0/1	-	chr22	39656077	TTTTGGTTTTTTTTTTTTTTGAGATGGAGTCTCGCTCTGTCACCCAGGCT	BBBBBBBBBBBBBBBBBBBBBBBU^`]WXEWV\a^[]Y`[]S_]a`ab_L	9	45:T>G
SOLEXA7_00060:6:1:16:1581#0/1	-	chr9	91256911	TTTTGGTTTTTTTTTTTTTTGAGATGGAGTCTCGCTCTGTCACCCAGGCT	BBBBBBBBBBBBBBBBBBBBBBBU^`]WXEWV\a^[]Y`[]S_]a`ab_L	9	45:T>G
SOLEXA7_00060:6:1:17:614#0/1	+	chrY	2379711	CGGTGACAGAGAAATGGGATTCCACATGAGAGTCAGAGGCACCCAGTGAA	a`^`b^bbaa^_T````a\`abbbaba`_[``Ya^b]]]a``^a]]Y]][	1	38:A>G
SOLEXA7_00060:6:1:17:614#0/1	+	chrX	2379711	CGGTGACAGAGAAATGGGATTCCACATGAGAGTCAGAGGCACCCAGTGAA	a`^`b^bbaa^_T````a\`abbbaba`_[``Ya^b]]]a``^a]]Y]][	1	38:A>G
SOLEXA7_00060:6:1:17:1692#0/1	+	chr13	56614890	CGCCTGGAACTGTGCAGGAAGGCCCTGGCCCCGACGTGGCGCCCCCTGAG	a`^^\\ZSXXSSTRQMPPOROSBBBBBBBBBBBBBBBBBBBBBBBBBBBB	4	42:A>C,43:A>C
SOLEXA7_00060:6:1:17:1692#0/1	+	chr13	56628033	CGCCTGGAACTGTGCAGGAAGGCCCTGGCCCCGACGTGGCGCCCCCTGAG	a`^^\\ZSXXSSTRQMPPOROSBBBBBBBBBBBBBBBBBBBBBBBBBBBB	4	42:A>C,43:A>C
SOLEXA7_00060:6:1:17:1692#0/1	+	chr13	56634604	CGCCTGGAACTGTGCAGGAAGGCCCTGGCCCCGACGTGGCGCCCCCTGAG	a`^^\\ZSXXSSTRQMPPOROSBBBBBBBBBBBBBBBBBBBBBBBBBBBB	4	42:A>C,43:A>C
SOLEXA7_00060:6:1:17:1692#0/1	+	chr13	56641169	CGCCTGGAACTGTGCAGGAAGGCCCTGGCCCCGACGTGGCGCCCCCTGAG	a`^^\\ZSXXSSTRQMPPOROSBBBBBBBBBBBBBBBBBBBBBBBBBBBB	4	42:A>C,43:A>C
SOLEXA7_00060:6:1:17:1692#0/1	+	chr13	56621460	CGCCTGGAACTGTGCAGGAAGGCCCTGGCCCCGACGTGGCGCCCCCTGAG	a`^^\\ZSXXSSTRQMPPOROSBBBBBBBBBBBBBBBBBBBBBBBBBBBB	4	42:A>C,43:A>C
SOLEXA7_00060:6:1:17:137#0/1	+	chr12	126961471	CGGATCATCTGAGGTCATGAGTTCAAGACCAGCCTGGCCAACATGGTGAA	^HLTQ`\V]ZPXRRNRXSSYZRNRTOOQSUQNQUBBBBBBBBBBBBBBBB	1	
SOLEXA7_00060:6:1:17:137#0/1	-	chr1	65432926	TTCACCATGTTGGCCAGGCTGGTCTTGAACTCATGACCTCAGATGATCCG	BBBBBBBBBBBBBBBBUQNQUSQOOTRNRZYSSXRNRRXPZ]V\`QTLH^	1	40:G>T
SOLEXA7_00060:6:1:17:915#0/1	+	chr4	48970467	AAAAAAAAAAAAAAAAAAAAAAAAAAAAAAAAAAACAAAAAAAAAAAAAA	BBBBBBBBBBBBBBBBBBBBBBBBBBBBBBBBBBBBBBBBBBBBBBBBBB	9	
SOLEXA7_00060:6:1:17:915#0/1	-	chr8	53773787	TTTTTTTTTTTTTTGTTTTTTTTTTTTTTTTTTTTTTTTTTTTTTTTTTT	BBBBBBBBBBBBBBBBBBBBBBBBBBBBBBBBBBBBBBBBBBBBBBBBBB	9	35:T>G
SOLEXA7_00060:6:1:17:915#0/1	-	chr1	149915370	TTTTTTTTTTTTTTGTTTTTTTTTTTTTTTTTTTTTTTTTTTTTTTTTTT	BBBBBBBBBBBBBBBBBBBBBBBBBBBBBBBBBBBBBBBBBBBBBBBBBB	9	35:T>G
SOLEXA7_00060:6:1:17:915#0/1	-	chr11	69785326	TTTTTTTTTTTTTTGTTTTTTTTTTTTTTTTTTTTTTTTTTTTTTTTTTT	BBBBBBBBBBBBBBBBBBBBBBBBBBBBBBBBBBBBBBBBBBBBBBBBBB	9	35:T>G
SOLEXA7_00060:6:1:17:915#0/1	-	chr2	233760072	TTTTTTTTTTTTTTGTTTTTTTTTTTTTTTTTTTTTTTTTTTTTTTTTTT	BBBBBBBBBBBBBBBBBBBBBBBBBBBBBBBBBBBBBBBBBBBBBBBBBB	9	35:T>G
SOLEXA7_00060:6:1:17:915#0/1	-	chr10	6898561	TTTTTTTTTTTTTTGTTTTTTTTTTTTTTTTTTTTTTTTTTTTTTTTTTT	BBBBBBBBBBBBBBBBBBBBBBBBBBBBBBBBBBBBBBBBBBBBBBBBBB	9	35:T>G
SOLEXA7_00060:6:1:17:915#0/1	-	chr1	1368917	TTTTTTTTTTTTTTGTTTTTTTTTTTTTTTTTTTTTTTTTTTTTTTTTTT	BBBBBBBBBBBBBBBBBBBBBBBBBBBBBBBBBBBBBBBBBBBBBBBBBB	9	35:T>G
SOLEXA7_00060:6:1:17:915#0/1	-	chr7	77108465	TTTTTTTTTTTTTTGTTTTTTTTTTTTTTTTTTTTTTTTTTTTTTTTTTT	BBBBBBBBBBBBBBBBBBBBBBBBBBBBBBBBBBBBBBBBBBBBBBBBBB	9	35:T>G
SOLEXA7_00060:6:1:17:915#0/1	-	chr8	34433225	TTTTTTTTTTTTTTGTTTTTTTTTTTTTTTTTTTTTTTTTTTTTTTTTTT	BBBBBBBBBBBBBBBBBBBBBBBBBBBBBBBBBBBBBBBBBBBBBBBBBB	9	35:T>G
SOLEXA7_00060:6:1:17:915#0/1	-	chr12	64737676	TTTTTTTTTTTTTTGTTTTTTTTTTTTTTTTTTTTTTTTTTTTTTTTTTT	BBBBBBBBBBBBBBBBBBBBBBBBBBBBBBBBBBBBBBBBBBBBBBBBBB	9	35:T>G
SOLEXA7_00060:6:1:17:1307#0/1	+	chr17	33195899	CGGGCAGATCACAAGGTCAGGAGATTGAGACCATCCTGGCTAACATGGTG	aaaaabababbabbaa^``aaaaaaaa_aaa^aa\b\a]^^__^`\`BBB	9	
SOLEXA7_00060:6:1:17:1307#0/1	+	chrX	71848081	CGGGCAGATCACAAGGTCAGGAGATTGAGACCATCCTGGCTAACATGGTG	aaaaabababbabbaa^``aaaaaaaa_aaa^aa\b\a]^^__^`\`BBB	9	
SOLEXA7_00060:6:1:17:1307#0/1	+	chr17	7267324	CGGGCAGATCACAAGGTCAGGAGATTGAGACCATCCTGGCTAACATGGTG	aaaaabababbabbaa^``aaaaaaaa_aaa^aa\b\a]^^__^`\`BBB	9	
SOLEXA7_00060:6:1:17:1307#0/1	+	chr3	193253653	CGGGCAGATCACAAGGTCAGGAGATTGAGACCATCCTGGCTAACATGGTG	aaaaabababbabbaa^``aaaaaaaa_aaa^aa\b\a]^^__^`\`BBB	9	
SOLEXA7_00060:6:1:17:1307#0/1	+	chr22	29086262	CGGGCAGATCACAAGGTCAGGAGATTGAGACCATCCTGGCTAACATGGTG	aaaaabababbabbaa^``aaaaaaaa_aaa^aa\b\a]^^__^`\`BBB	9	
SOLEXA7_00060:6:1:17:1307#0/1	+	chr19	5132097	CGGGCAGATCACAAGGTCAGGAGATTGAGACCATCCTGGCTAACATGGTG	aaaaabababbabbaa^``aaaaaaaa_aaa^aa\b\a]^^__^`\`BBB	9	
SOLEXA7_00060:6:1:17:1307#0/1	+	chr12	78777016	CGGGCAGATCACAAGGTCAGGAGATTGAGACCATCCTGGCTAACATGGTG	aaaaabababbabbaa^``aaaaaaaa_aaa^aa\b\a]^^__^`\`BBB	9	
SOLEXA7_00060:6:1:17:1307#0/1	+	chr16	3219636	CGGGCAGATCACAAGGTCAGGAGATTGAGACCATCCTGGCTAACATGGTG	aaaaabababbabbaa^``aaaaaaaa_aaa^aa\b\a]^^__^`\`BBB	9	
SOLEXA7_00060:6:1:17:1307#0/1	+	chr19	39365352	CGGGCAGATCACAAGGTCAGGAGATTGAGACCATCCTGGCTAACATGGTG	aaaaabababbabbaa^``aaaaaaaa_aaa^aa\b\a]^^__^`\`BBB	9	
SOLEXA7_00060:6:1:17:1307#0/1	+	chr9	134190334	CGGGCAGATCACAAGGTCAGGAGATTGAGACCATCCTGGCTAACATGGTG	aaaaabababbabbaa^``aaaaaaaa_aaa^aa\b\a]^^__^`\`BBB	9	
SOLEXA7_00060:6:1:17:1613#0/1	+	chrX	58596488	CGCTAAATAGCCACTTGCACATTGTAGAAAAAGTGTGTCGAAGCTGCGCT	aa___[T[ZZZ_[WYY][WYQUY[TRTSJSQTTRTTQVWBBBBBBBBBBB	9	9:T>G
SOLEXA7_00060:6:1:17:1613#0/1	+	chrX	58590317	CGCTAAATAGCCACTTGCACATTGTAGAAAAAGTGTGTCGAAGCTGCGCT	aa___[T[ZZZ_[WYY][WYQUY[TRTSJSQTTRTTQVWBBBBBBBBBBB	9	9:T>G
SOLEXA7_00060:6:1:17:1613#0/1	+	chrX	58586203	CGCTAAATAGCCACTTGCACATTGTAGAAAAAGTGTGTCGAAGCTGCGCT	aa___[T[ZZZ_[WYY][WYQUY[TRTSJSQTTRTTQVWBBBBBBBBBBB	9	9:T>G
SOLEXA7_00060:6:1:17:1613#0/1	+	chrX	58598545	CGCTAAATAGCCACTTGCACATTGTAGAAAAAGTGTGTCGAAGCTGCGCT	aa___[T[ZZZ_[WYY][WYQUY[TRTSJSQTTRTTQVWBBBBBBBBBBB	9	9:T>G
SOLEXA7_00060:6:1:17:1613#0/1	+	chrX	58594431	CGCTAAATAGCCACTTGCACATTGTAGAAAAAGTGTGTCGAAGCTGCGCT	aa___[T[ZZZ_[WYY][WYQUY[TRTSJSQTTRTTQVWBBBBBBBBBBB	9	9:T>G
SOLEXA7_00060:6:1:17:1613#0/1	+	chrX	58592374	CGCTAAATAGCCACTTGCACATTGTAGAAAAAGTGTGTCGAAGCTGCGCT	aa___[T[ZZZ_[WYY][WYQUY[TRTSJSQTTRTTQVWBBBBBBBBBBB	9	9:T>G
SOLEXA7_00060:6:1:17:1613#0/1	+	chrX	58588260	CGCTAAATAGCCACTTGCACATTGTAGAAAAAGTGTGTCGAAGCTGCGCT	aa___[T[ZZZ_[WYY][WYQUY[TRTSJSQTTRTTQVWBBBBBBBBBBB	9	9:T>G
SOLEXA7_00060:6:1:17:1613#0/1	+	chrX	58584146	CGCTAAATAGCCACTTGCACATTGTAGAAAAAGTGTGTCGAAGCTGCGCT	aa___[T[ZZZ_[WYY][WYQUY[TRTSJSQTTRTTQVWBBBBBBBBBBB	9	9:T>G
SOLEXA7_00060:6:1:17:1613#0/1	+	chrX	58582088	CGCTAAATAGCCACTTGCACATTGTAGAAAAAGTGTGTCGAAGCTGCGCT	aa___[T[ZZZ_[WYY][WYQUY[TRTSJSQTTRTTQVWBBBBBBBBBBB	9	9:T>G
SOLEXA7_00060:6:1:17:1613#0/1	+	chrX	61630299	CGCTAAATAGCCACTTGCACATTGTAGAAAAAGTGTGTCGAAGCTGCGCT	aa___[T[ZZZ_[WYY][WYQUY[TRTSJSQTTRTTQVWBBBBBBBBBBB	9	9:T>G
SOLEXA7_00060:6:1:18:754#0/1	+	chr9	65708756	CGGGCGACTGGAGTTTTATTATTGCTCAAATCAGTCTCCCCGAGCGTTTG	aBBBBBBBBBBBBBBBBBBBBBBBBBBBBBBBBBBBBBBBBBBBBBBBBB	3	4:A>C
SOLEXA7_00060:6:1:18:754#0/1	+	chr9	46748300	CGGGCGACTGGAGTTTTATTATTGCTCAAATCAGTCTCCCCGAGCGTTTG	aBBBBBBBBBBBBBBBBBBBBBBBBBBBBBBBBBBBBBBBBBBBBBBBBB	3	4:A>C
SOLEXA7_00060:6:1:18:754#0/1	+	chr9	44407761	CGGGCGACTGGAGTTTTATTATTGCTCAAATCAGTCTCCCCGAGCGTTTG	aBBBBBBBBBBBBBBBBBBBBBBBBBBBBBBBBBBBBBBBBBBBBBBBBB	3	4:A>C
SOLEXA7_00060:6:1:18:754#0/1	-	chr9	66260526	CAAACGCTCGGGGAGACTGATTTGAGCAATAATAAAACTCCAGTCGCCCG	BBBBBBBBBBBBBBBBBBBBBBBBBBBBBBBBBBBBBBBBBBBBBBBBBa	3	4:T>G
SOLEXA7_00060:6:1:19:677#0/1	+	chr9	46731468	CGCTGGTTGGATGGTATTGTTGTTTAGAATCTATAGTTGAGCAGGCCTTT	a`aa^`^`_aW`a^\aa```aa_a`___]_a`^a_`^``]\`]ZS^`\]Z	1	
SOLEXA7_00060:6:1:19:677#0/1	-	chr9	41897209	AAAGGCCTGCTCAACTATAGATTCTAAACAACAATACCATCCAACCAGCG	Z]\`^SZ]`\]``^`_a^`a_]___`a_aa```aa\^a`Wa_`^`^aa`a	1	
SOLEXA7_00060:6:1:19:889#0/1	-	chr2	138933506	ATTTTTTTTTTTTTGTTTTTTTTTTTTTTTTTTTTTTTCTTTTTTTTTTT	BBBBBBBBBBBBBBBBBBBBBBBBBBBBBBBBBBBBBBBBBBBBBBBBBB	1	35:T>G
SOLEXA7_00060:6:1:19:889#0/1	+	chr5	94854100	AAAAAAAAAAAGAAAAAAAAAAAAAAAAAAAAAAACAAAAAAAAAAAAAT	BBBBBBBBBBBBBBBBBBBBBBBBBBBBBBBBBBBBBBBBBBBBBBBBBB	1	35:A>C,49:C>T
SOLEXA7_00060:6:1:20:499#0/1	+	chr19	38702575	CGGAGGCGGGTGGATCACCTGAGGTCAGGAGTTCGAGACCCGTCTGGCCA	a]\VPQTPSDVWVP[UE]V_MOBBBBBBBBBBBBBBBBBBBBBBBBBBBB	9	40:A>C
SOLEXA7_00060:6:1:20:499#0/1	-	chr8	118693295	TGGCCAGACGGGTCTCGAACTCCTGACCTCAGGTGATCCACCCGCCTCCG	BBBBBBBBBBBBBBBBBBBBBBBBBBBBOM_V]EU[PVWVDSPTQPV\]a	9	40:T>G,42:G>A
SOLEXA7_00060:6:1:20:499#0/1	-	chr5	174062577	TGGCCAGACGGGTCTCGAACTCCTGACCTCAGGTGATCCACCCGCCTCCG	BBBBBBBBBBBBBBBBBBBBBBBBBBBBOM_V]EU[PVWVDSPTQPV\]a	9	40:T>G,42:G>A
SOLEXA7_00060:6:1:20:499#0/1	-	chr18	26753997	TGGCCAGACGGGTCTCGAACTCCTGACCTCAGGTGATCCACCCGCCTCCG	BBBBBBBBBBBBBBBBBBBBBBBBBBBBOM_V]EU[PVWVDSPTQPV\]a	9	40:T>G,42:G>A
SOLEXA7_00060:6:1:20:499#0/1	-	chr5	32122755	TGGCCAGACGGGTCTCGAACTCCTGACCTCAGGTGATCCACCCGCCTCCG	BBBBBBBBBBBBBBBBBBBBBBBBBBBBOM_V]EU[PVWVDSPTQPV\]a	9	40:T>G,42:G>A
SOLEXA7_00060:6:1:20:499#0/1	-	chrX	118205947	TGGCCAGACGGGTCTCGAACTCCTGACCTCAGGTGATCCACCCGCCTCCG	BBBBBBBBBBBBBBBBBBBBBBBBBBBBOM_V]EU[PVWVDSPTQPV\]a	9	40:T>G,42:G>A
SOLEXA7_00060:6:1:20:499#0/1	-	chr1	12669000	TGGCCAGACGGGTCTCGAACTCCTGACCTCAGGTGATCCACCCGCCTCCG	BBBBBBBBBBBBBBBBBBBBBBBBBBBBOM_V]EU[PVWVDSPTQPV\]a	9	40:T>G,42:G>A
SOLEXA7_00060:6:1:20:499#0/1	+	chr16	50772143	CGGAGGCGGGTGGATCACCTGAGGTCAGGAGTTCGAGACCCGTCTGGCCA	a]\VPQTPSDVWVP[UE]V_MOBBBBBBBBBBBBBBBBBBBBBBBBBBBB	9	40:A>C,42:C>T
SOLEXA7_00060:6:1:20:499#0/1	+	chr17	57950670	CGGAGGCGGGTGGATCACCTGAGGTCAGGAGTTCGAGACCCGTCTGGCCA	a]\VPQTPSDVWVP[UE]V_MOBBBBBBBBBBBBBBBBBBBBBBBBBBBB	9	40:A>C,42:C>T
SOLEXA7_00060:6:1:20:499#0/1	+	chr18	72161700	CGGAGGCGGGTGGATCACCTGAGGTCAGGAGTTCGAGACCCGTCTGGCCA	a]\VPQTPSDVWVP[UE]V_MOBBBBBBBBBBBBBBBBBBBBBBBBBBBB	9	40:A>C,42:C>T
SOLEXA7_00060:6:1:20:1375#0/1	+	chr15	73787492	CGGGAAGGGAGGCAGCGTCACTGACACACCTCAACCTTAGGCCGCAGGAG	aaaaXZ``YQV``[\WXR_Z]XUQWIWV[BBBBBBBBBBBBBBBBBBBBB	1	
SOLEXA7_00060:6:1:20:1375#0/1	-	chr15	75962688	CTCCTGCGGCCTAAGGTTGAGGTGTGTCAGTGACGCTGCCTCCCTTCCCG	BBBBBBBBBBBBBBBBBBBBB[VWIWQUX]Z_RXW\[``VQY``ZXaaaa	1	
SOLEXA7_00060:6:1:20:1688#0/1	+	chr17	18828101	CGGGCGCGGTGGCTCACGCCTGTAATCCCCGCACTTTGGGAGGCCGAGGC	aa`\ZZZ[SPBBBBBBBBBBBBBBBBBBBBBBBBBBBBBBBBBBBBBBBB	9	
SOLEXA7_00060:6:1:20:1688#0/1	+	chr4	177407931	CGGGCGCGGTGGCTCACGCCTGTAATCCCCGCACTTTGGGAGGCCGAGGC	aa`\ZZZ[SPBBBBBBBBBBBBBBBBBBBBBBBBBBBBBBBBBBBBBBBB	9	
SOLEXA7_00060:6:1:20:1688#0/1	+	chr6	29724218	CGGGCGCGGTGGCTCACGCCTGTAATCCCCGCACTTTGGGAGGCCGAGGC	aa`\ZZZ[SPBBBBBBBBBBBBBBBBBBBBBBBBBBBBBBBBBBBBBBBB	9	
SOLEXA7_00060:6:1:20:1688#0/1	+	chr14	92332789	CGGGCGCGGTGGCTCACGCCTGTAATCCCCGCACTTTGGGAGGCCGAGGC	aa`\ZZZ[SPBBBBBBBBBBBBBBBBBBBBBBBBBBBBBBBBBBBBBBBB	9	
SOLEXA7_00060:6:1:20:1688#0/1	+	chr5	103101874	CGGGCGCGGTGGCTCACGCCTGTAATCCCCGCACTTTGGGAGGCCGAGGC	aa`\ZZZ[SPBBBBBBBBBBBBBBBBBBBBBBBBBBBBBBBBBBBBBBBB	9	
SOLEXA7_00060:6:1:20:1688#0/1	-	chr11	44931792	GCCTCGGCCTCCCAAAGTGCGGGGATTACAGGCGTGAGCCACCGCGCCCG	BBBBBBBBBBBBBBBBBBBBBBBBBBBBBBBBBBBBBBBBPS[ZZZ\`aa	9	
SOLEXA7_00060:6:1:20:1688#0/1	-	chr5	155492302	GCCTCGGCCTCCCAAAGTGCGGGGATTACAGGCGTGAGCCACCGCGCCCG	BBBBBBBBBBBBBBBBBBBBBBBBBBBBBBBBBBBBBBBBPS[ZZZ\`aa	9	
SOLEXA7_00060:6:1:20:1688#0/1	-	chr14	53526631	GCCTCGGCCTCCCAAAGTGCGGGGATTACAGGCGTGAGCCACCGCGCCCG	BBBBBBBBBBBBBBBBBBBBBBBBBBBBBBBBBBBBBBBBPS[ZZZ\`aa	9	
SOLEXA7_00060:6:1:20:1688#0/1	-	chr9	67761800	GCCTCGGCCTCCCAAAGTGCGGGGATTACAGGCGTGAGCCACCGCGCCCG	BBBBBBBBBBBBBBBBBBBBBBBBBBBBBBBBBBBBBBBBPS[ZZZ\`aa	9	29:T>G
SOLEXA7_00060:6:1:20:1688#0/1	-	chr17	35852008	GCCTCGGCCTCCCAAAGTGCGGGGATTACAGGCGTGAGCCACCGCGCCCG	BBBBBBBBBBBBBBBBBBBBBBBBBBBBBBBBBBBBBBBBPS[ZZZ\`aa	9	29:T>G
SOLEXA7_00060:6:1:21:998#0/1	+	chr22	16967164	CCATGTTGGTCTGGCTGGTCTCGAACTCCCAACCTCAGGTGGTCCACCTG	aaa]\]``]\a^\^a^^\Va]\XX[\X_a\VX]`RBBBBBBBBBBBBBBB	5	
SOLEXA7_00060:6:1:21:998#0/1	-	chr9	90972970	CAGGTGGACCACCTGAGGTTGGGAGTTCGAGACCAGCCAGACCAACATGG	BBBBBBBBBBBBBBBR`]XV\a_X\[XX\]aV\^^a^\^a\]``]\]aaa	5	30:C>T,41:T>C
SOLEXA7_00060:6:1:21:998#0/1	-	chr17	8877729	CAGGTGGACCACCTGAGGTTGGGAGTTCGAGACCAGCCAGACCAACATGG	BBBBBBBBBBBBBBBR`]XV\a_X\[XX\]aV\^^a^\^a\]``]\]aaa	5	41:T>C,45:C>T
SOLEXA7_00060:6:1:21:998#0/1	-	chr2	100713774	CAGGTGGACCACCTGAGGTTGGGAGTTCGAGACCAGCCAGACCAACATGG	BBBBBBBBBBBBBBBR`]XV\a_X\[XX\]aV\^^a^\^a\]``]\]aaa	5	41:T>C,48:G>A
SOLEXA7_00060:6:1:21:998#0/1	-	chr2	204273554	CAGGTGGACCACCTGAGGTTGGGAGTTCGAGACCAGCCAGACCAACATGG	BBBBBBBBBBBBBBBR`]XV\a_X\[XX\]aV\^^a^\^a\]``]\]aaa	5	33:T>G,41:T>C
SOLEXA7_00060:6:1:21:998#0/1	-	chr15	62513421	CAGGTGGACCACCTGAGGTTGGGAGTTCGAGACCAGCCAGACCAACATGG	BBBBBBBBBBBBBBBR`]XV\a_X\[XX\]aV\^^a^\^a\]``]\]aaa	5	29:A>G,41:T>C
SOLEXA7_00060:6:1:21:1682#0/1	+	chr18	12691997	CGCCTGTAATCCCAGCTACTCGGGAGGCTGAGGCGGAGACTCGCTTAAAC	`a`^Z]RUJPV\BBBBBBBBBBBBBBBBBBBBBBBBBBBBBBBBBBBBBB	1	39:A>C
SOLEXA7_00060:6:1:21:1682#0/1	-	chr15	60011163	GTTTAAGCGAGTCTCCGCCTCAGCCTCCCGAGTAGCTGGGATTACAGGCG	BBBBBBBBBBBBBBBBBBBBBBBBBBBBBBBBBBBBBB\VPJUR]Z^`a`	1	39:T>G,41:A>G
SOLEXA7_00060:6:1:22:1435#0/1	+	chr15	18681879	CGGGTCAAAGGTCTACATATTCCACCTCTGCTCCAGAGCTGCTTATCCAA	aaaVNVZUOGRF\_^\QGYFFYX]XSLWGXMM]PL^BBBBBBBBBBBBBB	1	11:G>T
SOLEXA7_00060:6:1:22:1435#0/1	-	chr16	33344574	TTGGATAAGCAGCTCTGGAGCAGAGGTGGAATATGTAGACCTTTGACCCG	BBBBBBBBBBBBBB^LP]MMXGWLSX]XYFFYGQ\^_\FRGOUZVNVaaa	1	11:C>A
SOLEXA7_00060:6:1:22:1636#0/1	+	chr5	144074315	CGGACCTAATAGACATCTACAGAACTCTCCACCCCAAATCAACAAAATAT	aaaaaaaa_``_T^_`a__`X[WY]_^]`]XX\^WPZU^XU[^VVWXWWZ	9	
SOLEXA7_00060:6:1:22:1636#0/1	+	chr16	45179221	CGGACCTAATAGACATCTACAGAACTCTCCACCCCAAATCAACAAAATAT	aaaaaaaa_``_T^_`a__`X[WY]_^]`]XX\^WPZU^XU[^VVWXWWZ	9	
SOLEXA7_00060:6:1:22:1636#0/1	+	chr18	7389931	CGGACCTAATAGACATCTACAGAACTCTCCACCCCAAATCAACAAAATAT	aaaaaaaa_``_T^_`a__`X[WY]_^]`]XX\^WPZU^XU[^VVWXWWZ	9	
SOLEXA7_00060:6:1:22:1636#0/1	-	chr8	3137224	ATATTTTGTTGATTTGGGGTGGAGAGTTCTGTAGATGTCTATTAGGTCCG	ZWWXWVV^[UX^UZPW^\XX]`]^_]YW[X`__a`_^T_``_aaaaaaaa	9	
SOLEXA7_00060:6:1:22:1636#0/1	-	chr8	57429772	ATATTTTGTTGATTTGGGGTGGAGAGTTCTGTAGATGTCTATTAGGTCCG	ZWWXWVV^[UX^UZPW^\XX]`]^_]YW[X`__a`_^T_``_aaaaaaaa	9	
SOLEXA7_00060:6:1:22:1636#0/1	-	chr2	158898243	ATATTTTGTTGATTTGGGGTGGAGAGTTCTGTAGATGTCTATTAGGTCCG	ZWWXWVV^[UX^UZPW^\XX]`]^_]YW[X`__a`_^T_``_aaaaaaaa	9	
SOLEXA7_00060:6:1:22:1636#0/1	-	chr4	179672527	ATATTTTGTTGATTTGGGGTGGAGAGTTCTGTAGATGTCTATTAGGTCCG	ZWWXWVV^[UX^UZPW^\XX]`]^_]YW[X`__a`_^T_``_aaaaaaaa	9	
SOLEXA7_00060:6:1:22:1636#0/1	+	chrX	46402245	CGGACCTAATAGACATCTACAGAACTCTCCACCCCAAATCAACAAAATAT	aaaaaaaa_``_T^_`a__`X[WY]_^]`]XX\^WPZU^XU[^VVWXWWZ	9	44:G>A
SOLEXA7_00060:6:1:22:1636#0/1	+	chr3	137428461	CGGACCTAATAGACATCTACAGAACTCTCCACCCCAAATCAACAAAATAT	aaaaaaaa_``_T^_`a__`X[WY]_^]`]XX\^WPZU^XU[^VVWXWWZ	9	44:G>A
SOLEXA7_00060:6:1:22:1636#0/1	+	chrX	111829989	CGGACCTAATAGACATCTACAGAACTCTCCACCCCAAATCAACAAAATAT	aaaaaaaa_``_T^_`a__`X[WY]_^]`]XX\^WPZU^XU[^VVWXWWZ	9	44:G>A
SOLEXA7_00060:6:1:22:1737#0/1	+	chr12	131775443	CGCGGGTGAAGACAGGGCCAGGGGAGCGGGTCTGCGGGGCACGGGTGAAG	a`TKPX\]`a]]\XPPFU\PZ\ZBBBBBBBBBBBBBBBBBBBBBBBBBBB	3	
SOLEXA7_00060:6:1:22:1737#0/1	+	chr12	131775365	CGCGGGTGAAGACAGGGCCAGGGGAGCGGGTCTGCGGGGCACGGGTGAAG	a`TKPX\]`a]]\XPPFU\PZ\ZBBBBBBBBBBBBBBBBBBBBBBBBBBB	3	
SOLEXA7_00060:6:1:22:1737#0/1	+	chr12	131774936	CGCGGGTGAAGACAGGGCCAGGGGAGCGGGTCTGCGGGGCACGGGTGAAG	a`TKPX\]`a]]\XPPFU\PZ\ZBBBBBBBBBBBBBBBBBBBBBBBBBBB	3	
SOLEXA7_00060:6:1:22:1737#0/1	+	chr12	131775521	CGCGGGTGAAGACAGGGCCAGGGGAGCGGGTCTGCGGGGCACGGGTGAAG	a`TKPX\]`a]]\XPPFU\PZ\ZBBBBBBBBBBBBBBBBBBBBBBBBBBB	3	
SOLEXA7_00060:6:1:23:1210#0/1	-	chr10	41676481	TTCCATTCCATTCCATTCCGTTCCATTCCATTCCATTCCATTCTATTCCG	BBBBBBBBBBBBBWYMZLY[XIW\YRVU^][TUUSXMY`XMW^RWTW_aa	9	6:C>T
SOLEXA7_00060:6:1:23:1210#0/1	+	chr4	49328896	CGGAATAGAATGGAATGGAATGGAATGGAACGGAATGGAATGGAATGGAA	aa_WTWR^WMX`YMXSUUT[]^UVRY\WIX[YLZMYWBBBBBBBBBBBBB	9	0:A>C,30:G>C
SOLEXA7_00060:6:1:23:1210#0/1	+	chrY	12163564	CGGAATAGAATGGAATGGAATGGAATGGAACGGAATGGAATGGAATGGAA	aa_WTWR^WMX`YMXSUUT[]^UVRY\WIX[YLZMYWBBBBBBBBBBBBB	9	0:A>C,30:T>C
SOLEXA7_00060:6:1:23:1210#0/1	+	chrY	12169188	CGGAATAGAATGGAATGGAATGGAATGGAACGGAATGGAATGGAATGGAA	aa_WTWR^WMX`YMXSUUT[]^UVRY\WIX[YLZMYWBBBBBBBBBBBBB	9	0:A>C,30:T>C
SOLEXA7_00060:6:1:23:1210#0/1	+	chr4	49347952	CGGAATAGAATGGAATGGAATGGAATGGAACGGAATGGAATGGAATGGAA	aa_WTWR^WMX`YMXSUUT[]^UVRY\WIX[YLZMYWBBBBBBBBBBBBB	9	0:A>C,30:T>C
SOLEXA7_00060:6:1:23:1210#0/1	+	chr21	9840725	CGGAATAGAATGGAATGGAATGGAATGGAACGGAATGGAATGGAATGGAA	aa_WTWR^WMX`YMXSUUT[]^UVRY\WIX[YLZMYWBBBBBBBBBBBBB	9	0:A>C,30:T>C
SOLEXA7_00060:6:1:23:1210#0/1	+	chr4	49339435	CGGAATAGAATGGAATGGAATGGAATGGAACGGAATGGAATGGAATGGAA	aa_WTWR^WMX`YMXSUUT[]^UVRY\WIX[YLZMYWBBBBBBBBBBBBB	9	0:A>C,30:T>C
SOLEXA7_00060:6:1:23:1210#0/1	+	chr20	29285659	CGGAATAGAATGGAATGGAATGGAATGGAACGGAATGGAATGGAATGGAA	aa_WTWR^WMX`YMXSUUT[]^UVRY\WIX[YLZMYWBBBBBBBBBBBBB	9	0:A>C,30:T>C
SOLEXA7_00060:6:1:23:1210#0/1	+	chr21	9875571	CGGAATAGAATGGAATGGAATGGAATGGAACGGAATGGAATGGAATGGAA	aa_WTWR^WMX`YMXSUUT[]^UVRY\WIX[YLZMYWBBBBBBBBBBBBB	9	0:A>C,30:T>C
SOLEXA7_00060:6:1:23:1210#0/1	+	chr10	41981431	CGGAATAGAATGGAATGGAATGGAATGGAACGGAATGGAATGGAATGGAA	aa_WTWR^WMX`YMXSUUT[]^UVRY\WIX[YLZMYWBBBBBBBBBBBBB	9	0:A>C,30:T>C
SOLEXA7_00060:6:1:23:1489#0/1	+	chr1	557102	CGGAAAAAAAGAACCATTTGGATACATAGGTATGGTCTGAGCTATGATAT	aa`OV``X^\]ZR[^a`a__YPX^\\VTQVRY[_XRRYVLV[TTZZ\TMX	1	0:G>C
SOLEXA7_00060:6:1:23:1489#0/1	+	chr11	72899400	CGGAAAAAAAGAACCATTTGGATACATAGGTATGGTCTGAGCTATGATAT	aa`OV``X^\]ZR[^a`a__YPX^\\VTQVRY[_XRRYVLV[TTZZ\TMX	1	24:T>C
SOLEXA7_00060:6:1:23:1371#0/1	+	chr3	186638499	CGCAGTGGCTCATGTCTGTAATCCCAGCACTTTGGGAGGCCAAGGCAGGC	aaaaa^^`a`aa`^^a_^Y]WO\^_SU_[Y[]ZRV^PTX[VJVVXMOVZU	9	
SOLEXA7_00060:6:1:23:1371#0/1	+	chr1	9390665	CGCAGTGGCTCATGTCTGTAATCCCAGCACTTTGGGAGGCCAAGGCAGGC	aaaaa^^`a`aa`^^a_^Y]WO\^_SU_[Y[]ZRV^PTX[VJVVXMOVZU	9	
SOLEXA7_00060:6:1:23:1371#0/1	+	chr10	122916354	CGCAGTGGCTCATGTCTGTAATCCCAGCACTTTGGGAGGCCAAGGCAGGC	aaaaa^^`a`aa`^^a_^Y]WO\^_SU_[Y[]ZRV^PTX[VJVVXMOVZU	9	
SOLEXA7_00060:6:1:23:1371#0/1	+	chr16	19787876	CGCAGTGGCTCATGTCTGTAATCCCAGCACTTTGGGAGGCCAAGGCAGGC	aaaaa^^`a`aa`^^a_^Y]WO\^_SU_[Y[]ZRV^PTX[VJVVXMOVZU	9	
SOLEXA7_00060:6:1:23:1371#0/1	-	chr9	99169819	GCCTGCCTTGGCCTCCCAAAGTGCTGGGATTACAGACATGAGCCACTGCG	UZVOMXVVJV[XTP^VRZ][Y[_US_^\OW]Y^_a^^`aa`a`^^aaaaa	9	
SOLEXA7_00060:6:1:23:1371#0/1	-	chr14	99894464	GCCTGCCTTGGCCTCCCAAAGTGCTGGGATTACAGACATGAGCCACTGCG	UZVOMXVVJV[XTP^VRZ][Y[_US_^\OW]Y^_a^^`aa`a`^^aaaaa	9	
SOLEXA7_00060:6:1:23:1371#0/1	-	chr4	22360626	GCCTGCCTTGGCCTCCCAAAGTGCTGGGATTACAGACATGAGCCACTGCG	UZVOMXVVJV[XTP^VRZ][Y[_US_^\OW]Y^_a^^`aa`a`^^aaaaa	9	46:C>T
SOLEXA7_00060:6:1:23:1371#0/1	-	chr1	70347535	GCCTGCCTTGGCCTCCCAAAGTGCTGGGATTACAGACATGAGCCACTGCG	UZVOMXVVJV[XTP^VRZ][Y[_US_^\OW]Y^_a^^`aa`a`^^aaaaa	9	46:C>T
SOLEXA7_00060:6:1:23:1371#0/1	+	chr12	121264309	CGCAGTGGCTCATGTCTGTAATCCCAGCACTTTGGGAGGCCAAGGCAGGC	aaaaa^^`a`aa`^^a_^Y]WO\^_SU_[Y[]ZRV^PTX[VJVVXMOVZU	9	41:G>A
SOLEXA7_00060:6:1:23:1371#0/1	+	chr8	107857097	CGCAGTGGCTCATGTCTGTAATCCCAGCACTTTGGGAGGCCAAGGCAGGC	aaaaa^^`a`aa`^^a_^Y]WO\^_SU_[Y[]ZRV^PTX[VJVVXMOVZU	9	41:G>A
SOLEXA7_00060:6:1:23:352#0/1	+	chr2	87923375	CGCATCGCCAAGTTAATCCTAAGCCAAAAGAACAACGCTGGAGGCATCCC	a_\P\^Y`Z\PJUSZRYZZXTU]BBBBBBBBBBBBBBBBBBBBBBBBBBB	5	35:A>C,48:A>C
SOLEXA7_00060:6:1:23:352#0/1	+	chr1	85424816	CGCATCGCCAAGTTAATCCTAAGCCAAAAGAACAACGCTGGAGGCATCCC	a_\P\^Y`Z\PJUSZRYZZXTU]BBBBBBBBBBBBBBBBBBBBBBBBBBB	5	35:A>C,48:A>C
SOLEXA7_00060:6:1:23:352#0/1	+	chr12	68623260	CGCATCGCCAAGTTAATCCTAAGCCAAAAGAACAACGCTGGAGGCATCCC	a_\P\^Y`Z\PJUSZRYZZXTU]BBBBBBBBBBBBBBBBBBBBBBBBBBB	5	35:A>C,48:A>C
SOLEXA7_00060:6:1:23:352#0/1	-	chr9	124212158	GGGATGCCTCCAGCGTTGTTCTTTTGGCTTAGGATTAACTTGGCGATGCG	BBBBBBBBBBBBBBBBBBBBBBBBBBB]UTXZZYRZSUJP\Z`Y^\P\_a	5	35:T>G,48:T>G
SOLEXA7_00060:6:1:23:352#0/1	-	chr12	71196122	GGGATGCCTCCAGCGTTGTTCTTTTGGCTTAGGATTAACTTGGCGATGCG	BBBBBBBBBBBBBBBBBBBBBBBBBBB]UTXZZYRZSUJP\Z`Y^\P\_a	5	35:T>G,48:T>G
SOLEXA7_00060:6:1:23:352#0/1	-	chr10	54161549	GGGATGCCTCCAGCGTTGTTCTTTTGGCTTAGGATTAACTTGGCGATGCG	BBBBBBBBBBBBBBBBBBBBBBBBBBB]UTXZZYRZSUJP\Z`Y^\P\_a	5	35:T>G,48:T>G
SOLEXA7_00060:6:1:24:1643#0/1	+	chr5	177235559	CGGGGGTGAAAGGAGAGTGGGTTTGAGGGAAGGGGAAAGGGGGAGTGTGG	a``^a\Sa`^^]`T\O]T^\]SXX^TZ^ZPTBBBBBBBBBBBBBBBBBBB	1	
SOLEXA7_00060:6:1:24:1643#0/1	-	chr5	175327408	CCACACTCCCCCTTTCCCCTTCCCTCAAACCCACTCTCCTTTCACCCCCG	BBBBBBBBBBBBBBBBBBBTPZ^ZT^XXS]\^T]O\T`]^^`aS\a^``a	1	
SOLEXA7_00060:6:1:26:196#0/1	-	chr1	558505	CTTAAAAACAGATGCAATTCCCGGACGTCTAAACCAAACCACTTTCACCG	ONMLY[XT^U\YFZ\[`XQMU_a[V`^\]`a__`aa]]``Za`aaa```a	1	1:T>C
SOLEXA7_00060:6:1:26:196#0/1	+	chr18	43633639	CGGTGAAAGTGGTTTGGTTTAGACGTCCGGGAATTGCATCTGTTTTTAAG	a```aaa`aZ``]]aa`__a`]\^`V[a_UMQX`[\ZFY\U^TX[YLMNO	1	1:A>G
SOLEXA7_00060:6:1:26:642#0/1	+	chr15	20992994	CGGAGCCCCCAGCAGTGCCCTCTGAGGTGGAGCTGCAGCACCTGAGGAAG	a````aaaaa``aa^`aaaaa`a^``^]]OTXa\V_`[_WZ`]\XWYWVU	9	
SOLEXA7_00060:6:1:26:642#0/1	+	chr15	20813218	CGGAGCCCCCAGCAGTGCCCTCTGAGGTGGAGCTGCAGCACCTGAGGAAG	a````aaaaa``aa^`aaaaa`a^``^]]OTXa\V_`[_WZ`]\XWYWVU	9	
SOLEXA7_00060:6:1:26:642#0/1	+	chr15	30679694	CGGAGCCCCCAGCAGTGCCCTCTGAGGTGGAGCTGCAGCACCTGAGGAAG	a````aaaaa``aa^`aaaaa`a^``^]]OTXa\V_`[_WZ`]\XWYWVU	9	
SOLEXA7_00060:6:1:26:642#0/1	+	chr15	28169209	CGGAGCCCCCAGCAGTGCCCTCTGAGGTGGAGCTGCAGCACCTGAGGAAG	a````aaaaa``aa^`aaaaa`a^``^]]OTXa\V_`[_WZ`]\XWYWVU	9	
SOLEXA7_00060:6:1:26:642#0/1	+	chr15	28221311	CGGAGCCCCCAGCAGTGCCCTCTGAGGTGGAGCTGCAGCACCTGAGGAAG	a````aaaaa``aa^`aaaaa`a^``^]]OTXa\V_`[_WZ`]\XWYWVU	9	
SOLEXA7_00060:6:1:26:642#0/1	+	chr15	28690275	CGGAGCCCCCAGCAGTGCCCTCTGAGGTGGAGCTGCAGCACCTGAGGAAG	a````aaaaa``aa^`aaaaa`a^``^]]OTXa\V_`[_WZ`]\XWYWVU	9	
SOLEXA7_00060:6:1:26:642#0/1	+	chr15	26303880	CGGAGCCCCCAGCAGTGCCCTCTGAGGTGGAGCTGCAGCACCTGAGGAAG	a````aaaaa``aa^`aaaaa`a^``^]]OTXa\V_`[_WZ`]\XWYWVU	9	
SOLEXA7_00060:6:1:26:642#0/1	+	chr15	28638220	CGGAGCCCCCAGCAGTGCCCTCTGAGGTGGAGCTGCAGCACCTGAGGAAG	a````aaaaa``aa^`aaaaa`a^``^]]OTXa\V_`[_WZ`]\XWYWVU	9	
SOLEXA7_00060:6:1:26:642#0/1	-	chr15	20260538	CTTCCTCAGGTGCTGCAGCTCCACCTCAGAGGGCACTGCTGGGGGCTCCG	UVWYWX\]`ZW_[`_V\aXTO]]^``^a`aaaaa`^aa``aaaaa````a	9	
SOLEXA7_00060:6:1:26:642#0/1	-	chr15	30528326	CTTCCTCAGGTGCTGCAGCTCCACCTCAGAGGGCACTGCTGGGGGCTCCG	UVWYWX\]`ZW_[`_V\aXTO]]^``^a`aaaaa`^aa``aaaaa````a	9	
SOLEXA7_00060:6:1:27:1109#0/1	+	chr4	90064408	CGCATCGCCAAGTCAATCCTAAGCCAAAAGAACAAAGCTGGAGGCATCAT	a`aa``_baa``^aaa``W_a`_aa`aaa^^aa`^Z^^^ZT^XU\\[^\R	9	
SOLEXA7_00060:6:1:27:1109#0/1	+	chr12	38168057	CGCATCGCCAAGTCAATCCTAAGCCAAAAGAACAAAGCTGGAGGCATCAT	a`aa``_baa``^aaa``W_a`_aa`aaa^^aa`^Z^^^ZT^XU\\[^\R	9	
SOLEXA7_00060:6:1:27:1109#0/1	+	chr8	21743717	CGCATCGCCAAGTCAATCCTAAGCCAAAAGAACAAAGCTGGAGGCATCAT	a`aa``_baa``^aaa``W_a`_aa`aaa^^aa`^Z^^^ZT^XU\\[^\R	9	
SOLEXA7_00060:6:1:27:1109#0/1	+	chrX	28317958	CGCATCGCCAAGTCAATCCTAAGCCAAAAGAACAAAGCTGGAGGCATCAT	a`aa``_baa``^aaa``W_a`_aa`aaa^^aa`^Z^^^ZT^XU\\[^\R	9	
SOLEXA7_00060:6:1:27:1109#0/1	+	chr3	168480260	CGCATCGCCAAGTCAATCCTAAGCCAAAAGAACAAAGCTGGAGGCATCAT	a`aa``_baa``^aaa``W_a`_aa`aaa^^aa`^Z^^^ZT^XU\\[^\R	9	
SOLEXA7_00060:6:1:27:1109#0/1	+	chr3	112590821	CGCATCGCCAAGTCAATCCTAAGCCAAAAGAACAAAGCTGGAGGCATCAT	a`aa``_baa``^aaa``W_a`_aa`aaa^^aa`^Z^^^ZT^XU\\[^\R	9	
SOLEXA7_00060:6:1:27:1109#0/1	+	chr20	29388846	CGCATCGCCAAGTCAATCCTAAGCCAAAAGAACAAAGCTGGAGGCATCAT	a`aa``_baa``^aaa``W_a`_aa`aaa^^aa`^Z^^^ZT^XU\\[^\R	9	
SOLEXA7_00060:6:1:27:1109#0/1	+	chr5	33314957	CGCATCGCCAAGTCAATCCTAAGCCAAAAGAACAAAGCTGGAGGCATCAT	a`aa``_baa``^aaa``W_a`_aa`aaa^^aa`^Z^^^ZT^XU\\[^\R	9	
SOLEXA7_00060:6:1:27:1109#0/1	+	chr5	152689612	CGCATCGCCAAGTCAATCCTAAGCCAAAAGAACAAAGCTGGAGGCATCAT	a`aa``_baa``^aaa``W_a`_aa`aaa^^aa`^Z^^^ZT^XU\\[^\R	9	
SOLEXA7_00060:6:1:27:1109#0/1	+	chr5	152542149	CGCATCGCCAAGTCAATCCTAAGCCAAAAGAACAAAGCTGGAGGCATCAT	a`aa``_baa``^aaa``W_a`_aa`aaa^^aa`^Z^^^ZT^XU\\[^\R	9	
SOLEXA7_00060:6:1:27:1852#0/1	+	chr10	135343868	CGCGATGGCCCTCCCGACACCTTCGGACAGCACCCTCCCCGCGGCAGCCC	a`a^^\ZZ\]ZUZTBBBBBBBBBBBBBBBBBBBBBBBBBBBBBBBBBBBB	8	44:A>C
SOLEXA7_00060:6:1:27:1852#0/1	+	chr10	135340558	CGCGATGGCCCTCCCGACACCTTCGGACAGCACCCTCCCCGCGGCAGCCC	a`a^^\ZZ\]ZUZTBBBBBBBBBBBBBBBBBBBBBBBBBBBBBBBBBBBB	8	44:A>C
SOLEXA7_00060:6:1:27:1852#0/1	+	chr10	135347167	CGCGATGGCCCTCCCGACACCTTCGGACAGCACCCTCCCCGCGGCAGCCC	a`a^^\ZZ\]ZUZTBBBBBBBBBBBBBBBBBBBBBBBBBBBBBBBBBBBB	8	44:A>C
SOLEXA7_00060:6:1:27:1852#0/1	+	chr3	75800767	CGCGATGGCCCTCCCGACACCTTCGGACAGCACCCTCCCCGCGGCAGCCC	a`a^^\ZZ\]ZUZTBBBBBBBBBBBBBBBBBBBBBBBBBBBBBBBBBBBB	8	44:A>C
SOLEXA7_00060:6:1:27:1852#0/1	+	chr4	191236249	CGCGATGGCCCTCCCGACACCTTCGGACAGCACCCTCCCCGCGGCAGCCC	a`a^^\ZZ\]ZUZTBBBBBBBBBBBBBBBBBBBBBBBBBBBBBBBBBBBB	8	44:A>C
SOLEXA7_00060:6:1:27:1852#0/1	+	chr4	191226363	CGCGATGGCCCTCCCGACACCTTCGGACAGCACCCTCCCCGCGGCAGCCC	a`a^^\ZZ\]ZUZTBBBBBBBBBBBBBBBBBBBBBBBBBBBBBBBBBBBB	8	44:A>C
SOLEXA7_00060:6:1:27:1852#0/1	+	chr10	135333950	CGCGATGGCCCTCCCGACACCTTCGGACAGCACCCTCCCCGCGGCAGCCC	a`a^^\ZZ\]ZUZTBBBBBBBBBBBBBBBBBBBBBBBBBBBBBBBBBBBB	8	44:A>C
SOLEXA7_00060:6:1:27:1852#0/1	+	chr10	135337259	CGCGATGGCCCTCCCGACACCTTCGGACAGCACCCTCCCCGCGGCAGCCC	a`a^^\ZZ\]ZUZTBBBBBBBBBBBBBBBBBBBBBBBBBBBBBBBBBBBB	8	44:A>C
SOLEXA7_00060:6:1:27:1852#0/1	+	chr10	135330640	CGCGATGGCCCTCCCGACACCTTCGGACAGCACCCTCCCCGCGGCAGCCC	a`a^^\ZZ\]ZUZTBBBBBBBBBBBBBBBBBBBBBBBBBBBBBBBBBBBB	8	44:A>C
SOLEXA7_00060:6:1:27:770#0/1	-	chr10	111562110	TTTTTTTTTTTTTTCTTTTTTTTTTTTTTTTTCTTTTTTTTTTTTTTTTT	BBBBBBBBBBBBBBBBBBBBBBBBBBBBBBU[FIY]QWT]TUTGNPGUWN	1	35:T>C,47:C>T
SOLEXA7_00060:6:1:27:770#0/1	-	chr2	32945491	TTTTTTTTTTTTTTCTTTTTTTTTTTTTTTTTCTTTTTTTTTTTTTTTTT	BBBBBBBBBBBBBBBBBBBBBBBBBBBBBBU[FIY]QWT]TUTGNPGUWN	1	30:C>T,35:T>C
SOLEXA7_00060:6:1:28:1732#0/1	+	chr2	148653114	CGGGCGCGGTGGCTCACGCCTGTAATCCCAGCACTTTGGGAGGCCGAGGC	a`\Z]^\\\SXZTTTTZRTZRSTRPPQSXPSBBBBBBBBBBBBBBBBBBB	9	
SOLEXA7_00060:6:1:28:1732#0/1	+	chr5	9772761	CGGGCGCGGTGGCTCACGCCTGTAATCCCAGCACTTTGGGAGGCCGAGGC	a`\Z]^\\\SXZTTTTZRTZRSTRPPQSXPSBBBBBBBBBBBBBBBBBBB	9	
SOLEXA7_00060:6:1:28:1732#0/1	+	chr5	100405723	CGGGCGCGGTGGCTCACGCCTGTAATCCCAGCACTTTGGGAGGCCGAGGC	a`\Z]^\\\SXZTTTTZRTZRSTRPPQSXPSBBBBBBBBBBBBBBBBBBB	9	
SOLEXA7_00060:6:1:28:1732#0/1	+	chr10	132970110	CGGGCGCGGTGGCTCACGCCTGTAATCCCAGCACTTTGGGAGGCCGAGGC	a`\Z]^\\\SXZTTTTZRTZRSTRPPQSXPSBBBBBBBBBBBBBBBBBBB	9	
SOLEXA7_00060:6:1:28:1732#0/1	+	chr1	24831011	CGGGCGCGGTGGCTCACGCCTGTAATCCCAGCACTTTGGGAGGCCGAGGC	a`\Z]^\\\SXZTTTTZRTZRSTRPPQSXPSBBBBBBBBBBBBBBBBBBB	9	
SOLEXA7_00060:6:1:28:1732#0/1	+	chr13	37476848	CGGGCGCGGTGGCTCACGCCTGTAATCCCAGCACTTTGGGAGGCCGAGGC	a`\Z]^\\\SXZTTTTZRTZRSTRPPQSXPSBBBBBBBBBBBBBBBBBBB	9	
SOLEXA7_00060:6:1:28:1732#0/1	+	chr17	33819432	CGGGCGCGGTGGCTCACGCCTGTAATCCCAGCACTTTGGGAGGCCGAGGC	a`\Z]^\\\SXZTTTTZRTZRSTRPPQSXPSBBBBBBBBBBBBBBBBBBB	9	
SOLEXA7_00060:6:1:28:1732#0/1	+	chr5	25311171	CGGGCGCGGTGGCTCACGCCTGTAATCCCAGCACTTTGGGAGGCCGAGGC	a`\Z]^\\\SXZTTTTZRTZRSTRPPQSXPSBBBBBBBBBBBBBBBBBBB	9	
SOLEXA7_00060:6:1:28:1732#0/1	+	chr9	39112072	CGGGCGCGGTGGCTCACGCCTGTAATCCCAGCACTTTGGGAGGCCGAGGC	a`\Z]^\\\SXZTTTTZRTZRSTRPPQSXPSBBBBBBBBBBBBBBBBBBB	9	
SOLEXA7_00060:6:1:28:1732#0/1	+	chr8	119516241	CGGGCGCGGTGGCTCACGCCTGTAATCCCAGCACTTTGGGAGGCCGAGGC	a`\Z]^\\\SXZTTTTZRTZRSTRPPQSXPSBBBBBBBBBBBBBBBBBBB	9	
SOLEXA7_00060:6:1:29:1012#0/1	+	chr19	22190261	CGGCACACTCACCATTTCTAGGCTTCCAGGGGGTCCTGGCGACTTAGTTG	abaaabbbabbabaaaaaaa]aaaaaaa`Y^[`V^b````XZX\`[]V_Y	1	
SOLEXA7_00060:6:1:29:1012#0/1	+	chr19	21985421	CGGCACACTCACCATTTCTAGGCTTCCAGGGGGTCCTGGCGACTTAGTTG	abaaabbbabbabaaaaaaa]aaaaaaa`Y^[`V^b````XZX\`[]V_Y	1	
SOLEXA7_00060:6:1:29:1282#0/1	+	chr16	2144469	CGGAGAAACCCCGTCTCTACTAAAAATACAAAATTAGCCGGGCGTGGTGG	aaa[U\`babba^]aabbbbbbbb[_abaaaaaa_aaa``_`aaX`YY^B	9	
SOLEXA7_00060:6:1:29:1282#0/1	+	chr2	201403416	CGGAGAAACCCCGTCTCTACTAAAAATACAAAATTAGCCGGGCGTGGTGG	aaa[U\`babba^]aabbbbbbbb[_abaaaaaa_aaa``_`aaX`YY^B	9	
SOLEXA7_00060:6:1:29:1282#0/1	+	chrX	54327945	CGGAGAAACCCCGTCTCTACTAAAAATACAAAATTAGCCGGGCGTGGTGG	aaa[U\`babba^]aabbbbbbbb[_abaaaaaa_aaa``_`aaX`YY^B	9	
SOLEXA7_00060:6:1:29:1282#0/1	-	chr19	21481560	CCACCACGCCCGGCTAATTTTGTATTTTTAGTAGAGACGGGGTTTCTCCG	B^YY`Xaa`_``aaa_aaaaaaba_[bbbbbbbbaa]^abbab`\U[aaa	9	
SOLEXA7_00060:6:1:29:1282#0/1	-	chr19	2451643	CCACCACGCCCGGCTAATTTTGTATTTTTAGTAGAGACGGGGTTTCTCCG	B^YY`Xaa`_``aaa_aaaaaaba_[bbbbbbbbaa]^abbab`\U[aaa	9	
SOLEXA7_00060:6:1:29:1282#0/1	-	chr12	97458437	CCACCACGCCCGGCTAATTTTGTATTTTTAGTAGAGACGGGGTTTCTCCG	B^YY`Xaa`_``aaa_aaaaaaba_[bbbbbbbbaa]^abbab`\U[aaa	9	
SOLEXA7_00060:6:1:29:1282#0/1	-	chr19	50633889	CCACCACGCCCGGCTAATTTTGTATTTTTAGTAGAGACGGGGTTTCTCCG	B^YY`Xaa`_``aaa_aaaaaaba_[bbbbbbbbaa]^abbab`\U[aaa	9	
SOLEXA7_00060:6:1:29:1282#0/1	-	chr16	7447040	CCACCACGCCCGGCTAATTTTGTATTTTTAGTAGAGACGGGGTTTCTCCG	B^YY`Xaa`_``aaa_aaaaaaba_[bbbbbbbbaa]^abbab`\U[aaa	9	
SOLEXA7_00060:6:1:29:1282#0/1	-	chr20	14352558	CCACCACGCCCGGCTAATTTTGTATTTTTAGTAGAGACGGGGTTTCTCCG	B^YY`Xaa`_``aaa_aaaaaaba_[bbbbbbbbaa]^abbab`\U[aaa	9	42:A>G
SOLEXA7_00060:6:1:29:1282#0/1	-	chr12	6217920	CCACCACGCCCGGCTAATTTTGTATTTTTAGTAGAGACGGGGTTTCTCCG	B^YY`Xaa`_``aaa_aaaaaaba_[bbbbbbbbaa]^abbab`\U[aaa	9	42:A>G
SOLEXA7_00060:6:1:29:968#0/1	+	chr14	95790329	CGGGCACGGTGTCTCACGCCTGTAATCCCAGCACTTTGGGAGGCCAAGGT	a``\`aaa`\``aaaaa^_```]aaa`_a_X_a```a]^V]X]Z][V]XQ	9	
SOLEXA7_00060:6:1:29:968#0/1	-	chr16	26905062	ACCTTGGCCTCCCAAAGTGCTGGGATTACAGGCGTGAGACACCGTGCCCG	QX]V[]Z]X]V^]a```a_X_a_`aaa]```_^aaaaa``\`aaa`\``a	9	
SOLEXA7_00060:6:1:29:968#0/1	-	chr10	95212063	ACCTTGGCCTCCCAAAGTGCTGGGATTACAGGCGTGAGACACCGTGCCCG	QX]V[]Z]X]V^]a```a_X_a_`aaa]```_^aaaaa``\`aaa`\``a	9	45:C>T
SOLEXA7_00060:6:1:29:968#0/1	-	chr18	68460864	ACCTTGGCCTCCCAAAGTGCTGGGATTACAGGCGTGAGACACCGTGCCCG	QX]V[]Z]X]V^]a```a_X_a_`aaa]```_^aaaaa``\`aaa`\``a	9	45:C>T
SOLEXA7_00060:6:1:29:968#0/1	-	chr5	159704443	ACCTTGGCCTCCCAAAGTGCTGGGATTACAGGCGTGAGACACCGTGCCCG	QX]V[]Z]X]V^]a```a_X_a_`aaa]```_^aaaaa``\`aaa`\``a	9	45:C>T
SOLEXA7_00060:6:1:29:968#0/1	+	chr4	6563326	CGGGCACGGTGTCTCACGCCTGTAATCCCAGCACTTTGGGAGGCCAAGGT	a``\`aaa`\``aaaaa^_```]aaa`_a_X_a```a]^V]X]Z][V]XQ	9	45:G>A
SOLEXA7_00060:6:1:29:968#0/1	+	chr3	190903637	CGGGCACGGTGTCTCACGCCTGTAATCCCAGCACTTTGGGAGGCCAAGGT	a``\`aaa`\``aaaaa^_```]aaa`_a_X_a```a]^V]X]Z][V]XQ	9	49:C>T
SOLEXA7_00060:6:1:29:968#0/1	-	chr13	47445132	ACCTTGGCCTCCCAAAGTGCTGGGATTACAGGCGTGAGACACCGTGCCCG	QX]V[]Z]X]V^]a```a_X_a_`aaa]```_^aaaaa``\`aaa`\``a	9	47:T>C
SOLEXA7_00060:6:1:29:968#0/1	+	chr10	70450372	CGGGCACGGTGTCTCACGCCTGTAATCCCAGCACTTTGGGAGGCCAAGGT	a``\`aaa`\``aaaaa^_```]aaa`_a_X_a```a]^V]X]Z][V]XQ	9	45:G>A,49:C>T
SOLEXA7_00060:6:1:29:968#0/1	+	chr9	71566781	CGGGCACGGTGTCTCACGCCTGTAATCCCAGCACTTTGGGAGGCCAAGGT	a``\`aaa`\``aaaaa^_```]aaa`_a_X_a```a]^V]X]Z][V]XQ	9	45:G>A,49:C>T
SOLEXA7_00060:6:1:30:1193#0/1	-	chr19	5565076	GCCTCAGCCTCCCGAGGAGCTAGGATTACAGGCATGCACCACCACGCCCG	BBBBBBBBBBBBBBBP_MOORU\OM[XV]XY`UMVOMKV`P\_^^\Z\aa	9	
SOLEXA7_00060:6:1:30:1193#0/1	+	chr13	20510973	CGGGCGTGGTGGTGCATGCCTGTAATCCTAGCTCCTCGGGAGGCTGAGGC	aa\Z\^^_\P`VKMOVMU`YX]VX[MO\UROOM_PBBBBBBBBBBBBBBB	9	28:C>T
SOLEXA7_00060:6:1:30:1193#0/1	-	chr3	72226689	GCCTCAGCCTCCCGAGGAGCTAGGATTACAGGCATGCACCACCACGCCCG	BBBBBBBBBBBBBBBP_MOORU\OM[XV]XY`UMVOMKV`P\_^^\Z\aa	9	28:G>A
SOLEXA7_00060:6:1:30:1193#0/1	+	chr8	55003791	CGGGCGTGGTGGTGCATGCCTGTAATCCTAGCTCCTCGGGAGGCTGAGGC	aa\Z\^^_\P`VKMOVMU`YX]VX[MO\UROOM_PBBBBBBBBBBBBBBB	9	33:A>C
SOLEXA7_00060:6:1:30:1193#0/1	-	chr6	20336701	GCCTCAGCCTCCCGAGGAGCTAGGATTACAGGCATGCACCACCACGCCCG	BBBBBBBBBBBBBBBP_MOORU\OM[XV]XY`UMVOMKV`P\_^^\Z\aa	9	33:T>G
SOLEXA7_00060:6:1:30:1193#0/1	-	chr22	29891008	GCCTCAGCCTCCCGAGGAGCTAGGATTACAGGCATGCACCACCACGCCCG	BBBBBBBBBBBBBBBP_MOORU\OM[XV]XY`UMVOMKV`P\_^^\Z\aa	9	49:A>G
SOLEXA7_00060:6:1:30:1193#0/1	+	chr11	17136326	CGGGCGTGGTGGTGCATGCCTGTAATCCTAGCTCCTCGGGAGGCTGAGGC	aa\Z\^^_\P`VKMOVMU`YX]VX[MO\UROOM_PBBBBBBBBBBBBBBB	9	28:C>T,33:A>C
SOLEXA7_00060:6:1:30:1193#0/1	+	chr1	40126671	CGGGCGTGGTGGTGCATGCCTGTAATCCTAGCTCCTCGGGAGGCTGAGGC	aa\Z\^^_\P`VKMOVMU`YX]VX[MO\UROOM_PBBBBBBBBBBBBBBB	9	28:C>T,33:A>C
SOLEXA7_00060:6:1:30:1193#0/1	+	chr12	119233396	CGGGCGTGGTGGTGCATGCCTGTAATCCTAGCTCCTCGGGAGGCTGAGGC	aa\Z\^^_\P`VKMOVMU`YX]VX[MO\UROOM_PBBBBBBBBBBBBBBB	9	28:C>T,33:A>C
SOLEXA7_00060:6:1:30:1193#0/1	+	chr5	177453644	CGGGCGTGGTGGTGCATGCCTGTAATCCTAGCTCCTCGGGAGGCTGAGGC	aa\Z\^^_\P`VKMOVMU`YX]VX[MO\UROOM_PBBBBBBBBBBBBBBB	9	28:C>T,33:A>C
SOLEXA7_00060:6:1:30:749#0/1	+	chr15	94361574	CGGGAGGCAGCGGTTGCAGTTAGCCGAGATCCCGCCACTGCACTCCAGCC	a_SX\[\[[RGVQJ[TUY\XX_YZBBBBBBBBBBBBBBBBBBBBBBBBBB	6	10:A>C,31:A>C
SOLEXA7_00060:6:1:30:749#0/1	+	chr8	135837160	CGGGAGGCAGCGGTTGCAGTTAGCCGAGATCCCGCCACTGCACTCCAGCC	a_SX\[\[[RGVQJ[TUY\XX_YZBBBBBBBBBBBBBBBBBBBBBBBBBB	6	10:A>C,31:A>C
SOLEXA7_00060:6:1:30:749#0/1	-	chrX	371434	GGCTGGAGTGCAGTGGCGGGATCTCGGCTAACTGCAACCGCTGCCTCCCG	BBBBBBBBBBBBBBBBBBBBBBBBBBZY_XX\YUT[JQVGR[[\[\XS_a	6	10:T>G,31:C>G
SOLEXA7_00060:6:1:30:749#0/1	-	chrY	371434	GGCTGGAGTGCAGTGGCGGGATCTCGGCTAACTGCAACCGCTGCCTCCCG	BBBBBBBBBBBBBBBBBBBBBBBBBBZY_XX\YUT[JQVGR[[\[\XS_a	6	10:T>G,31:C>G
SOLEXA7_00060:6:1:30:749#0/1	+	chr17	26563777	CGGGAGGCAGCGGTTGCAGTTAGCCGAGATCCCGCCACTGCACTCCAGCC	a_SX\[\[[RGVQJ[TUY\XX_YZBBBBBBBBBBBBBBBBBBBBBBBBBB	6	10:A>C,31:G>C
SOLEXA7_00060:6:1:30:749#0/1	-	chr13	89232310	GGCTGGAGTGCAGTGGCGGGATCTCGGCTAACTGCAACCGCTGCCTCCCG	BBBBBBBBBBBBBBBBBBBBBBBBBBZY_XX\YUT[JQVGR[[\[\XS_a	6	20:C>A,31:C>G
SOLEXA7_00060:6:1:30:749#0/1	+	chr3	178833412	CGGGAGGCAGCGGTTGCAGTTAGCCGAGATCCCGCCACTGCACTCCAGCC	a_SX\[\[[RGVQJ[TUY\XX_YZBBBBBBBBBBBBBBBBBBBBBBBBBB	6	20:G>T,31:A>C
SOLEXA7_00060:6:1:30:670#0/1	+	chr19	55155901	CGGGGGTAGGAGAGGTTGCAAGACACGATGACACACAGGCCCTCCGGCAC	a_^ZJVZXQ[YMGYI]a[]KWTOO]YT\WTZWYYYXVBBBBBBBBBBBBB	1	
SOLEXA7_00060:6:1:30:670#0/1	-	chr19	55164933	GTGCCGGAGGGCCTGTGTGTCATCGTGTCTTGCAACCTCTCCTACCCCCG	BBBBBBBBBBBBBVXYYYWZTW\TY]OOTWK][a]IYGMY[QXZVJZ^_a	1	
SOLEXA7_00060:6:1:30:1258#0/1	-	chr7	98851244	AGATGCTGGCGTTACGGCTAGACCAAGGAGCCCTCTGGTGGCCCTGTCCG	BBBBBBBBBBBBBBBBBBBBBBBBBBB]Q\JOYGOWY_\_]G\[^X]_`a	9	34:C>G
SOLEXA7_00060:6:1:30:1258#0/1	-	chr10	11577099	AGATGCTGGCGTTACGGCTAGACCAAGGAGCCCTCTGGTGGCCCTGTCCG	BBBBBBBBBBBBBBBBBBBBBBBBBBB]Q\JOYGOWY_\_]G\[^X]_`a	9	34:C>G
SOLEXA7_00060:6:1:30:1258#0/1	+	chr7	102100532	CGGACAGGGCCACCAGAGGGCTCCTTGGTCTAGCCGTAACGCCAGCATCT	a`_]X^[\G]_\_YWOGYOJ\Q]BBBBBBBBBBBBBBBBBBBBBBBBBBB	9	34:G>C
SOLEXA7_00060:6:1:30:1258#0/1	+	chr7	101907573	CGGACAGGGCCACCAGAGGGCTCCTTGGTCTAGCCGTAACGCCAGCATCT	a`_]X^[\G]_\_YWOGYOJ\Q]BBBBBBBBBBBBBBBBBBBBBBBBBBB	9	34:G>C
SOLEXA7_00060:6:1:30:1258#0/1	+	chr7	102001325	CGGACAGGGCCACCAGAGGGCTCCTTGGTCTAGCCGTAACGCCAGCATCT	a`_]X^[\G]_\_YWOGYOJ\Q]BBBBBBBBBBBBBBBBBBBBBBBBBBB	9	34:G>C
SOLEXA7_00060:6:1:30:1258#0/1	+	chr7	44026477	CGGACAGGGCCACCAGAGGGCTCCTTGGTCTAGCCGTAACGCCAGCATCT	a`_]X^[\G]_\_YWOGYOJ\Q]BBBBBBBBBBBBBBBBBBBBBBBBBBB	9	34:A>C
SOLEXA7_00060:6:1:30:1258#0/1	+	chr9	32138708	CGGACAGGGCCACCAGAGGGCTCCTTGGTCTAGCCGTAACGCCAGCATCT	a`_]X^[\G]_\_YWOGYOJ\Q]BBBBBBBBBBBBBBBBBBBBBBBBBBB	9	34:G>C,40:A>G
SOLEXA7_00060:6:1:30:1258#0/1	+	chr10	11874933	CGGACAGGGCCACCAGAGGGCTCCTTGGTCTAGCCGTAACGCCAGCATCT	a`_]X^[\G]_\_YWOGYOJ\Q]BBBBBBBBBBBBBBBBBBBBBBBBBBB	9	34:G>C,40:A>G
SOLEXA7_00060:6:1:30:1258#0/1	+	chr19	12684005	CGGACAGGGCCACCAGAGGGCTCCTTGGTCTAGCCGTAACGCCAGCATCT	a`_]X^[\G]_\_YWOGYOJ\Q]BBBBBBBBBBBBBBBBBBBBBBBBBBB	9	34:G>C,37:G>A
SOLEXA7_00060:6:1:30:1258#0/1	+	chr13	113323968	CGGACAGGGCCACCAGAGGGCTCCTTGGTCTAGCCGTAACGCCAGCATCT	a`_]X^[\G]_\_YWOGYOJ\Q]BBBBBBBBBBBBBBBBBBBBBBBBBBB	9	34:G>C,46:G>A
SOLEXA7_00060:6:1:31:1573#0/1	+	chr19	2554308	CGCCTCGGCCTCCCAAAGTGCTAGGATTACAGGCGTGAGCCGCCGTGCCC	a`a`\`SX^]Z]^SVNPSSPSSSSQKPRQRPSRSOMONQSRQBBBBBBBB	9	
SOLEXA7_00060:6:1:31:1573#0/1	-	chrX	77226499	GGGCACGGCGGCTCACGCCTGTAATCCTAGCACTTTGGGAGGCCGAGGCG	BBBBBBBBQRSQNOMOSRSPRQRPKQSSSSPSSPNVS^]Z]^XS`\`a`a	9	41:T>C
SOLEXA7_00060:6:1:31:1573#0/1	-	chr7	135289952	GGGCACGGCGGCTCACGCCTGTAATCCTAGCACTTTGGGAGGCCGAGGCG	BBBBBBBBQRSQNOMOSRSPRQRPKQSSSSPSSPNVS^]Z]^XS`\`a`a	9	41:T>C
SOLEXA7_00060:6:1:31:1573#0/1	-	chrX	24565401	GGGCACGGCGGCTCACGCCTGTAATCCTAGCACTTTGGGAGGCCGAGGCG	BBBBBBBBQRSQNOMOSRSPRQRPKQSSSSPSSPNVS^]Z]^XS`\`a`a	9	41:T>C
SOLEXA7_00060:6:1:31:1573#0/1	-	chr6	154584421	GGGCACGGCGGCTCACGCCTGTAATCCTAGCACTTTGGGAGGCCGAGGCG	BBBBBBBBQRSQNOMOSRSPRQRPKQSSSSPSSPNVS^]Z]^XS`\`a`a	9	41:T>C
SOLEXA7_00060:6:1:31:1573#0/1	-	chr18	72129539	GGGCACGGCGGCTCACGCCTGTAATCCTAGCACTTTGGGAGGCCGAGGCG	BBBBBBBBQRSQNOMOSRSPRQRPKQSSSSPSSPNVS^]Z]^XS`\`a`a	9	41:T>C
SOLEXA7_00060:6:1:31:1573#0/1	-	chr12	117537039	GGGCACGGCGGCTCACGCCTGTAATCCTAGCACTTTGGGAGGCCGAGGCG	BBBBBBBBQRSQNOMOSRSPRQRPKQSSSSPSSPNVS^]Z]^XS`\`a`a	9	41:T>C
SOLEXA7_00060:6:1:31:1573#0/1	-	chr8	131121976	GGGCACGGCGGCTCACGCCTGTAATCCTAGCACTTTGGGAGGCCGAGGCG	BBBBBBBBQRSQNOMOSRSPRQRPKQSSSSPSSPNVS^]Z]^XS`\`a`a	9	41:T>C
SOLEXA7_00060:6:1:31:1573#0/1	-	chr5	76101320	GGGCACGGCGGCTCACGCCTGTAATCCTAGCACTTTGGGAGGCCGAGGCG	BBBBBBBBQRSQNOMOSRSPRQRPKQSSSSPSSPNVS^]Z]^XS`\`a`a	9	41:T>C
SOLEXA7_00060:6:1:31:1573#0/1	-	chr12	109302864	GGGCACGGCGGCTCACGCCTGTAATCCTAGCACTTTGGGAGGCCGAGGCG	BBBBBBBBQRSQNOMOSRSPRQRPKQSSSSPSSPNVS^]Z]^XS`\`a`a	9	41:T>C
SOLEXA7_00060:6:1:31:1535#0/1	+	chr12	51417862	AGCCATCCCATTACTGGGTATATACTCAAAGGATTATAAATCATGCTGCT	aY]][YZZ_WZ][[XMTYOPSSTN[[W[XYVSFQWMSVVBBBBBBBBBBB	9	
SOLEXA7_00060:6:1:31:1535#0/1	+	chr12	104169347	AGCCATCCCATTACTGGGTATATACTCAAAGGATTATAAATCATGCTGCT	aY]][YZZ_WZ][[XMTYOPSSTN[[W[XYVSFQWMSVVBBBBBBBBBBB	9	
SOLEXA7_00060:6:1:31:1535#0/1	+	chr7	156185480	AGCCATCCCATTACTGGGTATATACTCAAAGGATTATAAATCATGCTGCT	aY]][YZZ_WZ][[XMTYOPSSTN[[W[XYVSFQWMSVVBBBBBBBBBBB	9	
SOLEXA7_00060:6:1:31:1535#0/1	+	chr17	50992623	AGCCATCCCATTACTGGGTATATACTCAAAGGATTATAAATCATGCTGCT	aY]][YZZ_WZ][[XMTYOPSSTN[[W[XYVSFQWMSVVBBBBBBBBBBB	9	
SOLEXA7_00060:6:1:31:1535#0/1	+	chrY	15294935	AGCCATCCCATTACTGGGTATATACTCAAAGGATTATAAATCATGCTGCT	aY]][YZZ_WZ][[XMTYOPSSTN[[W[XYVSFQWMSVVBBBBBBBBBBB	9	
SOLEXA7_00060:6:1:31:1535#0/1	+	chr11	76303370	AGCCATCCCATTACTGGGTATATACTCAAAGGATTATAAATCATGCTGCT	aY]][YZZ_WZ][[XMTYOPSSTN[[W[XYVSFQWMSVVBBBBBBBBBBB	9	
SOLEXA7_00060:6:1:31:1535#0/1	+	chrX	87129989	AGCCATCCCATTACTGGGTATATACTCAAAGGATTATAAATCATGCTGCT	aY]][YZZ_WZ][[XMTYOPSSTN[[W[XYVSFQWMSVVBBBBBBBBBBB	9	
SOLEXA7_00060:6:1:31:1535#0/1	+	chr5	164777751	AGCCATCCCATTACTGGGTATATACTCAAAGGATTATAAATCATGCTGCT	aY]][YZZ_WZ][[XMTYOPSSTN[[W[XYVSFQWMSVVBBBBBBBBBBB	9	
SOLEXA7_00060:6:1:31:1535#0/1	+	chrX	63702421	AGCCATCCCATTACTGGGTATATACTCAAAGGATTATAAATCATGCTGCT	aY]][YZZ_WZ][[XMTYOPSSTN[[W[XYVSFQWMSVVBBBBBBBBBBB	9	
SOLEXA7_00060:6:1:31:1535#0/1	+	chr5	118968527	AGCCATCCCATTACTGGGTATATACTCAAAGGATTATAAATCATGCTGCT	aY]][YZZ_WZ][[XMTYOPSSTN[[W[XYVSFQWMSVVBBBBBBBBBBB	9	
SOLEXA7_00060:6:1:31:741#0/1	+	chrY	17491945	AAAAAAAAAAAAAAAAAAAAAAAAAAAAAAAAAAAGAAAAAAAAAAAAAA	BBBBBBBBBBBBBBBBBBBBBBBBBBBBBBBBBBBBBBBBBBBBBBBBBB	9	43:G>A
SOLEXA7_00060:6:1:31:741#0/1	+	chr17	37851689	AAAAAAAAAAAAAAAAAAAAAAAAAAAAAAAAAAAGAAAAAAAAAAAAAA	BBBBBBBBBBBBBBBBBBBBBBBBBBBBBBBBBBBBBBBBBBBBBBBBBB	9	41:G>A
SOLEXA7_00060:6:1:31:741#0/1	+	chrX	52732738	AAAAAAAAAAAAAAAAAAAAAAAAAAAAAAAAAAAGAAAAAAAAAAAAAA	BBBBBBBBBBBBBBBBBBBBBBBBBBBBBBBBBBBBBBBBBBBBBBBBBB	9	41:G>A
SOLEXA7_00060:6:1:31:741#0/1	+	chr13	94452973	AAAAAAAAAAAAAAAAAAAAAAAAAAAAAAAAAAAGAAAAAAAAAAAAAA	BBBBBBBBBBBBBBBBBBBBBBBBBBBBBBBBBBBBBBBBBBBBBBBBBB	9	41:G>A
SOLEXA7_00060:6:1:31:741#0/1	+	chr3	96888595	AAAAAAAAAAAAAAAAAAAAAAAAAAAAAAAAAAAGAAAAAAAAAAAAAA	BBBBBBBBBBBBBBBBBBBBBBBBBBBBBBBBBBBBBBBBBBBBBBBBBB	9	35:A>G
SOLEXA7_00060:6:1:31:741#0/1	+	chr13	90506714	AAAAAAAAAAAAAAAAAAAAAAAAAAAAAAAAAAAGAAAAAAAAAAAAAA	BBBBBBBBBBBBBBBBBBBBBBBBBBBBBBBBBBBBBBBBBBBBBBBBBB	9	35:A>G
SOLEXA7_00060:6:1:31:741#0/1	+	chr5	128052309	AAAAAAAAAAAAAAAAAAAAAAAAAAAAAAAAAAAGAAAAAAAAAAAAAA	BBBBBBBBBBBBBBBBBBBBBBBBBBBBBBBBBBBBBBBBBBBBBBBBBB	9	35:A>G
SOLEXA7_00060:6:1:31:741#0/1	+	chr7	39818624	AAAAAAAAAAAAAAAAAAAAAAAAAAAAAAAAAAAGAAAAAAAAAAAAAA	BBBBBBBBBBBBBBBBBBBBBBBBBBBBBBBBBBBBBBBBBBBBBBBBBB	9	35:A>G
SOLEXA7_00060:6:1:31:741#0/1	+	chr19	47032187	AAAAAAAAAAAAAAAAAAAAAAAAAAAAAAAAAAAGAAAAAAAAAAAAAA	BBBBBBBBBBBBBBBBBBBBBBBBBBBBBBBBBBBBBBBBBBBBBBBBBB	9	35:A>G
SOLEXA7_00060:6:1:31:741#0/1	+	chr2	236251290	AAAAAAAAAAAAAAAAAAAAAAAAAAAAAAAAAAAGAAAAAAAAAAAAAA	BBBBBBBBBBBBBBBBBBBBBBBBBBBBBBBBBBBBBBBBBBBBBBBBBB	9	35:A>G
SOLEXA7_00060:6:1:32:1222#0/1	-	chr2	132728426	TTACGACTTTTACTTCCTCTAGATAGTCAAGTTCGACCGTCTTCTCAGCG	YVOVXLOT]ZYU]TRT]]\[^`__aa`^_^a`^^`]^_a`_a__`_aaaa	1	12:T>C
SOLEXA7_00060:6:1:32:1222#0/1	+	chr16	33871777	CGCTGAGAAGACGGTCGAACTTGACTATCTAGAGGAAGTAAAAGTCGTAA	aaaa_`__a_`a_^]`^^`a^_^`aa__`^[\]]TRT]UYZ]TOLXVOVY	1	12:A>G,43:T>G
SOLEXA7_00060:6:1:32:1155#0/1	-	chrX	125434134	AAAACACTCTTTACGCCGGCTTCTATTGACTTGGGTTAATCGTGTGACCG	YVVHRFW___`TS``U^X`P_a^][aaa^a]^\bYW_[ababa``ZSaaa	3	30:T>C
SOLEXA7_00060:6:1:32:1155#0/1	-	chr5	79983342	AAAACACTCTTTACGCCGGCTTCTATTGACTTGGGTTAATCGTGTGACCG	YVVHRFW___`TS``U^X`P_a^][aaa^a]^\bYW_[ababa``ZSaaa	3	30:T>C
SOLEXA7_00060:6:1:32:1155#0/1	+	chr2	227295238	CGGTCACACGATTAACCCAAGTCAATAGAAGCCGGCGTAAAGAGTGTTTT	aaaSZ``ababa[_WYb\^]a^aaa[]^a_P`X^U``ST`___WFRHVVY	3	30:A>G
SOLEXA7_00060:6:1:32:1155#0/1	-	chr11	10488031	AAAACACTCTTTACGCCGGCTTCTATTGACTTGGGTTAATCGTGTGACCG	YVVHRFW___`TS``U^X`P_a^][aaa^a]^\bYW_[ababa``ZSaaa	3	30:T>C,36:T>C
SOLEXA7_00060:6:1:33:291#0/1	+	chr1	557102	CGGAAAAAAAGAACCATTTGGATACATAGGTATGGTCTGAGCTATGATAT	a_\OOP\P]Z^SH\^HY[ZaYPQT_[US`BBBBBBBBBBBBBBBBBBBBB	1	0:G>C
SOLEXA7_00060:6:1:33:291#0/1	+	chr11	72899400	CGGAAAAAAAGAACCATTTGGATACATAGGTATGGTCTGAGCTATGATAT	a_\OOP\P]Z^SH\^HY[ZaYPQT_[US`BBBBBBBBBBBBBBBBBBBBB	1	24:T>C
SOLEXA7_00060:6:1:33:1553#0/1	+	chrX	58583973	CGGTCCAAATCTCCACTTGCAGATCCTACAAAAAGAGTGTCTGCAAACTG	aaa^aaaaa```a___`^[YV_UY^`YX_`^ZX[RS]N]VYVTSNSQJRY	9	24:T>C,40:T>C
SOLEXA7_00060:6:1:33:1553#0/1	+	chrX	58592201	CGGTCCAAATCTCCACTTGCAGATCCTACAAAAAGAGTGTCTGCAAACTG	aaa^aaaaa```a___`^[YV_UY^`YX_`^ZX[RS]N]VYVTSNSQJRY	9	24:T>C,40:T>C
SOLEXA7_00060:6:1:33:1553#0/1	+	chrX	58588087	CGGTCCAAATCTCCACTTGCAGATCCTACAAAAAGAGTGTCTGCAAACTG	aaa^aaaaa```a___`^[YV_UY^`YX_`^ZX[RS]N]VYVTSNSQJRY	9	24:T>C,40:T>C
SOLEXA7_00060:6:1:33:1553#0/1	+	chrX	61634240	CGGTCCAAATCTCCACTTGCAGATCCTACAAAAAGAGTGTCTGCAAACTG	aaa^aaaaa```a___`^[YV_UY^`YX_`^ZX[RS]N]VYVTSNSQJRY	9	24:T>C,40:T>C
SOLEXA7_00060:6:1:33:1553#0/1	+	chrX	61630126	CGGTCCAAATCTCCACTTGCAGATCCTACAAAAAGAGTGTCTGCAAACTG	aaa^aaaaa```a___`^[YV_UY^`YX_`^ZX[RS]N]VYVTSNSQJRY	9	24:T>C,40:T>C
SOLEXA7_00060:6:1:33:1553#0/1	+	chrX	61613671	CGGTCCAAATCTCCACTTGCAGATCCTACAAAAAGAGTGTCTGCAAACTG	aaa^aaaaa```a___`^[YV_UY^`YX_`^ZX[RS]N]VYVTSNSQJRY	9	24:T>C,40:T>C
SOLEXA7_00060:6:1:33:1553#0/1	+	chrX	61617785	CGGTCCAAATCTCCACTTGCAGATCCTACAAAAAGAGTGTCTGCAAACTG	aaa^aaaaa```a___`^[YV_UY^`YX_`^ZX[RS]N]VYVTSNSQJRY	9	24:T>C,40:T>C
SOLEXA7_00060:6:1:33:1553#0/1	+	chrX	61615728	CGGTCCAAATCTCCACTTGCAGATCCTACAAAAAGAGTGTCTGCAAACTG	aaa^aaaaa```a___`^[YV_UY^`YX_`^ZX[RS]N]VYVTSNSQJRY	9	24:T>C,40:T>C
SOLEXA7_00060:6:1:33:1553#0/1	+	chrX	58596315	CGGTCCAAATCTCCACTTGCAGATCCTACAAAAAGAGTGTCTGCAAACTG	aaa^aaaaa```a___`^[YV_UY^`YX_`^ZX[RS]N]VYVTSNSQJRY	9	24:T>C,40:T>C
SOLEXA7_00060:6:1:33:1553#0/1	+	chrX	58590144	CGGTCCAAATCTCCACTTGCAGATCCTACAAAAAGAGTGTCTGCAAACTG	aaa^aaaaa```a___`^[YV_UY^`YX_`^ZX[RS]N]VYVTSNSQJRY	9	24:T>C,40:T>C
SOLEXA7_00060:6:1:33:952#0/1	-	chr10	69315947	GTCCGCCTCGGCCGCCCAAAGTGCTGGGATTACAGGCGTGAGCCACCGCG	BBBBWRUPUX]UQYWPUZZV]`\W]``a[U_\Z]aaXa``]aa[][\a`a	9	
SOLEXA7_00060:6:1:33:952#0/1	-	chr8	86053546	GTCCGCCTCGGCCGCCCAAAGTGCTGGGATTACAGGCGTGAGCCACCGCG	BBBBWRUPUX]UQYWPUZZV]`\W]``a[U_\Z]aaXa``]aa[][\a`a	9	36:T>G
SOLEXA7_00060:6:1:33:952#0/1	-	chr1	16426580	GTCCGCCTCGGCCGCCCAAAGTGCTGGGATTACAGGCGTGAGCCACCGCG	BBBBWRUPUX]UQYWPUZZV]`\W]``a[U_\Z]aaXa``]aa[][\a`a	9	36:T>G
SOLEXA7_00060:6:1:33:952#0/1	-	chr5	23247534	GTCCGCCTCGGCCGCCCAAAGTGCTGGGATTACAGGCGTGAGCCACCGCG	BBBBWRUPUX]UQYWPUZZV]`\W]``a[U_\Z]aaXa``]aa[][\a`a	9	36:T>G
SOLEXA7_00060:6:1:33:952#0/1	-	chr3	195263164	GTCCGCCTCGGCCGCCCAAAGTGCTGGGATTACAGGCGTGAGCCACCGCG	BBBBWRUPUX]UQYWPUZZV]`\W]``a[U_\Z]aaXa``]aa[][\a`a	9	36:T>G
SOLEXA7_00060:6:1:33:952#0/1	-	chr2	32358224	GTCCGCCTCGGCCGCCCAAAGTGCTGGGATTACAGGCGTGAGCCACCGCG	BBBBWRUPUX]UQYWPUZZV]`\W]``a[U_\Z]aaXa``]aa[][\a`a	9	36:T>G
SOLEXA7_00060:6:1:33:952#0/1	-	chr9	39065007	GTCCGCCTCGGCCGCCCAAAGTGCTGGGATTACAGGCGTGAGCCACCGCG	BBBBWRUPUX]UQYWPUZZV]`\W]``a[U_\Z]aaXa``]aa[][\a`a	9	36:T>G
SOLEXA7_00060:6:1:33:952#0/1	-	chr1	233752217	GTCCGCCTCGGCCGCCCAAAGTGCTGGGATTACAGGCGTGAGCCACCGCG	BBBBWRUPUX]UQYWPUZZV]`\W]``a[U_\Z]aaXa``]aa[][\a`a	9	36:T>G
SOLEXA7_00060:6:1:33:952#0/1	-	chr18	308222	GTCCGCCTCGGCCGCCCAAAGTGCTGGGATTACAGGCGTGAGCCACCGCG	BBBBWRUPUX]UQYWPUZZV]`\W]``a[U_\Z]aaXa``]aa[][\a`a	9	36:T>G
SOLEXA7_00060:6:1:33:952#0/1	-	chr2	210385271	GTCCGCCTCGGCCGCCCAAAGTGCTGGGATTACAGGCGTGAGCCACCGCG	BBBBWRUPUX]UQYWPUZZV]`\W]``a[U_\Z]aaXa``]aa[][\a`a	9	36:T>G
SOLEXA7_00060:6:1:33:1384#0/1	+	chr10	73262703	CGGGAGGCGGAGGTTGCAGTGAGCCAAGATCGTGCCACTGCACTCCAGCC	aaa``\YaZ]`a`X\U\X]QYVY`_[_Y\X^XRZ`a\\WU]\]\^\NIT\	9	
SOLEXA7_00060:6:1:33:1384#0/1	+	chr6	26434265	CGGGAGGCGGAGGTTGCAGTGAGCCAAGATCGTGCCACTGCACTCCAGCC	aaa``\YaZ]`a`X\U\X]QYVY`_[_Y\X^XRZ`a\\WU]\]\^\NIT\	9	
SOLEXA7_00060:6:1:33:1384#0/1	+	chr19	11543150	CGGGAGGCGGAGGTTGCAGTGAGCCAAGATCGTGCCACTGCACTCCAGCC	aaa``\YaZ]`a`X\U\X]QYVY`_[_Y\X^XRZ`a\\WU]\]\^\NIT\	9	
SOLEXA7_00060:6:1:33:1384#0/1	+	chr9	93675614	CGGGAGGCGGAGGTTGCAGTGAGCCAAGATCGTGCCACTGCACTCCAGCC	aaa``\YaZ]`a`X\U\X]QYVY`_[_Y\X^XRZ`a\\WU]\]\^\NIT\	9	
SOLEXA7_00060:6:1:33:1384#0/1	+	chr6	44188661	CGGGAGGCGGAGGTTGCAGTGAGCCAAGATCGTGCCACTGCACTCCAGCC	aaa``\YaZ]`a`X\U\X]QYVY`_[_Y\X^XRZ`a\\WU]\]\^\NIT\	9	
SOLEXA7_00060:6:1:33:1384#0/1	+	chr7	73076697	CGGGAGGCGGAGGTTGCAGTGAGCCAAGATCGTGCCACTGCACTCCAGCC	aaa``\YaZ]`a`X\U\X]QYVY`_[_Y\X^XRZ`a\\WU]\]\^\NIT\	9	
SOLEXA7_00060:6:1:33:1384#0/1	+	chr5	77166151	CGGGAGGCGGAGGTTGCAGTGAGCCAAGATCGTGCCACTGCACTCCAGCC	aaa``\YaZ]`a`X\U\X]QYVY`_[_Y\X^XRZ`a\\WU]\]\^\NIT\	9	
SOLEXA7_00060:6:1:33:1384#0/1	+	chr2	203182064	CGGGAGGCGGAGGTTGCAGTGAGCCAAGATCGTGCCACTGCACTCCAGCC	aaa``\YaZ]`a`X\U\X]QYVY`_[_Y\X^XRZ`a\\WU]\]\^\NIT\	9	
SOLEXA7_00060:6:1:33:1384#0/1	+	chr21	10033966	CGGGAGGCGGAGGTTGCAGTGAGCCAAGATCGTGCCACTGCACTCCAGCC	aaa``\YaZ]`a`X\U\X]QYVY`_[_Y\X^XRZ`a\\WU]\]\^\NIT\	9	
SOLEXA7_00060:6:1:33:1384#0/1	+	chr17	27642388	CGGGAGGCGGAGGTTGCAGTGAGCCAAGATCGTGCCACTGCACTCCAGCC	aaa``\YaZ]`a`X\U\X]QYVY`_[_Y\X^XRZ`a\\WU]\]\^\NIT\	9	
SOLEXA7_00060:6:1:33:1816#0/1	+	chr11	10486489	CGGGGTAAGATTTGCCGAGTTCCTTTTACTTTTTTTAACCTTTCCTTATG	abaa[QRFQYNV]T^]PKRXTUBBBBBBBBBBBBBBBBBBBBBBBBBBBB	3	47:G>A
SOLEXA7_00060:6:1:33:1816#0/1	+	chr3	97818947	CGGGGTAAGATTTGCCGAGTTCCTTTTACTTTTTTTAACCTTTCCTTATG	abaa[QRFQYNV]T^]PKRXTUBBBBBBBBBBBBBBBBBBBBBBBBBBBB	3	47:G>A
SOLEXA7_00060:6:1:33:1816#0/1	-	chr6	62342001	CATAAGGAAAGGTTAAAAAAAGTAAAAGGAACTCGGCAAATCTTACCCCG	BBBBBBBBBBBBBBBBBBBBBBBBBBBBUTXRKP]^T]VNYQFRQ[aaba	3	47:C>T
SOLEXA7_00060:6:1:33:1816#0/1	-	chr7	45258119	CATAAGGAAAGGTTAAAAAAAGTAAAAGGAACTCGGCAAATCTTACCCCG	BBBBBBBBBBBBBBBBBBBBBBBBBBBBUTXRKP]^T]VNYQFRQ[aaba	3	49:T>C
SOLEXA7_00060:6:1:33:819#0/1	+	chr14	23508680	CGGTGGGGAATAGAGAAAGGCCCTGCAAGGTACCCAGGCCCACAAACAAA	abbUL^`_\_U^U_W_\UZZ_^VVYZR^VYE\X`RMVZBBBBBBBBBBBB	2	
SOLEXA7_00060:6:1:33:819#0/1	+	chr14	23545809	CGGTGGGGAATAGAGAAAGGCCCTGCAAGGTACCCAGGCCCACAAACAAA	abbUL^`_\_U^U_W_\UZZ_^VVYZR^VYE\X`RMVZBBBBBBBBBBBB	2	
SOLEXA7_00060:6:1:33:819#0/1	+	chr14	23590761	CGGTGGGGAATAGAGAAAGGCCCTGCAAGGTACCCAGGCCCACAAACAAA	abbUL^`_\_U^U_W_\UZZ_^VVYZR^VYE\X`RMVZBBBBBBBBBBBB	2	31:G>A,35:G>A
SOLEXA7_00060:6:1:34:1492#0/1	+	chr4	187642445	CGGNTTCAAGCAATTCTCCTGCCTCAGCCTCCCAAGTAGCTGGGATTACA	aa\DT^]`aa`a]]```aaZ`a`[_]_^`^\\^]S_SYXXLRW\[ZNVWV	9	3:G>N
SOLEXA7_00060:6:1:34:1492#0/1	+	chr4	56284085	CGGNTTCAAGCAATTCTCCTGCCTCAGCCTCCCAAGTAGCTGGGATTACA	aa\DT^]`aa`a]]```aaZ`a`[_]_^`^\\^]S_SYXXLRW\[ZNVWV	9	3:G>N
SOLEXA7_00060:6:1:34:1492#0/1	+	chrX	118461531	CGGNTTCAAGCAATTCTCCTGCCTCAGCCTCCCAAGTAGCTGGGATTACA	aa\DT^]`aa`a]]```aaZ`a`[_]_^`^\\^]S_SYXXLRW\[ZNVWV	9	3:G>N
SOLEXA7_00060:6:1:34:1492#0/1	+	chr22	35258118	CGGNTTCAAGCAATTCTCCTGCCTCAGCCTCCCAAGTAGCTGGGATTACA	aa\DT^]`aa`a]]```aaZ`a`[_]_^`^\\^]S_SYXXLRW\[ZNVWV	9	3:G>N
SOLEXA7_00060:6:1:34:1492#0/1	+	chr5	126147707	CGGNTTCAAGCAATTCTCCTGCCTCAGCCTCCCAAGTAGCTGGGATTACA	aa\DT^]`aa`a]]```aaZ`a`[_]_^`^\\^]S_SYXXLRW\[ZNVWV	9	3:G>N
SOLEXA7_00060:6:1:34:1492#0/1	+	chr7	98133546	CGGNTTCAAGCAATTCTCCTGCCTCAGCCTCCCAAGTAGCTGGGATTACA	aa\DT^]`aa`a]]```aaZ`a`[_]_^`^\\^]S_SYXXLRW\[ZNVWV	9	3:G>N
SOLEXA7_00060:6:1:34:1492#0/1	+	chr14	50172269	CGGNTTCAAGCAATTCTCCTGCCTCAGCCTCCCAAGTAGCTGGGATTACA	aa\DT^]`aa`a]]```aaZ`a`[_]_^`^\\^]S_SYXXLRW\[ZNVWV	9	3:G>N
SOLEXA7_00060:6:1:34:1492#0/1	+	chr2	233816321	CGGNTTCAAGCAATTCTCCTGCCTCAGCCTCCCAAGTAGCTGGGATTACA	aa\DT^]`aa`a]]```aaZ`a`[_]_^`^\\^]S_SYXXLRW\[ZNVWV	9	3:G>N
SOLEXA7_00060:6:1:34:1492#0/1	+	chr15	47000915	CGGNTTCAAGCAATTCTCCTGCCTCAGCCTCCCAAGTAGCTGGGATTACA	aa\DT^]`aa`a]]```aaZ`a`[_]_^`^\\^]S_SYXXLRW\[ZNVWV	9	3:G>N
SOLEXA7_00060:6:1:34:1492#0/1	+	chr6	158931575	CGGNTTCAAGCAATTCTCCTGCCTCAGCCTCCCAAGTAGCTGGGATTACA	aa\DT^]`aa`a]]```aaZ`a`[_]_^`^\\^]S_SYXXLRW\[ZNVWV	9	3:G>N
SOLEXA7_00060:6:1:34:872#0/1	+	chr4	48970467	AAAAAAAAAAAAAAAAAAAAATAAAAAAAAAAAATCAAAAAAAAAAAAAA	BBBBBBBBBBBBBBBBBBBBBBBBBBBBBBBBBBBBBBBBBBBBBBBBBB	1	21:A>T,34:A>T
SOLEXA7_00060:6:1:34:872#0/1	+	chr5	132473380	AAAAAAAAAAAAAAAAAAAAATAAAAAAAAAAAATCAAAAAAAAAAAAAA	BBBBBBBBBBBBBBBBBBBBBBBBBBBBBBBBBBBBBBBBBBBBBBBBBB	1	0:C>A,34:G>T
SOLEXA7_00060:6:1:36:1304#0/1	+	chr19	45756056	CGCGCCACTGCACTCCAGCCTGGGCGACAGAGTGAGACTCCATCTCAAAA	aaa`abbabaabbabaa`aaa```aaaa`^`^T`]`^a^^\]\_^^]\_`	9	
SOLEXA7_00060:6:1:36:1304#0/1	+	chr17	59798605	CGCGCCACTGCACTCCAGCCTGGGCGACAGAGTGAGACTCCATCTCAAAA	aaa`abbabaabbabaa`aaa```aaaa`^`^T`]`^a^^\]\_^^]\_`	9	
SOLEXA7_00060:6:1:36:1304#0/1	+	chr8	55713504	CGCGCCACTGCACTCCAGCCTGGGCGACAGAGTGAGACTCCATCTCAAAA	aaa`abbabaabbabaa`aaa```aaaa`^`^T`]`^a^^\]\_^^]\_`	9	
SOLEXA7_00060:6:1:36:1304#0/1	+	chr17	7796668	CGCGCCACTGCACTCCAGCCTGGGCGACAGAGTGAGACTCCATCTCAAAA	aaa`abbabaabbabaa`aaa```aaaa`^`^T`]`^a^^\]\_^^]\_`	9	
SOLEXA7_00060:6:1:36:1304#0/1	+	chr5	63524208	CGCGCCACTGCACTCCAGCCTGGGCGACAGAGTGAGACTCCATCTCAAAA	aaa`abbabaabbabaa`aaa```aaaa`^`^T`]`^a^^\]\_^^]\_`	9	
SOLEXA7_00060:6:1:36:1304#0/1	+	chr3	44639684	CGCGCCACTGCACTCCAGCCTGGGCGACAGAGTGAGACTCCATCTCAAAA	aaa`abbabaabbabaa`aaa```aaaa`^`^T`]`^a^^\]\_^^]\_`	9	
SOLEXA7_00060:6:1:36:1304#0/1	+	chr17	62607409	CGCGCCACTGCACTCCAGCCTGGGCGACAGAGTGAGACTCCATCTCAAAA	aaa`abbabaabbabaa`aaa```aaaa`^`^T`]`^a^^\]\_^^]\_`	9	
SOLEXA7_00060:6:1:36:1304#0/1	+	chr15	29238075	CGCGCCACTGCACTCCAGCCTGGGCGACAGAGTGAGACTCCATCTCAAAA	aaa`abbabaabbabaa`aaa```aaaa`^`^T`]`^a^^\]\_^^]\_`	9	
SOLEXA7_00060:6:1:36:1304#0/1	+	chrX	9706084	CGCGCCACTGCACTCCAGCCTGGGCGACAGAGTGAGACTCCATCTCAAAA	aaa`abbabaabbabaa`aaa```aaaa`^`^T`]`^a^^\]\_^^]\_`	9	
SOLEXA7_00060:6:1:36:1304#0/1	+	chr6	109793728	CGCGCCACTGCACTCCAGCCTGGGCGACAGAGTGAGACTCCATCTCAAAA	aaa`abbabaabbabaa`aaa```aaaa`^`^T`]`^a^^\]\_^^]\_`	9	
SOLEXA7_00060:6:1:36:852#0/1	+	chr1	557102	CGGAAAAAAAGAACCATTTGGATACATAGGTATGGTCTGAGCTATGATAT	ababbbbbbbabbbbbbaaaaaaabba``^U^aa[`aaa^]a```__^Z_	1	0:G>C
SOLEXA7_00060:6:1:36:852#0/1	+	chr11	72899400	CGGAAAAAAAGAACCATTTGGATACATAGGTATGGTCTGAGCTATGATAT	ababbbbbbbabbbbbbaaaaaaabba``^U^aa[`aaa^]a```__^Z_	1	24:T>C
SOLEXA7_00060:6:1:36:1405#0/1	+	chr19	46008961	CGGGGCCTCACTGTTTCCGCGTGTGAAGCGTTCGAAGACTGCCATGGACC	a_PXVZ]]`]`]^\XX`a\a]XXRZ]XRZBBBBBBBBBBBBBBBBBBBBB	1	
SOLEXA7_00060:6:1:36:1405#0/1	-	chr19	46333294	GGTCCATGGCAGTCTTCGAACGCTTCACACGCGGAAACAGTGAGGCCCCG	BBBBBBBBBBBBBBBBBBBBBZRX]ZRXX]a\a`XX\^]`]`]]ZVXP_a	1	
SOLEXA7_00060:6:1:36:1177#0/1	+	chrX	22587204	CGGACCTAATAGACATCTACAGAACTCTCCACCCCACATCAACAGAATAT	a`][X[TWT[XTT^_V[UIY`[GP^VXQ^QN]]YBBBBBBBBBBBBBBBB	9	
SOLEXA7_00060:6:1:36:1177#0/1	+	chr10	782532	CGGACCTAATAGACATCTACAGAACTCTCCACCCCACATCAACAGAATAT	a`][X[TWT[XTT^_V[UIY`[GP^VXQ^QN]]YBBBBBBBBBBBBBBBB	9	
SOLEXA7_00060:6:1:36:1177#0/1	-	chr10	23998819	ATATTCTGTTGATGTGGGGTGGAGAGTTCTGTAGATGTCTATTAGGTCCG	BBBBBBBBBBBBBBBBY]]NQ^QXV^PG[`YIU[V_^TTX[TWT[X[]`a	9	
SOLEXA7_00060:6:1:36:1177#0/1	-	chr8	138119859	ATATTCTGTTGATGTGGGGTGGAGAGTTCTGTAGATGTCTATTAGGTCCG	BBBBBBBBBBBBBBBBY]]NQ^QXV^PG[`YIU[V_^TTX[TWT[X[]`a	9	
SOLEXA7_00060:6:1:36:1177#0/1	-	chr4	64499858	ATATTCTGTTGATGTGGGGTGGAGAGTTCTGTAGATGTCTATTAGGTCCG	BBBBBBBBBBBBBBBBY]]NQ^QXV^PG[`YIU[V_^TTX[TWT[X[]`a	9	
SOLEXA7_00060:6:1:36:1177#0/1	-	chr5	127114173	ATATTCTGTTGATGTGGGGTGGAGAGTTCTGTAGATGTCTATTAGGTCCG	BBBBBBBBBBBBBBBBY]]NQ^QXV^PG[`YIU[V_^TTX[TWT[X[]`a	9	36:T>G
SOLEXA7_00060:6:1:36:1177#0/1	-	chr17	12297417	ATATTCTGTTGATGTGGGGTGGAGAGTTCTGTAGATGTCTATTAGGTCCG	BBBBBBBBBBBBBBBBY]]NQ^QXV^PG[`YIU[V_^TTX[TWT[X[]`a	9	36:T>G
SOLEXA7_00060:6:1:36:1177#0/1	-	chr11	23279756	ATATTCTGTTGATGTGGGGTGGAGAGTTCTGTAGATGTCTATTAGGTCCG	BBBBBBBBBBBBBBBBY]]NQ^QXV^PG[`YIU[V_^TTX[TWT[X[]`a	9	36:T>G
SOLEXA7_00060:6:1:36:1177#0/1	-	chr13	52569294	ATATTCTGTTGATGTGGGGTGGAGAGTTCTGTAGATGTCTATTAGGTCCG	BBBBBBBBBBBBBBBBY]]NQ^QXV^PG[`YIU[V_^TTX[TWT[X[]`a	9	36:T>G
SOLEXA7_00060:6:1:36:1177#0/1	-	chr2	236960513	ATATTCTGTTGATGTGGGGTGGAGAGTTCTGTAGATGTCTATTAGGTCCG	BBBBBBBBBBBBBBBBY]]NQ^QXV^PG[`YIU[V_^TTX[TWT[X[]`a	9	36:T>G
SOLEXA7_00060:6:1:37:391#0/1	-	chr7	4372207	CCATGTTGACCAGGGTGGTCTCAAACTCCTGACCTCAGGTGATCTGCCCG	BBBBBBBBBQQWPXXNRUWPQPXYSYZSS^YTXNUXRYYV_]WW^VTDRa	9	
SOLEXA7_00060:6:1:37:391#0/1	-	chr19	16674914	CCATGTTGACCAGGGTGGTCTCAAACTCCTGACCTCAGGTGATCTGCCCG	BBBBBBBBBQQWPXXNRUWPQPXYSYZSS^YTXNUXRYYV_]WW^VTDRa	9	35:C>G
SOLEXA7_00060:6:1:37:391#0/1	-	chr1	198400825	CCATGTTGACCAGGGTGGTCTCAAACTCCTGACCTCAGGTGATCTGCCCG	BBBBBBBBBQQWPXXNRUWPQPXYSYZSS^YTXNUXRYYV_]WW^VTDRa	9	35:C>G
SOLEXA7_00060:6:1:37:391#0/1	-	chr19	51674160	CCATGTTGACCAGGGTGGTCTCAAACTCCTGACCTCAGGTGATCTGCCCG	BBBBBBBBBQQWPXXNRUWPQPXYSYZSS^YTXNUXRYYV_]WW^VTDRa	9	35:C>G
SOLEXA7_00060:6:1:37:391#0/1	-	chr2	101490712	CCATGTTGACCAGGGTGGTCTCAAACTCCTGACCTCAGGTGATCTGCCCG	BBBBBBBBBQQWPXXNRUWPQPXYSYZSS^YTXNUXRYYV_]WW^VTDRa	9	35:C>G
SOLEXA7_00060:6:1:37:391#0/1	-	chr20	40929933	CCATGTTGACCAGGGTGGTCTCAAACTCCTGACCTCAGGTGATCTGCCCG	BBBBBBBBBQQWPXXNRUWPQPXYSYZSS^YTXNUXRYYV_]WW^VTDRa	9	35:C>G
SOLEXA7_00060:6:1:37:391#0/1	-	chr1	159992467	CCATGTTGACCAGGGTGGTCTCAAACTCCTGACCTCAGGTGATCTGCCCG	BBBBBBBBBQQWPXXNRUWPQPXYSYZSS^YTXNUXRYYV_]WW^VTDRa	9	35:C>G
SOLEXA7_00060:6:1:37:391#0/1	-	chr7	2937944	CCATGTTGACCAGGGTGGTCTCAAACTCCTGACCTCAGGTGATCTGCCCG	BBBBBBBBBQQWPXXNRUWPQPXYSYZSS^YTXNUXRYYV_]WW^VTDRa	9	35:C>G
SOLEXA7_00060:6:1:37:391#0/1	-	chr2	26130624	CCATGTTGACCAGGGTGGTCTCAAACTCCTGACCTCAGGTGATCTGCCCG	BBBBBBBBBQQWPXXNRUWPQPXYSYZSS^YTXNUXRYYV_]WW^VTDRa	9	35:C>G
SOLEXA7_00060:6:1:37:391#0/1	-	chr5	37336880	CCATGTTGACCAGGGTGGTCTCAAACTCCTGACCTCAGGTGATCTGCCCG	BBBBBBBBBQQWPXXNRUWPQPXYSYZSS^YTXNUXRYYV_]WW^VTDRa	9	35:C>G
SOLEXA7_00060:6:1:37:889#0/1	-	chr18	74643102	GAGGTGACCGGGGAGTGAGGGGAGCCCTCTGCTCATCACAGAGGTGTCCG	BBBBBBBBBBBBBBBBBBBBTXTRRQV]T]UG][`_Z_\_`_Z__Q_PZ`	1	34:G>T,35:T>G
SOLEXA7_00060:6:1:37:889#0/1	-	chr18	74643380	GAGGTGACCGGGGAGTGAGGGGAGCCCTCTGCTCATCACAGAGGTGTCCG	BBBBBBBBBBBBBBBBBBBBTXTRRQV]T]UG][`_Z_\_`_Z__Q_PZ`	1	34:G>T,35:T>G
SOLEXA7_00060:6:1:37:1541#0/1	+	chrX	126762849	CAAGCAAAAAGAGTCCAGGACCAGATGGATTCACAGCCGAATTCTACCAG	aaa`___a``X^]X`^_^^^]^Y]\X^]SXXX]_X]X]TKRWU]WRWRVW	9	
SOLEXA7_00060:6:1:37:1541#0/1	+	chr1	66722573	CAAGCAAAAAGAGTCCAGGACCAGATGGATTCACAGCCGAATTCTACCAG	aaa`___a``X^]X`^_^^^]^Y]\X^]SXXX]_X]X]TKRWU]WRWRVW	9	
SOLEXA7_00060:6:1:37:1541#0/1	-	chr3	136229352	CTGGTAGAATTCGGCTGTGAATCCATCTGGTCCTGGACTCTTTTTGCTTG	WVRWRW]UWRKT]X]X_]XXXS]^X\]Y^]^^^_^`X]^X``a___`aaa	9	
SOLEXA7_00060:6:1:37:1541#0/1	-	chrX	75462188	CTGGTAGAATTCGGCTGTGAATCCATCTGGTCCTGGACTCTTTTTGCTTG	WVRWRW]UWRKT]X]X_]XXXS]^X\]Y^]^^^_^`X]^X``a___`aaa	9	
SOLEXA7_00060:6:1:37:1541#0/1	-	chr10	10640600	CTGGTAGAATTCGGCTGTGAATCCATCTGGTCCTGGACTCTTTTTGCTTG	WVRWRW]UWRKT]X]X_]XXXS]^X\]Y^]^^^_^`X]^X``a___`aaa	9	
SOLEXA7_00060:6:1:37:1541#0/1	-	chr11	99413506	CTGGTAGAATTCGGCTGTGAATCCATCTGGTCCTGGACTCTTTTTGCTTG	WVRWRW]UWRKT]X]X_]XXXS]^X\]Y^]^^^_^`X]^X``a___`aaa	9	
SOLEXA7_00060:6:1:37:1541#0/1	-	chr14	79288264	CTGGTAGAATTCGGCTGTGAATCCATCTGGTCCTGGACTCTTTTTGCTTG	WVRWRW]UWRKT]X]X_]XXXS]^X\]Y^]^^^_^`X]^X``a___`aaa	9	
SOLEXA7_00060:6:1:37:1541#0/1	-	chr3	100937281	CTGGTAGAATTCGGCTGTGAATCCATCTGGTCCTGGACTCTTTTTGCTTG	WVRWRW]UWRKT]X]X_]XXXS]^X\]Y^]^^^_^`X]^X``a___`aaa	9	
SOLEXA7_00060:6:1:37:1541#0/1	-	chr12	93402213	CTGGTAGAATTCGGCTGTGAATCCATCTGGTCCTGGACTCTTTTTGCTTG	WVRWRW]UWRKT]X]X_]XXXS]^X\]Y^]^^^_^`X]^X``a___`aaa	9	
SOLEXA7_00060:6:1:37:1541#0/1	+	chr10	38107964	CAAGCAAAAAGAGTCCAGGACCAGATGGATTCACAGCCGAATTCTACCAG	aaa`___a``X^]X`^_^^^]^Y]\X^]SXXX]_X]X]TKRWU]WRWRVW	9	38:A>G
SOLEXA7_00060:6:1:38:1557#0/1	+	chr1	235833025	CGGGAGTAACTATGACTCTCTTAAGGTAGCCAAATGCCTCGTCATCTAAT	aa`[]^]aabaa`^`a_`aa```_``Qa`Y`^[[YVY`TXPR\^WZSY[Y	2	39:A>C
SOLEXA7_00060:6:1:38:1557#0/1	+	chr11	77275217	CGGGAGTAACTATGACTCTCTTAAGGTAGCCAAATGCCTCGTCATCTAAT	aa`[]^]aabaa`^`a_`aa```_``Qa`Y`^[[YVY`TXPR\^WZSY[Y	2	39:T>C
SOLEXA7_00060:6:1:38:1557#0/1	+	chr7	68165415	CGGGAGTAACTATGACTCTCTTAAGGTAGCCAAATGCCTCGTCATCTAAT	aa`[]^]aabaa`^`a_`aa```_``Qa`Y`^[[YVY`TXPR\^WZSY[Y	2	30:T>C,39:T>C
SOLEXA7_00060:6:1:39:1220#0/1	+	chr7	82495690	TGCTCAAGGAAATAAAAGAGGATACAAACAAATGGAAGAACATTCCATGC	abbaab_aaaaaaab`a`a``^aaaa]Z_aa][ZSSZ[_][]YSY\YXRY	9	
SOLEXA7_00060:6:1:39:1220#0/1	+	chr2	72540323	TGCTCAAGGAAATAAAAGAGGATACAAACAAATGGAAGAACATTCCATGC	abbaab_aaaaaaab`a`a``^aaaa]Z_aa][ZSSZ[_][]YSY\YXRY	9	
SOLEXA7_00060:6:1:39:1220#0/1	+	chr15	69174044	TGCTCAAGGAAATAAAAGAGGATACAAACAAATGGAAGAACATTCCATGC	abbaab_aaaaaaab`a`a``^aaaa]Z_aa][ZSSZ[_][]YSY\YXRY	9	
SOLEXA7_00060:6:1:39:1220#0/1	+	chr4	17787914	TGCTCAAGGAAATAAAAGAGGATACAAACAAATGGAAGAACATTCCATGC	abbaab_aaaaaaab`a`a``^aaaa]Z_aa][ZSSZ[_][]YSY\YXRY	9	
SOLEXA7_00060:6:1:39:1220#0/1	+	chr3	79080831	TGCTCAAGGAAATAAAAGAGGATACAAACAAATGGAAGAACATTCCATGC	abbaab_aaaaaaab`a`a``^aaaa]Z_aa][ZSSZ[_][]YSY\YXRY	9	
SOLEXA7_00060:6:1:39:1220#0/1	+	chr11	97811283	TGCTCAAGGAAATAAAAGAGGATACAAACAAATGGAAGAACATTCCATGC	abbaab_aaaaaaab`a`a``^aaaa]Z_aa][ZSSZ[_][]YSY\YXRY	9	
SOLEXA7_00060:6:1:39:1220#0/1	+	chr1	186060581	TGCTCAAGGAAATAAAAGAGGATACAAACAAATGGAAGAACATTCCATGC	abbaab_aaaaaaab`a`a``^aaaa]Z_aa][ZSSZ[_][]YSY\YXRY	9	
SOLEXA7_00060:6:1:39:1220#0/1	+	chr5	100810118	TGCTCAAGGAAATAAAAGAGGATACAAACAAATGGAAGAACATTCCATGC	abbaab_aaaaaaab`a`a``^aaaa]Z_aa][ZSSZ[_][]YSY\YXRY	9	
SOLEXA7_00060:6:1:39:1220#0/1	+	chr4	141653279	TGCTCAAGGAAATAAAAGAGGATACAAACAAATGGAAGAACATTCCATGC	abbaab_aaaaaaab`a`a``^aaaa]Z_aa][ZSSZ[_][]YSY\YXRY	9	
SOLEXA7_00060:6:1:39:1220#0/1	+	chr4	141659499	TGCTCAAGGAAATAAAAGAGGATACAAACAAATGGAAGAACATTCCATGC	abbaab_aaaaaaab`a`a``^aaaa]Z_aa][ZSSZ[_][]YSY\YXRY	9	
SOLEXA7_00060:6:1:39:1438#0/1	+	chr2	20573775	GCCTGGGTGACAGAGCGAGACCCTGTCTCAAAAAACAAACAAACAAACAA	_abaa`UH[ab]]Yabb][a[`aTSZa[^\]VRT[bUFX_RGHTY[T^^Q	9	
SOLEXA7_00060:6:1:39:1438#0/1	+	chr2	200083152	GCCTGGGTGACAGAGCGAGACCCTGTCTCAAAAAACAAACAAACAAACAA	_abaa`UH[ab]]Yabb][a[`aTSZa[^\]VRT[bUFX_RGHTY[T^^Q	9	
SOLEXA7_00060:6:1:39:1438#0/1	+	chr13	91566472	GCCTGGGTGACAGAGCGAGACCCTGTCTCAAAAAACAAACAAACAAACAA	_abaa`UH[ab]]Yabb][a[`aTSZa[^\]VRT[bUFX_RGHTY[T^^Q	9	
SOLEXA7_00060:6:1:39:1438#0/1	-	chr10	112268485	TTGTTTGTTTGTTTGTTTTTTGAGACAGGGTCTCGCTCTGTCACCCAGGC	Q^^T[YTHGR_XFUb[TRV]\^[aZSTa`[a[]bbaY]]ba[HU`aaba_	9	
SOLEXA7_00060:6:1:39:1438#0/1	-	chr18	1275496	TTGTTTGTTTGTTTGTTTTTTGAGACAGGGTCTCGCTCTGTCACCCAGGC	Q^^T[YTHGR_XFUb[TRV]\^[aZSTa`[a[]bbaY]]ba[HU`aaba_	9	
SOLEXA7_00060:6:1:39:1438#0/1	-	chr19	14388495	TTGTTTGTTTGTTTGTTTTTTGAGACAGGGTCTCGCTCTGTCACCCAGGC	Q^^T[YTHGR_XFUb[TRV]\^[aZSTa`[a[]bbaY]]ba[HU`aaba_	9	39:T>G
SOLEXA7_00060:6:1:39:1438#0/1	-	chr6	41793921	TTGTTTGTTTGTTTGTTTTTTGAGACAGGGTCTCGCTCTGTCACCCAGGC	Q^^T[YTHGR_XFUb[TRV]\^[aZSTa`[a[]bbaY]]ba[HU`aaba_	9	29:G>T
SOLEXA7_00060:6:1:39:1438#0/1	-	chr6	137901002	TTGTTTGTTTGTTTGTTTTTTGAGACAGGGTCTCGCTCTGTCACCCAGGC	Q^^T[YTHGR_XFUb[TRV]\^[aZSTa`[a[]bbaY]]ba[HU`aaba_	9	28:A>G
SOLEXA7_00060:6:1:39:1438#0/1	+	chr19	8672679	GCCTGGGTGACAGAGCGAGACCCTGTCTCAAAAAACAAACAAACAAACAA	_abaa`UH[ab]]Yabb][a[`aTSZa[^\]VRT[bUFX_RGHTY[T^^Q	9	31:G>A,32:G>A
SOLEXA7_00060:6:1:39:1438#0/1	-	chr16	23247614	TTGTTTGTTTGTTTGTTTTTTGAGACAGGGTCTCGCTCTGTCACCCAGGC	Q^^T[YTHGR_XFUb[TRV]\^[aZSTa`[a[]bbaY]]ba[HU`aaba_	9	47:T>G,49:G>T
SOLEXA7_00060:6:1:39:1290#0/1	+	chr11	71130959	CGGTATACTGGGATAGATGAGGATGGTCACGTGGTGGGGAGGCGTGTTTT	a`^[aa`bbaabaab`aaaa`a``aaW`a`_Za_Wa__YY^ZMULV[`[[	9	
SOLEXA7_00060:6:1:39:1290#0/1	-	chr3	131349562	AAAACACGCCTCCCCACCACGTGACCATCCTCATCTATCCCAGTATACCG	[[`[VLUMZ^YY__aW_aZ_`a`Waa``a`aaaa`baabaabb`aa[^`a	9	
SOLEXA7_00060:6:1:39:1290#0/1	-	chr13	40896665	AAAACACGCCTCCCCACCACGTGACCATCCTCATCTATCCCAGTATACCG	[[`[VLUMZ^YY__aW_aZ_`a`Waa``a`aaaa`baabaabb`aa[^`a	9	37:T>C
SOLEXA7_00060:6:1:39:1290#0/1	-	chr9	92561256	AAAACACGCCTCCCCACCACGTGACCATCCTCATCTATCCCAGTATACCG	[[`[VLUMZ^YY__aW_aZ_`a`Waa``a`aaaa`baabaabb`aa[^`a	9	37:T>C
SOLEXA7_00060:6:1:39:1290#0/1	+	chr2	159447008	CGGTATACTGGGATAGATGAGGATGGTCACGTGGTGGGGAGGCGTGTTTT	a`^[aa`bbaabaab`aaaa`a``aaW`a`_Za_Wa__YY^ZMULV[`[[	9	37:A>G
SOLEXA7_00060:6:1:39:1290#0/1	+	chr2	71101100	CGGTATACTGGGATAGATGAGGATGGTCACGTGGTGGGGAGGCGTGTTTT	a`^[aa`bbaabaab`aaaa`a``aaW`a`_Za_Wa__YY^ZMULV[`[[	9	37:A>G
SOLEXA7_00060:6:1:39:1290#0/1	+	chr9	92025807	CGGTATACTGGGATAGATGAGGATGGTCACGTGGTGGGGAGGCGTGTTTT	a`^[aa`bbaabaab`aaaa`a``aaW`a`_Za_Wa__YY^ZMULV[`[[	9	37:A>G,42:T>C
SOLEXA7_00060:6:1:39:1290#0/1	+	chr4	147668126	CGGTATACTGGGATAGATGAGGATGGTCACGTGGTGGGGAGGCGTGTTTT	a`^[aa`bbaabaab`aaaa`a``aaW`a`_Za_Wa__YY^ZMULV[`[[	9	30:A>G,37:A>G
SOLEXA7_00060:6:1:39:1290#0/1	+	chr2	71127589	CGGTATACTGGGATAGATGAGGATGGTCACGTGGTGGGGAGGCGTGTTTT	a`^[aa`bbaabaab`aaaa`a``aaW`a`_Za_Wa__YY^ZMULV[`[[	9	30:T>G,37:A>G
SOLEXA7_00060:6:1:39:1290#0/1	-	chr11	67254798	AAAACACGCCTCCCCACCACGTGACCATCCTCATCTATCCCAGTATACCG	[[`[VLUMZ^YY__aW_aZ_`a`Waa``a`aaaa`baabaabb`aa[^`a	9	37:T>C,40:T>C
SOLEXA7_00060:6:1:39:896#0/1	-	chr4	48846525	TTCCATTGCAATCGAGTTGATTCCATTCCATTCCATTCCATTCCGTTCCG	BBBBBBBBBBBBBBBBMVZTTSSTXQQTURVQSZ[[XT_`_`aa`a]`aa	1	39:C>A
SOLEXA7_00060:6:1:39:896#0/1	-	chr4	48841509	TTCCATTGCAATCGAGTTGATTCCATTCCATTCCATTCCATTCCGTTCCG	BBBBBBBBBBBBBBBBMVZTTSSTXQQTURVQSZ[[XT_`_`aa`a]`aa	1	39:C>A,42:C>G
SOLEXA7_00060:6:1:41:1752#0/1	-	chr7	56333408	TCCCGCCCCAGCCTCCCAAAGTGCTGGGATTACAGGCGTGAGCCATGGCG	BBBBBBBBBBBBBBBBBBBRPPRRPPQZS\SSXNX]\`\\^`_]``aaaa	9	
SOLEXA7_00060:6:1:41:1752#0/1	-	chr2	76271147	TCCCGCCCCAGCCTCCCAAAGTGCTGGGATTACAGGCGTGAGCCATGGCG	BBBBBBBBBBBBBBBBBBBRPPRRPPQZS\SSXNX]\`\\^`_]``aaaa	9	42:T>C
SOLEXA7_00060:6:1:41:1752#0/1	+	chr3	12881285	CGCCATGGCTCACGCCTGTAATCCCAGCACTTTGGGAGGCTGGGGCGGGA	aaaa``]_`^\\`\]XNXSS\SZQPPRRPPRBBBBBBBBBBBBBBBBBBB	9	42:A>G,49:C>A
SOLEXA7_00060:6:1:41:1752#0/1	+	chr6	76461897	CGCCATGGCTCACGCCTGTAATCCCAGCACTTTGGGAGGCTGGGGCGGGA	aaaa``]_`^\\`\]XNXSS\SZQPPRRPPRBBBBBBBBBBBBBBBBBBB	9	42:A>G,49:C>A
SOLEXA7_00060:6:1:41:1752#0/1	+	chr12	62634450	CGCCATGGCTCACGCCTGTAATCCCAGCACTTTGGGAGGCTGGGGCGGGA	aaaa``]_`^\\`\]XNXSS\SZQPPRRPPRBBBBBBBBBBBBBBBBBBB	9	42:A>G,49:T>A
SOLEXA7_00060:6:1:41:1752#0/1	+	chr17	39606007	CGCCATGGCTCACGCCTGTAATCCCAGCACTTTGGGAGGCTGGGGCGGGA	aaaa``]_`^\\`\]XNXSS\SZQPPRRPPRBBBBBBBBBBBBBBBBBBB	9	42:A>G,49:T>A
SOLEXA7_00060:6:1:41:1752#0/1	+	chr18	4927038	CGCCATGGCTCACGCCTGTAATCCCAGCACTTTGGGAGGCTGGGGCGGGA	aaaa``]_`^\\`\]XNXSS\SZQPPRRPPRBBBBBBBBBBBBBBBBBBB	9	40:C>T,42:A>G
SOLEXA7_00060:6:1:41:1752#0/1	-	chr10	17043959	TCCCGCCCCAGCCTCCCAAAGTGCTGGGATTACAGGCGTGAGCCATGGCG	BBBBBBBBBBBBBBBBBBBRPPRRPPQZS\SSXNX]\`\\^`_]``aaaa	9	42:T>C,49:G>T
SOLEXA7_00060:6:1:41:1752#0/1	-	chr9	39104324	TCCCGCCCCAGCCTCCCAAAGTGCTGGGATTACAGGCGTGAGCCATGGCG	BBBBBBBBBBBBBBBBBBBRPPRRPPQZS\SSXNX]\`\\^`_]``aaaa	9	42:T>C,49:G>T
SOLEXA7_00060:6:1:41:1752#0/1	-	chr16	29561717	TCCCGCCCCAGCCTCCCAAAGTGCTGGGATTACAGGCGTGAGCCATGGCG	BBBBBBBBBBBBBBBBBBBRPPRRPPQZS\SSXNX]\`\\^`_]``aaaa	9	42:T>C,49:G>T
SOLEXA7_00060:6:1:41:1164#0/1	+	chr1	226740757	CGGGACGCGGAGGTTGCAGCGAGCCGAGATCGCGCCACTGCACTCAAGCC	Z_``_a_aa```aZ__a]TR\V[]]X[T[W]Y_]`aa_\U[GZGXNTFY]	2	19:T>C
SOLEXA7_00060:6:1:41:1164#0/1	+	chr1	226737466	CGGGACGCGGAGGTTGCAGCGAGCCGAGATCGCGCCACTGCACTCAAGCC	Z_``_a_aa```aZ__a]TR\V[]]X[T[W]Y_]`aa_\U[GZGXNTFY]	2	5:A>C,45:C>A
SOLEXA7_00060:6:1:41:1164#0/1	+	chr16	85712702	CGGGACGCGGAGGTTGCAGCGAGCCGAGATCGCGCCACTGCACTCAAGCC	Z_``_a_aa```aZ__a]TR\V[]]X[T[W]Y_]`aa_\U[GZGXNTFY]	2	5:A>C,45:C>A
SOLEXA7_00060:6:1:41:1371#0/1	+	chr4	49001912	CGTGGTTGGAGAGTAGCTGGGACAGACTGGAGGGTCCGTAAGGGCTGGGG	a`]a`\a`a]a`\\a`````\\``^^]^^]U]]]FYWLPQPPWUPMJO^\	9	
SOLEXA7_00060:6:1:41:1371#0/1	+	chr4	48983314	CGTGGTTGGAGAGTAGCTGGGACAGACTGGAGGGTCCGTAAGGGCTGGGG	a`]a`\a`a]a`\\a`````\\``^^]^^]U]]]FYWLPQPPWUPMJO^\	9	
SOLEXA7_00060:6:1:41:1371#0/1	+	chr4	48977292	CGTGGTTGGAGAGTAGCTGGGACAGACTGGAGGGTCCGTAAGGGCTGGGG	a`]a`\a`a]a`\\a`````\\``^^]^^]U]]]FYWLPQPPWUPMJO^\	9	
SOLEXA7_00060:6:1:41:1371#0/1	+	chr1	142121983	CGTGGTTGGAGAGTAGCTGGGACAGACTGGAGGGTCCGTAAGGGCTGGGG	a`]a`\a`a]a`\\a`````\\``^^]^^]U]]]FYWLPQPPWUPMJO^\	9	
SOLEXA7_00060:6:1:41:1371#0/1	+	chr4	48995632	CGTGGTTGGAGAGTAGCTGGGACAGACTGGAGGGTCCGTAAGGGCTGGGG	a`]a`\a`a]a`\\a`````\\``^^]^^]U]]]FYWLPQPPWUPMJO^\	9	
SOLEXA7_00060:6:1:41:1371#0/1	+	chr4	48989477	CGTGGTTGGAGAGTAGCTGGGACAGACTGGAGGGTCCGTAAGGGCTGGGG	a`]a`\a`a]a`\\a`````\\``^^]^^]U]]]FYWLPQPPWUPMJO^\	9	
SOLEXA7_00060:6:1:41:1371#0/1	-	chr4	49026468	CCCCAGCCCTTACGGACCCTCCAGTCTGTCCCAGCTACTCTCCAACCACG	\^OJMPUWPPQPLWYF]]]U]^^]^^``\\`````a\\`a]a`a\`a]`a	9	
SOLEXA7_00060:6:1:41:1371#0/1	-	chr4	49007261	CCCCAGCCCTTACGGACCCTCCAGTCTGTCCCAGCTACTCTCCAACCACG	\^OJMPUWPPQPLWYF]]]U]^^]^^``\\`````a\\`a]a`a\`a]`a	9	
SOLEXA7_00060:6:1:41:1371#0/1	-	chr4	49211080	CCCCAGCCCTTACGGACCCTCCAGTCTGTCCCAGCTACTCTCCAACCACG	\^OJMPUWPPQPLWYF]]]U]^^]^^``\\`````a\\`a]a`a\`a]`a	9	
SOLEXA7_00060:6:1:41:1371#0/1	-	chr4	49019423	CCCCAGCCCTTACGGACCCTCCAGTCTGTCCCAGCTACTCTCCAACCACG	\^OJMPUWPPQPLWYF]]]U]^^]^^``\\`````a\\`a]a`a\`a]`a	9	28:T>C
SOLEXA7_00060:6:1:42:1570#0/1	-	chr9	44010687	GCAGCGACCTCTGTTCTTCAGGCCTATCCCTTTCTATTCCTCTGACCCCG	_a`^`a^`^a^aaa^[baaaa`\`baaa]aaaaaaaa`ababbb^a`]^a	1	28:C>G,45:T>C
SOLEXA7_00060:6:1:42:1570#0/1	+	chr9	42406040	CGGGGTCAGAGGAATAGAAAGGGATAGGCCTGAAGAACAGAGGTCGCTGC	a^]`a^bbbaba`aaaaaaaa]aaab`\`aaaab[^aaa^a^`^a`^`a_	1	28:G>C,45:A>G
SOLEXA7_00060:6:1:43:1463#0/1	+	chr16	33617393	CGGGTCACCAGGGGGCACTGTCCTGCCAATGTTGGGCAGGAGGTACTCCA	aa`^Pa\]\QZY\S]ZPXX^S\\TZWOVNOVBBBBBBBBBBBBBBBBBBB	1	48:A>C
SOLEXA7_00060:6:1:43:1463#0/1	-	chr16	32865157	TGGAGTACCTCCTGCCCAACATTGGCAGGACAGTGCCCCCTGGTGACCCG	BBBBBBBBBBBBBBBBBBBVONVOWZT\\S^XXPZ]S\YZQ\]\aP^`aa	1	48:T>G
SOLEXA7_00060:6:1:43:769#0/1	-	chr4	49010947	GAGCTCACAGCACGCAGGGAAACACTTACATTTGCCGTTGTATTTTAGCG	``aZ]]\]`]`]^`bZaaaa`^b\aba`bb_\aaaabbabbbbbbabbba	4	
SOLEXA7_00060:6:1:43:769#0/1	+	chr4	48979620	CGCTAAAATACAACGGCAAATGTAAGTGTTTCCCTGCGTGCTGTGAGCTC	abbbabbbbbbabbaaaa\_bb`aba\b^`aaaaZb`^]`]`]\]]Za``	4	36:A>C,41:C>T
SOLEXA7_00060:6:1:43:769#0/1	-	chr4	49017102	GAGCTCACAGCACGCAGGGAAACACTTACATTTGCCGTTGTATTTTAGCG	``aZ]]\]`]`]^`bZaaaa`^b\aba`bb_\aaaabbabbbbbbabbba	4	36:T>G,41:G>A
SOLEXA7_00060:6:1:43:769#0/1	-	chr4	49024140	GAGCTCACAGCACGCAGGGAAACACTTACATTTGCCGTTGTATTTTAGCG	``aZ]]\]`]`]^`bZaaaa`^b\aba`bb_\aaaabbabbbbbbabbba	4	36:T>G,41:G>A
SOLEXA7_00060:6:1:43:769#0/1	+	chr4	48985633	CGCTAAAATACAACGGCAAATGTAAGTGTTTCCCTGCGTGCTGTGAGCTC	abbbabbbbbbabbaaaa\_bb`aba\b^`aaaaZb`^]`]`]\]]Za``	4	28:C>T,36:A>C
SOLEXA7_00060:6:1:44:1067#0/1	-	chr3	97818818	CCTATTTAAGGAACAAGTGATTATGCTACCTTTGCACGGTTAGGGTACCG	BBBBBV[RXa]V]Z`V``]]_a]aa^_NN[a_a^`[Q^a]aaaba^G[]a	1	
SOLEXA7_00060:6:1:44:1067#0/1	-	chr5	79981672	CCTATTTAAGGAACAAGTGATTATGCTACCTTTGCACGGTTAGGGTACCG	BBBBBV[RXa]V]Z`V``]]_a]aa^_NN[a_a^`[Q^a]aaaba^G[]a	1	
SOLEXA7_00060:6:1:44:944#0/1	-	chrY	1546243	AAATGGCCCGGAGTTTTCGTTTCAGTTTCAGGGAGAAGTTTTCTAACCCG	VWUV]_QLVX^[^HSQV[ZN[]XYa`YJQ^a`_W_a_aaa\\D[RLXaba	1	5:G>A
SOLEXA7_00060:6:1:44:944#0/1	-	chrX	1546243	AAATGGCCCGGAGTTTTCGTTTCAGTTTCAGGGAGAAGTTTTCTAACCCG	VWUV]_QLVX^[^HSQV[ZN[]XYa`YJQ^a`_W_a_aaa\\D[RLXaba	1	5:G>A
